Archive member included to satisfy reference by file (symbol)

/opt/gcc-arm-none-eabi-10.3-2021.10/bin/../lib/gcc/arm-none-eabi/10.3.1/thumb/v7e-m+fp/softfp/libgcc.a(_aeabi_uldivmod.o)
                              build/tsb0//opt/gecko_sdk/platform/emlib/src/em_usart.o (__aeabi_uldivmod)
/opt/gcc-arm-none-eabi-10.3-2021.10/bin/../lib/gcc/arm-none-eabi/10.3.1/thumb/v7e-m+fp/softfp/libgcc.a(_udivmoddi4.o)
                              /opt/gcc-arm-none-eabi-10.3-2021.10/bin/../lib/gcc/arm-none-eabi/10.3.1/thumb/v7e-m+fp/softfp/libgcc.a(_aeabi_uldivmod.o) (__udivmoddi4)
/opt/gcc-arm-none-eabi-10.3-2021.10/bin/../lib/gcc/arm-none-eabi/10.3.1/thumb/v7e-m+fp/softfp/libgcc.a(_dvmd_tls.o)
                              /opt/gcc-arm-none-eabi-10.3-2021.10/bin/../lib/gcc/arm-none-eabi/10.3.1/thumb/v7e-m+fp/softfp/libgcc.a(_aeabi_uldivmod.o) (__aeabi_ldiv0)
/opt/gcc-arm-none-eabi-10.3-2021.10/bin/../lib/gcc/arm-none-eabi/10.3.1/../../../../arm-none-eabi/lib/thumb/v7e-m+fp/softfp/libg.a(lib_a-abs.o)
                              build/tsb0/app_main.o (abs)
/opt/gcc-arm-none-eabi-10.3-2021.10/bin/../lib/gcc/arm-none-eabi/10.3.1/../../../../arm-none-eabi/lib/thumb/v7e-m+fp/softfp/libg.a(lib_a-fflush.o)
                              build/tsb0/app_main.o (fflush)
/opt/gcc-arm-none-eabi-10.3-2021.10/bin/../lib/gcc/arm-none-eabi/10.3.1/../../../../arm-none-eabi/lib/thumb/v7e-m+fp/softfp/libg.a(lib_a-findfp.o)
                              /opt/gcc-arm-none-eabi-10.3-2021.10/bin/../lib/gcc/arm-none-eabi/10.3.1/../../../../arm-none-eabi/lib/thumb/v7e-m+fp/softfp/libg.a(lib_a-fflush.o) (__sinit)
/opt/gcc-arm-none-eabi-10.3-2021.10/bin/../lib/gcc/arm-none-eabi/10.3.1/../../../../arm-none-eabi/lib/thumb/v7e-m+fp/softfp/libg.a(lib_a-freer.o)
                              /opt/gcc-arm-none-eabi-10.3-2021.10/bin/../lib/gcc/arm-none-eabi/10.3.1/../../../../arm-none-eabi/lib/thumb/v7e-m+fp/softfp/libg.a(lib_a-fflush.o) (_free_r)
/opt/gcc-arm-none-eabi-10.3-2021.10/bin/../lib/gcc/arm-none-eabi/10.3.1/../../../../arm-none-eabi/lib/thumb/v7e-m+fp/softfp/libg.a(lib_a-fwalk.o)
                              /opt/gcc-arm-none-eabi-10.3-2021.10/bin/../lib/gcc/arm-none-eabi/10.3.1/../../../../arm-none-eabi/lib/thumb/v7e-m+fp/softfp/libg.a(lib_a-findfp.o) (_fwalk)
/opt/gcc-arm-none-eabi-10.3-2021.10/bin/../lib/gcc/arm-none-eabi/10.3.1/../../../../arm-none-eabi/lib/thumb/v7e-m+fp/softfp/libg.a(lib_a-fwrite.o)
                              build/tsb0/app_main.o (fwrite)
/opt/gcc-arm-none-eabi-10.3-2021.10/bin/../lib/gcc/arm-none-eabi/10.3.1/../../../../arm-none-eabi/lib/thumb/v7e-m+fp/softfp/libg.a(lib_a-impure.o)
                              /opt/gcc-arm-none-eabi-10.3-2021.10/bin/../lib/gcc/arm-none-eabi/10.3.1/../../../../arm-none-eabi/lib/thumb/v7e-m+fp/softfp/libg.a(lib_a-fflush.o) (_global_impure_ptr)
/opt/gcc-arm-none-eabi-10.3-2021.10/bin/../lib/gcc/arm-none-eabi/10.3.1/../../../../arm-none-eabi/lib/thumb/v7e-m+fp/softfp/libg.a(lib_a-lock.o)
                              /opt/gcc-arm-none-eabi-10.3-2021.10/bin/../lib/gcc/arm-none-eabi/10.3.1/../../../../arm-none-eabi/lib/thumb/v7e-m+fp/softfp/libg.a(lib_a-findfp.o) (__retarget_lock_init_recursive)
/opt/gcc-arm-none-eabi-10.3-2021.10/bin/../lib/gcc/arm-none-eabi/10.3.1/../../../../arm-none-eabi/lib/thumb/v7e-m+fp/softfp/libg.a(lib_a-mallocr.o)
                              /opt/gcc-arm-none-eabi-10.3-2021.10/bin/../lib/gcc/arm-none-eabi/10.3.1/../../../../arm-none-eabi/lib/thumb/v7e-m+fp/softfp/libg.a(lib_a-findfp.o) (_malloc_r)
/opt/gcc-arm-none-eabi-10.3-2021.10/bin/../lib/gcc/arm-none-eabi/10.3.1/../../../../arm-none-eabi/lib/thumb/v7e-m+fp/softfp/libg.a(lib_a-memcpy.o)
                              build/tsb0//home/rudolf/node-apps/zoo/FreeRTOS-Kernel/stream_buffer.o (memcpy)
/opt/gcc-arm-none-eabi-10.3-2021.10/bin/../lib/gcc/arm-none-eabi/10.3.1/../../../../arm-none-eabi/lib/thumb/v7e-m+fp/softfp/libg.a(lib_a-memset.o)
                              build/tsb0/app_main.o (memset)
/opt/gcc-arm-none-eabi-10.3-2021.10/bin/../lib/gcc/arm-none-eabi/10.3.1/../../../../arm-none-eabi/lib/thumb/v7e-m+fp/softfp/libg.a(lib_a-mlock.o)
                              /opt/gcc-arm-none-eabi-10.3-2021.10/bin/../lib/gcc/arm-none-eabi/10.3.1/../../../../arm-none-eabi/lib/thumb/v7e-m+fp/softfp/libg.a(lib_a-freer.o) (__malloc_lock)
/opt/gcc-arm-none-eabi-10.3-2021.10/bin/../lib/gcc/arm-none-eabi/10.3.1/../../../../arm-none-eabi/lib/thumb/v7e-m+fp/softfp/libg.a(lib_a-sbrkr.o)
                              /opt/gcc-arm-none-eabi-10.3-2021.10/bin/../lib/gcc/arm-none-eabi/10.3.1/../../../../arm-none-eabi/lib/thumb/v7e-m+fp/softfp/libg.a(lib_a-freer.o) (_sbrk_r)
/opt/gcc-arm-none-eabi-10.3-2021.10/bin/../lib/gcc/arm-none-eabi/10.3.1/../../../../arm-none-eabi/lib/thumb/v7e-m+fp/softfp/libg.a(lib_a-setvbuf.o)
                              build/tsb0//opt/gecko_sdk/hardware/kit/common/drivers/retargetserial.o (setvbuf)
[...]
Memory Configuration

Name             Origin             Length             Attributes
FLASH            0x0000000000000000 0x0000000000100000 xr
RAM              0x0000000020000000 0x0000000000040000 xrw
*default*        0x0000000000000000 0xffffffffffffffff

Linker script and memory map

LOAD build/tsb0/app_main.o
LOAD build/tsb0/i2c_handler.o
LOAD build/tsb0/gpio_handler.o
LOAD build/tsb0/mma8653fc_driver.o
LOAD build/tsb0//home/rudolf/node-apps/zoo/FreeRTOS-Kernel/portable/GCC/ARM_CM4F/port.o
LOAD build/tsb0//home/rudolf/node-apps/zoo/FreeRTOS-Kernel/portable/MemMang/heap_5.o
LOAD build/tsb0//home/rudolf/node-apps/zoo/FreeRTOS-Kernel/stream_buffer.o
LOAD build/tsb0//home/rudolf/node-apps/zoo/FreeRTOS-Kernel/queue.o
LOAD build/tsb0//home/rudolf/node-apps/zoo/FreeRTOS-Kernel/croutine.o
LOAD build/tsb0//home/rudolf/node-apps/zoo/FreeRTOS-Kernel/list.o
LOAD build/tsb0//home/rudolf/node-apps/zoo/FreeRTOS-Kernel/event_groups.o
LOAD build/tsb0//home/rudolf/node-apps/zoo/FreeRTOS-Kernel/tasks.o
LOAD build/tsb0//home/rudolf/node-apps/zoo/FreeRTOS-Kernel/timers.o
LOAD build/tsb0//home/rudolf/node-apps/zoo/thinnect.cmsis-freertos/CMSIS-FreeRTOS/CMSIS/RTOS2/FreeRTOS/Source/cmsis_os2.o
LOAD build/tsb0//opt/gecko_sdk/hardware/kit/common/drivers/retargetserial.o
LOAD build/tsb0//opt/gecko_sdk/hardware/kit/common/drivers/retargetio.o
LOAD build/tsb0//opt/gecko_sdk/platform/emlib/src/em_system.o
LOAD build/tsb0//opt/gecko_sdk/platform/emlib/src/em_core.o
LOAD build/tsb0//opt/gecko_sdk/platform/emlib/src/em_emu.o
LOAD build/tsb0//opt/gecko_sdk/platform/emlib/src/em_cmu.o
LOAD build/tsb0//opt/gecko_sdk/platform/emlib/src/em_rmu.o
LOAD build/tsb0//opt/gecko_sdk/platform/emlib/src/em_gpio.o
LOAD build/tsb0//opt/gecko_sdk/platform/emlib/src/em_usart.o
LOAD build/tsb0//opt/gecko_sdk/platform/emlib/src/em_msc.o
LOAD build/tsb0//opt/gecko_sdk/platform/emlib/src/em_timer.o
LOAD build/tsb0//opt/gecko_sdk/platform/emlib/src/em_i2c.o
LOAD build/tsb0//home/rudolf/node-apps/zoo/thinnect.node-platform/silabs/logger_fwrite.o
LOAD build/tsb0//home/rudolf/node-apps/zoo/thinnect.lll/logging/loggers_ext.o
LOAD build/tsb0//home/rudolf/node-apps/zoo/thinnect.device-signature/signature/DeviceSignature.o
LOAD build/tsb0//home/rudolf/node-apps/zoo/thinnect.device-signature/area/silabs/SignatureArea.o
LOAD build/tsb0//home/rudolf/node-apps/zoo/lammertb.libcrc/src/crcccitt.o
LOAD build/tsb0//opt/gecko_sdk/platform/Device/SiliconLabs/EFR32MG12P/Source/GCC/startup_efr32mg12p.o
LOAD build/tsb0//opt/gecko_sdk/platform/Device/SiliconLabs/EFR32MG12P/Source/system_efr32mg12p.o
LOAD build/tsb0//home/rudolf/node-apps/zoo/thinnect.dev-platforms/make/boards/../../src/boards/tsb0/platform.o
LOAD build/tsb0//home/rudolf/node-apps/zoo/thinnect.node-platform/silabs/platform_io.o
LOAD /opt/gcc-arm-none-eabi-10.3-2021.10/bin/../lib/gcc/arm-none-eabi/10.3.1/thumb/v7e-m+fp/softfp/libgcc.a
LOAD /opt/gcc-arm-none-eabi-10.3-2021.10/bin/../lib/gcc/arm-none-eabi/10.3.1/../../../../arm-none-eabi/lib/thumb/v7e-m+fp/softfp/libm.a
LOAD /opt/gecko_sdk/platform/CMSIS/Lib/GCC/libarm_cortexM4lf_math.a
LOAD /opt/gecko_sdk/platform/radio/rail_lib/autogen/librail_release/librail_efr32xg12_gcc_release.a

.text           0x0000000000000000     0xf1e5
 *(.vectors)
 .vectors       0x0000000000000000      0x10c build/tsb0//opt/gecko_sdk/platform/Device/SiliconLabs/EFR32MG12P/Source/GCC/startup_efr32mg12p.o
                0x0000000000000000                __Vectors
                0x000000000000010c                __Vectors_End = .
                0x000000000000010c                __Vectors_Size = (__Vectors_End - __Vectors)
                0x000000002000c610                __end__ = .
 *(.text*)
 .text.hb_loop  0x000000000000010c       0x28 build/tsb0/app_main.o
 .text.mma_data_ready_loop
                0x0000000000000134      0x26c build/tsb0/app_main.o
 .text.logger_fwrite_boot
                0x00000000000003a0       0x34 build/tsb0/app_main.o
                0x00000000000003a0                logger_fwrite_boot
 .text.main     0x00000000000003d4       0xdc build/tsb0/app_main.o
                0x00000000000003d4                main
 .text.calc_signal_energy
                0x00000000000004b0       0xf0 build/tsb0/app_main.o
                0x00000000000004b0                calc_signal_energy
 .text.i2c_init
                0x00000000000005a0       0x4c build/tsb0/i2c_handler.o
                0x00000000000005a0                i2c_init
 .text.i2c_enable
                0x00000000000005ec       0x14 build/tsb0/i2c_handler.o
                0x00000000000005ec                i2c_enable
 .text.i2c_transaction
                0x0000000000000600       0x38 build/tsb0/i2c_handler.o
                0x0000000000000600                i2c_transaction
 .text.__NVIC_EnableIRQ
                0x0000000000000638       0x3c build/tsb0/gpio_handler.o
 .text.__NVIC_SetPriority
                0x0000000000000674       0x54 build/tsb0/gpio_handler.o
 .text.BUS_RegMaskedSet
                0x00000000000006c8       0x24 build/tsb0/gpio_handler.o
 .text.BUS_RegMaskedClear
                0x00000000000006ec       0x24 build/tsb0/gpio_handler.o
 .text.BUS_RegMaskedWrite
                0x0000000000000710       0x36 build/tsb0/gpio_handler.o
 *fill*         0x0000000000000746        0x2 
 .text.GPIO_InputSenseSet
                0x0000000000000748       0x20 build/tsb0/gpio_handler.o
 .text.GPIO_IntClear
                0x0000000000000768       0x20 build/tsb0/gpio_handler.o
 .text.GPIO_IntDisable
                0x0000000000000788       0x1c build/tsb0/gpio_handler.o
 .text.GPIO_IntEnable
                0x00000000000007a4       0x1c build/tsb0/gpio_handler.o
 .text.GPIO_IntGetEnabled
                0x00000000000007c0       0x28 build/tsb0/gpio_handler.o
 .text.gpio_i2c_pin_init
                0x00000000000007e8       0x2c build/tsb0/gpio_handler.o
                0x00000000000007e8                gpio_i2c_pin_init
 .text.gpio_external_interrupt_init
                0x0000000000000814       0x5c build/tsb0/gpio_handler.o
                0x0000000000000814                gpio_external_interrupt_init
 .text.gpio_external_interrupt_enable
                0x0000000000000870       0x40 build/tsb0/gpio_handler.o
                0x0000000000000870                gpio_external_interrupt_enable
 .text.GPIO_ODD_IRQHandler
                0x00000000000008b0       0x4c build/tsb0/gpio_handler.o
                0x00000000000008b0                GPIO_ODD_IRQHandler
 .text.sensor_reset
                0x00000000000008fc       0x48 build/tsb0/mma8653fc_driver.o
                0x00000000000008fc                sensor_reset
 .text.set_sensor_active
                0x0000000000000944       0x2a build/tsb0/mma8653fc_driver.o
                0x0000000000000944                set_sensor_active
 .text.set_sensor_standby
                0x000000000000096e       0x2a build/tsb0/mma8653fc_driver.o
                0x000000000000096e                set_sensor_standby
 .text.read_whoami
                0x0000000000000998       0x10 build/tsb0/mma8653fc_driver.o
                0x0000000000000998                read_whoami
 .text.configure_xyz_data
                0x00000000000009a8       0x9a build/tsb0/mma8653fc_driver.o
                0x00000000000009a8                configure_xyz_data
 *fill*         0x0000000000000a42        0x2 
 .text.configure_interrupt
                0x0000000000000a44       0xf0 build/tsb0/mma8653fc_driver.o
                0x0000000000000a44                configure_interrupt
 .text.get_xyz_data
                0x0000000000000b34       0x66 build/tsb0/mma8653fc_driver.o
                0x0000000000000b34                get_xyz_data
 *fill*         0x0000000000000b9a        0x2 
 .text.read_registry
                0x0000000000000b9c       0x58 build/tsb0/mma8653fc_driver.o
 .text.write_registry
                0x0000000000000bf4       0x58 build/tsb0/mma8653fc_driver.o
 .text.read_multiple_registries
                0x0000000000000c4c       0x80 build/tsb0/mma8653fc_driver.o
 .text.convert_to_count
                0x0000000000000ccc       0x1a build/tsb0/mma8653fc_driver.o
                0x0000000000000ccc                convert_to_count
 *fill*         0x0000000000000ce6        0x2 
 .text.pxPortInitialiseStack
                0x0000000000000ce8       0x68 build/tsb0//home/rudolf/node-apps/zoo/FreeRTOS-Kernel/portable/GCC/ARM_CM4F/port.o
                0x0000000000000ce8                pxPortInitialiseStack
 .text.prvTaskExitError
                0x0000000000000d50       0x48 build/tsb0//home/rudolf/node-apps/zoo/FreeRTOS-Kernel/portable/GCC/ARM_CM4F/port.o
 *fill*         0x0000000000000d98        0x8 
 .text.SVC_Handler
                0x0000000000000da0       0x28 build/tsb0//home/rudolf/node-apps/zoo/FreeRTOS-Kernel/portable/GCC/ARM_CM4F/port.o
                0x0000000000000da0                SVC_Handler
 .text.prvPortStartFirstTask
                0x0000000000000dc8       0x28 build/tsb0//home/rudolf/node-apps/zoo/FreeRTOS-Kernel/portable/GCC/ARM_CM4F/port.o
 .text.xPortStartScheduler
                0x0000000000000df0      0x10c build/tsb0//home/rudolf/node-apps/zoo/FreeRTOS-Kernel/portable/GCC/ARM_CM4F/port.o
                0x0000000000000df0                xPortStartScheduler
 .text.vPortEnterCritical
                0x0000000000000efc       0x50 build/tsb0//home/rudolf/node-apps/zoo/FreeRTOS-Kernel/portable/GCC/ARM_CM4F/port.o
                0x0000000000000efc                vPortEnterCritical
 .text.vPortExitCritical
                0x0000000000000f4c       0x40 build/tsb0//home/rudolf/node-apps/zoo/FreeRTOS-Kernel/portable/GCC/ARM_CM4F/port.o
                0x0000000000000f4c                vPortExitCritical
 *fill*         0x0000000000000f8c        0x4 
 .text.PendSV_Handler
                0x0000000000000f90       0x68 build/tsb0//home/rudolf/node-apps/zoo/FreeRTOS-Kernel/portable/GCC/ARM_CM4F/port.o
                0x0000000000000f90                PendSV_Handler
 .text.xPortSysTickHandler
                0x0000000000000ff8       0x44 build/tsb0//home/rudolf/node-apps/zoo/FreeRTOS-Kernel/portable/GCC/ARM_CM4F/port.o
                0x0000000000000ff8                xPortSysTickHandler
 .text.vPortSetupTimerInterrupt
                0x000000000000103c       0x48 build/tsb0//home/rudolf/node-apps/zoo/FreeRTOS-Kernel/portable/GCC/ARM_CM4F/port.o
                0x000000000000103c                vPortSetupTimerInterrupt
 .text.vPortEnableVFP
                0x0000000000001084       0x14 build/tsb0//home/rudolf/node-apps/zoo/FreeRTOS-Kernel/portable/GCC/ARM_CM4F/port.o
 .text.vPortValidateInterruptPriority
                0x0000000000001098       0x5c build/tsb0//home/rudolf/node-apps/zoo/FreeRTOS-Kernel/portable/GCC/ARM_CM4F/port.o
                0x0000000000001098                vPortValidateInterruptPriority
 .text.pvPortMalloc
                0x00000000000010f4      0x134 build/tsb0//home/rudolf/node-apps/zoo/FreeRTOS-Kernel/portable/MemMang/heap_5.o
                0x00000000000010f4                pvPortMalloc
 .text.vPortFree
                0x0000000000001228       0xa0 build/tsb0//home/rudolf/node-apps/zoo/FreeRTOS-Kernel/portable/MemMang/heap_5.o
                0x0000000000001228                vPortFree
 .text.prvInsertBlockIntoFreeList
                0x00000000000012c8       0xb4 build/tsb0//home/rudolf/node-apps/zoo/FreeRTOS-Kernel/portable/MemMang/heap_5.o
 .text.vPortDefineHeapRegions
                0x000000000000137c      0x14c build/tsb0//home/rudolf/node-apps/zoo/FreeRTOS-Kernel/portable/MemMang/heap_5.o
                0x000000000000137c                vPortDefineHeapRegions
 .text.xQueueGenericReset
                0x00000000000014c8       0xc0 build/tsb0//home/rudolf/node-apps/zoo/FreeRTOS-Kernel/queue.o
                0x00000000000014c8                xQueueGenericReset
 .text.xQueueGenericCreateStatic
                0x0000000000001588       0x96 build/tsb0//home/rudolf/node-apps/zoo/FreeRTOS-Kernel/queue.o
                0x0000000000001588                xQueueGenericCreateStatic
 .text.xQueueGenericCreate
                0x000000000000161e       0x62 build/tsb0//home/rudolf/node-apps/zoo/FreeRTOS-Kernel/queue.o
                0x000000000000161e                xQueueGenericCreate
 .text.prvInitialiseNewQueue
                0x0000000000001680       0x46 build/tsb0//home/rudolf/node-apps/zoo/FreeRTOS-Kernel/queue.o
 .text.prvInitialiseMutex
                0x00000000000016c6       0x34 build/tsb0//home/rudolf/node-apps/zoo/FreeRTOS-Kernel/queue.o
 .text.xQueueCreateMutex
                0x00000000000016fa       0x30 build/tsb0//home/rudolf/node-apps/zoo/FreeRTOS-Kernel/queue.o
                0x00000000000016fa                xQueueCreateMutex
 .text.xQueueCreateMutexStatic
                0x000000000000172a       0x36 build/tsb0//home/rudolf/node-apps/zoo/FreeRTOS-Kernel/queue.o
                0x000000000000172a                xQueueCreateMutexStatic
 .text.xQueueGiveMutexRecursive
                0x0000000000001760       0x56 build/tsb0//home/rudolf/node-apps/zoo/FreeRTOS-Kernel/queue.o
                0x0000000000001760                xQueueGiveMutexRecursive
 .text.xQueueTakeMutexRecursive
                0x00000000000017b6       0x5a build/tsb0//home/rudolf/node-apps/zoo/FreeRTOS-Kernel/queue.o
                0x00000000000017b6                xQueueTakeMutexRecursive
 .text.xQueueGenericSend
                0x0000000000001810      0x1b4 build/tsb0//home/rudolf/node-apps/zoo/FreeRTOS-Kernel/queue.o
                0x0000000000001810                xQueueGenericSend
 .text.xQueueGenericSendFromISR
                0x00000000000019c4      0x100 build/tsb0//home/rudolf/node-apps/zoo/FreeRTOS-Kernel/queue.o
                0x00000000000019c4                xQueueGenericSendFromISR
 .text.xQueueReceive
                0x0000000000001ac4      0x188 build/tsb0//home/rudolf/node-apps/zoo/FreeRTOS-Kernel/queue.o
                0x0000000000001ac4                xQueueReceive
 .text.xQueueSemaphoreTake
                0x0000000000001c4c      0x1d0 build/tsb0//home/rudolf/node-apps/zoo/FreeRTOS-Kernel/queue.o
                0x0000000000001c4c                xQueueSemaphoreTake
 .text.prvGetDisinheritPriorityAfterTimeout
                0x0000000000001e1c       0x30 build/tsb0//home/rudolf/node-apps/zoo/FreeRTOS-Kernel/queue.o
 .text.prvCopyDataToQueue
                0x0000000000001e4c       0xd4 build/tsb0//home/rudolf/node-apps/zoo/FreeRTOS-Kernel/queue.o
 .text.prvCopyDataFromQueue
                0x0000000000001f20       0x4c build/tsb0//home/rudolf/node-apps/zoo/FreeRTOS-Kernel/queue.o
 .text.prvUnlockQueue
                0x0000000000001f6c       0xa4 build/tsb0//home/rudolf/node-apps/zoo/FreeRTOS-Kernel/queue.o
 .text.prvIsQueueEmpty
                0x0000000000002010       0x2c build/tsb0//home/rudolf/node-apps/zoo/FreeRTOS-Kernel/queue.o
 .text.prvIsQueueFull
                0x000000000000203c       0x30 build/tsb0//home/rudolf/node-apps/zoo/FreeRTOS-Kernel/queue.o
 .text.vQueueWaitForMessageRestricted
                0x000000000000206c       0x68 build/tsb0//home/rudolf/node-apps/zoo/FreeRTOS-Kernel/queue.o
                0x000000000000206c                vQueueWaitForMessageRestricted
 .text.vListInitialise
                0x00000000000020d4       0x40 build/tsb0//home/rudolf/node-apps/zoo/FreeRTOS-Kernel/list.o
                0x00000000000020d4                vListInitialise
 .text.vListInitialiseItem
                0x0000000000002114       0x1a build/tsb0//home/rudolf/node-apps/zoo/FreeRTOS-Kernel/list.o
                0x0000000000002114                vListInitialiseItem
 .text.vListInsertEnd
                0x000000000000212e       0x48 build/tsb0//home/rudolf/node-apps/zoo/FreeRTOS-Kernel/list.o
                0x000000000000212e                vListInsertEnd
 .text.vListInsert
                0x0000000000002176       0x72 build/tsb0//home/rudolf/node-apps/zoo/FreeRTOS-Kernel/list.o
                0x0000000000002176                vListInsert
 .text.uxListRemove
                0x00000000000021e8       0x54 build/tsb0//home/rudolf/node-apps/zoo/FreeRTOS-Kernel/list.o
                0x00000000000021e8                uxListRemove
 .text.xTaskCreateStatic
                0x000000000000223c       0x84 build/tsb0//home/rudolf/node-apps/zoo/FreeRTOS-Kernel/tasks.o
                0x000000000000223c                xTaskCreateStatic
 .text.xTaskCreate
                0x00000000000022c0       0x8a build/tsb0//home/rudolf/node-apps/zoo/FreeRTOS-Kernel/tasks.o
                0x00000000000022c0                xTaskCreate
 .text.prvInitialiseNewTask
                0x000000000000234a      0x112 build/tsb0//home/rudolf/node-apps/zoo/FreeRTOS-Kernel/tasks.o
 .text.prvAddNewTaskToReadyList
                0x000000000000245c       0xe0 build/tsb0//home/rudolf/node-apps/zoo/FreeRTOS-Kernel/tasks.o
 .text.vTaskDelay
                0x000000000000253c       0x58 build/tsb0//home/rudolf/node-apps/zoo/FreeRTOS-Kernel/tasks.o
                0x000000000000253c                vTaskDelay
 .text.vTaskStartScheduler
                0x0000000000002594       0xbc build/tsb0//home/rudolf/node-apps/zoo/FreeRTOS-Kernel/tasks.o
                0x0000000000002594                vTaskStartScheduler
 .text.vTaskSuspendAll
                0x0000000000002650       0x1c build/tsb0//home/rudolf/node-apps/zoo/FreeRTOS-Kernel/tasks.o
                0x0000000000002650                vTaskSuspendAll
 .text.xTaskResumeAll
                0x000000000000266c      0x128 build/tsb0//home/rudolf/node-apps/zoo/FreeRTOS-Kernel/tasks.o
                0x000000000000266c                xTaskResumeAll
 .text.xTaskGetTickCount
                0x0000000000002794       0x20 build/tsb0//home/rudolf/node-apps/zoo/FreeRTOS-Kernel/tasks.o
                0x0000000000002794                xTaskGetTickCount
 .text.xTaskIncrementTick
                0x00000000000027b4      0x160 build/tsb0//home/rudolf/node-apps/zoo/FreeRTOS-Kernel/tasks.o
                0x00000000000027b4                xTaskIncrementTick
 .text.vTaskSwitchContext
                0x0000000000002914       0xf4 build/tsb0//home/rudolf/node-apps/zoo/FreeRTOS-Kernel/tasks.o
                0x0000000000002914                vTaskSwitchContext
 .text.vTaskPlaceOnEventList
                0x0000000000002a08       0x38 build/tsb0//home/rudolf/node-apps/zoo/FreeRTOS-Kernel/tasks.o
                0x0000000000002a08                vTaskPlaceOnEventList
 .text.vTaskPlaceOnEventListRestricted
                0x0000000000002a40       0x44 build/tsb0//home/rudolf/node-apps/zoo/FreeRTOS-Kernel/tasks.o
                0x0000000000002a40                vTaskPlaceOnEventListRestricted
 .text.xTaskRemoveFromEventList
                0x0000000000002a84       0xb4 build/tsb0//home/rudolf/node-apps/zoo/FreeRTOS-Kernel/tasks.o
                0x0000000000002a84                xTaskRemoveFromEventList
 .text.vTaskInternalSetTimeOutState
                0x0000000000002b38       0x2c build/tsb0//home/rudolf/node-apps/zoo/FreeRTOS-Kernel/tasks.o
                0x0000000000002b38                vTaskInternalSetTimeOutState
 .text.xTaskCheckForTimeOut
                0x0000000000002b64       0xa0 build/tsb0//home/rudolf/node-apps/zoo/FreeRTOS-Kernel/tasks.o
                0x0000000000002b64                xTaskCheckForTimeOut
 .text.vTaskMissedYield
                0x0000000000002c04       0x18 build/tsb0//home/rudolf/node-apps/zoo/FreeRTOS-Kernel/tasks.o
                0x0000000000002c04                vTaskMissedYield
 .text.prvIdleTask
                0x0000000000002c1c       0x30 build/tsb0//home/rudolf/node-apps/zoo/FreeRTOS-Kernel/tasks.o
 .text.prvInitialiseTaskLists
                0x0000000000002c4c       0x80 build/tsb0//home/rudolf/node-apps/zoo/FreeRTOS-Kernel/tasks.o
 .text.prvCheckTasksWaitingTermination
                0x0000000000002ccc       0x5c build/tsb0//home/rudolf/node-apps/zoo/FreeRTOS-Kernel/tasks.o
 .text.prvDeleteTCB
                0x0000000000002d28       0x4c build/tsb0//home/rudolf/node-apps/zoo/FreeRTOS-Kernel/tasks.o
 .text.prvResetNextTaskUnblockTime
                0x0000000000002d74       0x40 build/tsb0//home/rudolf/node-apps/zoo/FreeRTOS-Kernel/tasks.o
 .text.xTaskGetCurrentTaskHandle
                0x0000000000002db4       0x20 build/tsb0//home/rudolf/node-apps/zoo/FreeRTOS-Kernel/tasks.o
                0x0000000000002db4                xTaskGetCurrentTaskHandle
 .text.xTaskGetSchedulerState
                0x0000000000002dd4       0x3c build/tsb0//home/rudolf/node-apps/zoo/FreeRTOS-Kernel/tasks.o
                0x0000000000002dd4                xTaskGetSchedulerState
 .text.xTaskPriorityInherit
                0x0000000000002e10       0xd0 build/tsb0//home/rudolf/node-apps/zoo/FreeRTOS-Kernel/tasks.o
                0x0000000000002e10                xTaskPriorityInherit
 .text.xTaskPriorityDisinherit
                0x0000000000002ee0       0xb8 build/tsb0//home/rudolf/node-apps/zoo/FreeRTOS-Kernel/tasks.o
                0x0000000000002ee0                xTaskPriorityDisinherit
 .text.vTaskPriorityDisinheritAfterTimeout
                0x0000000000002f98       0xe0 build/tsb0//home/rudolf/node-apps/zoo/FreeRTOS-Kernel/tasks.o
                0x0000000000002f98                vTaskPriorityDisinheritAfterTimeout
 .text.pvTaskIncrementMutexHeldCount
                0x0000000000003078       0x28 build/tsb0//home/rudolf/node-apps/zoo/FreeRTOS-Kernel/tasks.o
                0x0000000000003078                pvTaskIncrementMutexHeldCount
 .text.xTaskNotifyWait
                0x00000000000030a0       0xb4 build/tsb0//home/rudolf/node-apps/zoo/FreeRTOS-Kernel/tasks.o
                0x00000000000030a0                xTaskNotifyWait
 .text.xTaskGenericNotify
                0x0000000000003154      0x138 build/tsb0//home/rudolf/node-apps/zoo/FreeRTOS-Kernel/tasks.o
                0x0000000000003154                xTaskGenericNotify
 .text.xTaskGenericNotifyFromISR
                0x000000000000328c      0x184 build/tsb0//home/rudolf/node-apps/zoo/FreeRTOS-Kernel/tasks.o
                0x000000000000328c                xTaskGenericNotifyFromISR
 .text.prvAddCurrentTaskToDelayedList
                0x0000000000003410       0xa8 build/tsb0//home/rudolf/node-apps/zoo/FreeRTOS-Kernel/tasks.o
 .text.xTimerCreateTimerTask
                0x00000000000034b8       0x7c build/tsb0//home/rudolf/node-apps/zoo/FreeRTOS-Kernel/timers.o
                0x00000000000034b8                xTimerCreateTimerTask
 .text.xTimerGenericCommand
                0x0000000000003534       0x88 build/tsb0//home/rudolf/node-apps/zoo/FreeRTOS-Kernel/timers.o
                0x0000000000003534                xTimerGenericCommand
 .text.prvProcessExpiredTimer
                0x00000000000035bc       0x88 build/tsb0//home/rudolf/node-apps/zoo/FreeRTOS-Kernel/timers.o
 .text.prvTimerTask
                0x0000000000003644       0x24 build/tsb0//home/rudolf/node-apps/zoo/FreeRTOS-Kernel/timers.o
 .text.prvProcessTimerOrBlockTask
                0x0000000000003668       0x9c build/tsb0//home/rudolf/node-apps/zoo/FreeRTOS-Kernel/timers.o
 .text.prvGetNextExpireTime
                0x0000000000003704       0x48 build/tsb0//home/rudolf/node-apps/zoo/FreeRTOS-Kernel/timers.o
 .text.prvSampleTimeNow
                0x000000000000374c       0x40 build/tsb0//home/rudolf/node-apps/zoo/FreeRTOS-Kernel/timers.o
 .text.prvInsertTimerInActiveList
                0x000000000000378c       0x84 build/tsb0//home/rudolf/node-apps/zoo/FreeRTOS-Kernel/timers.o
 .text.prvProcessReceivedCommands
                0x0000000000003810      0x190 build/tsb0//home/rudolf/node-apps/zoo/FreeRTOS-Kernel/timers.o
 .text.prvSwitchTimerLists
                0x00000000000039a0       0xb8 build/tsb0//home/rudolf/node-apps/zoo/FreeRTOS-Kernel/timers.o
 .text.prvCheckForValidListAndQueue
                0x0000000000003a58       0x68 build/tsb0//home/rudolf/node-apps/zoo/FreeRTOS-Kernel/timers.o
 .text.__NVIC_SetPriority
                0x0000000000003ac0       0x54 build/tsb0//home/rudolf/node-apps/zoo/thinnect.cmsis-freertos/CMSIS-FreeRTOS/CMSIS/RTOS2/FreeRTOS/Source/cmsis_os2.o
 .text.SysTick_Handler
                0x0000000000003b14       0x20 build/tsb0//home/rudolf/node-apps/zoo/thinnect.cmsis-freertos/CMSIS-FreeRTOS/CMSIS/RTOS2/FreeRTOS/Source/cmsis_os2.o
                0x0000000000003b14                SysTick_Handler
 .text.SVC_Setup
                0x0000000000003b34       0x12 build/tsb0//home/rudolf/node-apps/zoo/thinnect.cmsis-freertos/CMSIS-FreeRTOS/CMSIS/RTOS2/FreeRTOS/Source/cmsis_os2.o
 *fill*         0x0000000000003b46        0x2 
 .text.osKernelInitialize
                0x0000000000003b48       0x6c build/tsb0//home/rudolf/node-apps/zoo/thinnect.cmsis-freertos/CMSIS-FreeRTOS/CMSIS/RTOS2/FreeRTOS/Source/cmsis_os2.o
                0x0000000000003b48                osKernelInitialize
 .text.osKernelGetState
                0x0000000000003bb4       0x44 build/tsb0//home/rudolf/node-apps/zoo/thinnect.cmsis-freertos/CMSIS-FreeRTOS/CMSIS/RTOS2/FreeRTOS/Source/cmsis_os2.o
                0x0000000000003bb4                osKernelGetState
 .text.osKernelStart
                0x0000000000003bf8       0x6c build/tsb0//home/rudolf/node-apps/zoo/thinnect.cmsis-freertos/CMSIS-FreeRTOS/CMSIS/RTOS2/FreeRTOS/Source/cmsis_os2.o
                0x0000000000003bf8                osKernelStart
 .text.osKernelGetTickFreq
                0x0000000000003c64       0x12 build/tsb0//home/rudolf/node-apps/zoo/thinnect.cmsis-freertos/CMSIS-FreeRTOS/CMSIS/RTOS2/FreeRTOS/Source/cmsis_os2.o
                0x0000000000003c64                osKernelGetTickFreq
 *fill*         0x0000000000003c76        0x2 
 .text.osThreadNew
                0x0000000000003c78      0x14c build/tsb0//home/rudolf/node-apps/zoo/thinnect.cmsis-freertos/CMSIS-FreeRTOS/CMSIS/RTOS2/FreeRTOS/Source/cmsis_os2.o
                0x0000000000003c78                osThreadNew
 .text.osThreadFlagsSet
                0x0000000000003dc4       0xc0 build/tsb0//home/rudolf/node-apps/zoo/thinnect.cmsis-freertos/CMSIS-FreeRTOS/CMSIS/RTOS2/FreeRTOS/Source/cmsis_os2.o
                0x0000000000003dc4                osThreadFlagsSet
 .text.osThreadFlagsClear
                0x0000000000003e84       0xa0 build/tsb0//home/rudolf/node-apps/zoo/thinnect.cmsis-freertos/CMSIS-FreeRTOS/CMSIS/RTOS2/FreeRTOS/Source/cmsis_os2.o
                0x0000000000003e84                osThreadFlagsClear
 .text.osThreadFlagsWait
                0x0000000000003f24      0x128 build/tsb0//home/rudolf/node-apps/zoo/thinnect.cmsis-freertos/CMSIS-FreeRTOS/CMSIS/RTOS2/FreeRTOS/Source/cmsis_os2.o
                0x0000000000003f24                osThreadFlagsWait
 .text.osDelay  0x000000000000404c       0x5c build/tsb0//home/rudolf/node-apps/zoo/thinnect.cmsis-freertos/CMSIS-FreeRTOS/CMSIS/RTOS2/FreeRTOS/Source/cmsis_os2.o
                0x000000000000404c                osDelay
 .text.osMutexNew
                0x00000000000040a8      0x110 build/tsb0//home/rudolf/node-apps/zoo/thinnect.cmsis-freertos/CMSIS-FreeRTOS/CMSIS/RTOS2/FreeRTOS/Source/cmsis_os2.o
                0x00000000000040a8                osMutexNew
 .text.osMutexAcquire
                0x00000000000041b8       0xbc build/tsb0//home/rudolf/node-apps/zoo/thinnect.cmsis-freertos/CMSIS-FreeRTOS/CMSIS/RTOS2/FreeRTOS/Source/cmsis_os2.o
                0x00000000000041b8                osMutexAcquire
 .text.osMutexRelease
                0x0000000000004274       0xa0 build/tsb0//home/rudolf/node-apps/zoo/thinnect.cmsis-freertos/CMSIS-FreeRTOS/CMSIS/RTOS2/FreeRTOS/Source/cmsis_os2.o
                0x0000000000004274                osMutexRelease
 .text.vApplicationStackOverflowHook
                0x0000000000004314        0xe build/tsb0//home/rudolf/node-apps/zoo/thinnect.cmsis-freertos/CMSIS-FreeRTOS/CMSIS/RTOS2/FreeRTOS/Source/cmsis_os2.o
                0x0000000000004314                vApplicationStackOverflowHook
 *fill*         0x0000000000004322        0x2 
 .text.vApplicationGetIdleTaskMemory
                0x0000000000004324       0x34 build/tsb0//home/rudolf/node-apps/zoo/thinnect.cmsis-freertos/CMSIS-FreeRTOS/CMSIS/RTOS2/FreeRTOS/Source/cmsis_os2.o
                0x0000000000004324                vApplicationGetIdleTaskMemory
 .text.vApplicationGetTimerTaskMemory
                0x0000000000004358       0x34 build/tsb0//home/rudolf/node-apps/zoo/thinnect.cmsis-freertos/CMSIS-FreeRTOS/CMSIS/RTOS2/FreeRTOS/Source/cmsis_os2.o
                0x0000000000004358                vApplicationGetTimerTaskMemory
 .text.__NVIC_EnableIRQ
                0x000000000000438c       0x3c build/tsb0//opt/gecko_sdk/hardware/kit/common/drivers/retargetserial.o
 .text.__NVIC_ClearPendingIRQ
                0x00000000000043c8       0x3c build/tsb0//opt/gecko_sdk/hardware/kit/common/drivers/retargetserial.o
 .text.USART_IntClear
                0x0000000000004404       0x1c build/tsb0//opt/gecko_sdk/hardware/kit/common/drivers/retargetserial.o
 .text.USART_IntDisable
                0x0000000000004420       0x24 build/tsb0//opt/gecko_sdk/hardware/kit/common/drivers/retargetserial.o
 .text.USART_IntEnable
                0x0000000000004444       0x22 build/tsb0//opt/gecko_sdk/hardware/kit/common/drivers/retargetserial.o
 *fill*         0x0000000000004466        0x2 
 .text.disableRxInterrupt
                0x0000000000004468       0x14 build/tsb0//opt/gecko_sdk/hardware/kit/common/drivers/retargetserial.o
 .text.enableRxInterrupt
                0x000000000000447c       0x14 build/tsb0//opt/gecko_sdk/hardware/kit/common/drivers/retargetserial.o
 .text.USART0_RX_IRQHandler
                0x0000000000004490       0x68 build/tsb0//opt/gecko_sdk/hardware/kit/common/drivers/retargetserial.o
                0x0000000000004490                USART0_RX_IRQHandler
 .text.RETARGET_SerialInit
                0x00000000000044f8       0xd8 build/tsb0//opt/gecko_sdk/hardware/kit/common/drivers/retargetserial.o
                0x00000000000044f8                RETARGET_SerialInit
 .text.RETARGET_ReadChar
                0x00000000000045d0       0x80 build/tsb0//opt/gecko_sdk/hardware/kit/common/drivers/retargetserial.o
                0x00000000000045d0                RETARGET_ReadChar
 .text.RETARGET_WriteChar
                0x0000000000004650       0x54 build/tsb0//opt/gecko_sdk/hardware/kit/common/drivers/retargetserial.o
                0x0000000000004650                RETARGET_WriteChar
 .text._close   0x00000000000046a4       0x16 build/tsb0//opt/gecko_sdk/hardware/kit/common/drivers/retargetio.o
                0x00000000000046a4                _close
 .text._exit    0x00000000000046ba        0xa build/tsb0//opt/gecko_sdk/hardware/kit/common/drivers/retargetio.o
                0x00000000000046ba                _exit
 .text._fstat   0x00000000000046c4       0x20 build/tsb0//opt/gecko_sdk/hardware/kit/common/drivers/retargetio.o
                0x00000000000046c4                _fstat
 .text._getpid  0x00000000000046e4       0x10 build/tsb0//opt/gecko_sdk/hardware/kit/common/drivers/retargetio.o
                0x00000000000046e4                _getpid
 .text._isatty  0x00000000000046f4       0x16 build/tsb0//opt/gecko_sdk/hardware/kit/common/drivers/retargetio.o
                0x00000000000046f4                _isatty
 .text._kill    0x000000000000470a       0x1a build/tsb0//opt/gecko_sdk/hardware/kit/common/drivers/retargetio.o
                0x000000000000470a                _kill
 .text._lseek   0x0000000000004724       0x1a build/tsb0//opt/gecko_sdk/hardware/kit/common/drivers/retargetio.o
                0x0000000000004724                _lseek
 .text._read    0x000000000000473e       0x56 build/tsb0//opt/gecko_sdk/hardware/kit/common/drivers/retargetio.o
                0x000000000000473e                _read
 .text._write   0x0000000000004794       0x38 build/tsb0//opt/gecko_sdk/hardware/kit/common/drivers/retargetio.o
                0x0000000000004794                _write
 .text.CORE_EnterCritical
                0x00000000000047cc       0x22 build/tsb0//opt/gecko_sdk/platform/emlib/src/em_core.o
                0x00000000000047cc                CORE_EnterCritical
 .text.CORE_ExitCritical
                0x00000000000047ee       0x1e build/tsb0//opt/gecko_sdk/platform/emlib/src/em_core.o
                0x00000000000047ee                CORE_ExitCritical
 .text.CORE_EnterAtomic
                0x000000000000480c       0x22 build/tsb0//opt/gecko_sdk/platform/emlib/src/em_core.o
                0x000000000000480c                CORE_EnterAtomic
 .text.CORE_ExitAtomic
                0x000000000000482e       0x1e build/tsb0//opt/gecko_sdk/platform/emlib/src/em_core.o
                0x000000000000482e                CORE_ExitAtomic
 .text.BUS_RegBitRead
                0x000000000000484c       0x2e build/tsb0//opt/gecko_sdk/platform/emlib/src/em_emu.o
 *fill*         0x000000000000487a        0x2 
 .text.EMU_LDOStatusGet
                0x000000000000487c       0x24 build/tsb0//opt/gecko_sdk/platform/emlib/src/em_emu.o
 .text.EMU_VScaleWait
                0x00000000000048a0       0x30 build/tsb0//opt/gecko_sdk/platform/emlib/src/em_emu.o
 .text.EMU_VScaleGet
                0x00000000000048d0       0x1c build/tsb0//opt/gecko_sdk/platform/emlib/src/em_emu.o
 .text.vScaleEM01Cmd
                0x00000000000048ec       0x22 build/tsb0//opt/gecko_sdk/platform/emlib/src/em_emu.o
 *fill*         0x000000000000490e        0x2 
 .text.EMU_VScaleEM01ByClock
                0x0000000000004910       0x84 build/tsb0//opt/gecko_sdk/platform/emlib/src/em_emu.o
                0x0000000000004910                EMU_VScaleEM01ByClock
 .text.EMU_VScaleEM01
                0x0000000000004994       0x98 build/tsb0//opt/gecko_sdk/platform/emlib/src/em_emu.o
                0x0000000000004994                EMU_VScaleEM01
 .text.SL_Log2ToDiv
                0x0000000000004a2c       0x1c build/tsb0//opt/gecko_sdk/platform/emlib/src/em_cmu.o
 .text.BUS_RegBitWrite
                0x0000000000004a48       0x32 build/tsb0//opt/gecko_sdk/platform/emlib/src/em_cmu.o
 .text.BUS_RegBitRead
                0x0000000000004a7a       0x2e build/tsb0//opt/gecko_sdk/platform/emlib/src/em_cmu.o
 .text.EMU_LDOStatusGet
                0x0000000000004aa8       0x24 build/tsb0//opt/gecko_sdk/platform/emlib/src/em_cmu.o
 .text.EMU_VScaleWait
                0x0000000000004acc       0x30 build/tsb0//opt/gecko_sdk/platform/emlib/src/em_cmu.o
 .text.EMU_VScaleGet
                0x0000000000004afc       0x1c build/tsb0//opt/gecko_sdk/platform/emlib/src/em_cmu.o
 .text.setHfLeConfig
                0x0000000000004b18       0x64 build/tsb0//opt/gecko_sdk/platform/emlib/src/em_cmu.o
 .text.auxClkGet
                0x0000000000004b7c       0x20 build/tsb0//opt/gecko_sdk/platform/emlib/src/em_cmu.o
 .text.hfSrcClkGet
                0x0000000000004b9c       0x2c build/tsb0//opt/gecko_sdk/platform/emlib/src/em_cmu.o
 .text.dbgClkGet
                0x0000000000004bc8       0x40 build/tsb0//opt/gecko_sdk/platform/emlib/src/em_cmu.o
 .text.adcAsyncClkGet
                0x0000000000004c08       0x80 build/tsb0//opt/gecko_sdk/platform/emlib/src/em_cmu.o
 .text.flashWaitStateControl
                0x0000000000004c88       0x8c build/tsb0//opt/gecko_sdk/platform/emlib/src/em_cmu.o
 .text.flashWaitStateMax
                0x0000000000004d14       0x44 build/tsb0//opt/gecko_sdk/platform/emlib/src/em_cmu.o
 .text.CMU_UpdateWaitStates
                0x0000000000004d58       0x40 build/tsb0//opt/gecko_sdk/platform/emlib/src/em_cmu.o
                0x0000000000004d58                CMU_UpdateWaitStates
 .text.getRegIshUpperVal
                0x0000000000004d98       0x36 build/tsb0//opt/gecko_sdk/platform/emlib/src/em_cmu.o
 *fill*         0x0000000000004dce        0x2 
 .text.getHfxoTuningMode
                0x0000000000004dd0       0x1c build/tsb0//opt/gecko_sdk/platform/emlib/src/em_cmu.o
 .text.setHfxoTuningMode
                0x0000000000004dec       0x2c build/tsb0//opt/gecko_sdk/platform/emlib/src/em_cmu.o
 .text.lfClkGet
                0x0000000000004e18      0x110 build/tsb0//opt/gecko_sdk/platform/emlib/src/em_cmu.o
 .text.syncReg  0x0000000000004f28       0x38 build/tsb0//opt/gecko_sdk/platform/emlib/src/em_cmu.o
 .text.hfperClkSafePrescaler
                0x0000000000004f60        0xe build/tsb0//opt/gecko_sdk/platform/emlib/src/em_cmu.o
 .text.hfperClkOptimizedPrescaler
                0x0000000000004f6e        0xe build/tsb0//opt/gecko_sdk/platform/emlib/src/em_cmu.o
 .text.CMU_ClockDivGet
                0x0000000000004f7c       0x1a build/tsb0//opt/gecko_sdk/platform/emlib/src/em_cmu.o
                0x0000000000004f7c                CMU_ClockDivGet
 *fill*         0x0000000000004f96        0x2 
 .text.CMU_ClockEnable
                0x0000000000004f98       0xcc build/tsb0//opt/gecko_sdk/platform/emlib/src/em_cmu.o
                0x0000000000004f98                CMU_ClockEnable
 .text.CMU_ClockFreqGet
                0x0000000000005064      0x284 build/tsb0//opt/gecko_sdk/platform/emlib/src/em_cmu.o
                0x0000000000005064                CMU_ClockFreqGet
 .text.CMU_ClockPrescGet
                0x00000000000052e8      0x198 build/tsb0//opt/gecko_sdk/platform/emlib/src/em_cmu.o
                0x00000000000052e8                CMU_ClockPrescGet
 .text.CMU_ClockSelectGet
                0x0000000000005480      0x1d0 build/tsb0//opt/gecko_sdk/platform/emlib/src/em_cmu.o
                0x0000000000005480                CMU_ClockSelectGet
 .text.CMU_ClockSelectSet
                0x0000000000005650      0x2ec build/tsb0//opt/gecko_sdk/platform/emlib/src/em_cmu.o
                0x0000000000005650                CMU_ClockSelectSet
 .text.CMU_HFRCOBandGet
                0x000000000000593c       0x18 build/tsb0//opt/gecko_sdk/platform/emlib/src/em_cmu.o
                0x000000000000593c                CMU_HFRCOBandGet
 .text.CMU_HFXOInit
                0x0000000000005954       0xe4 build/tsb0//opt/gecko_sdk/platform/emlib/src/em_cmu.o
                0x0000000000005954                CMU_HFXOInit
 .text.CMU_OscillatorEnable
                0x0000000000005a38      0x1a0 build/tsb0//opt/gecko_sdk/platform/emlib/src/em_cmu.o
                0x0000000000005a38                CMU_OscillatorEnable
 .text.CMU_OscillatorTuningGet
                0x0000000000005bd8       0x74 build/tsb0//opt/gecko_sdk/platform/emlib/src/em_cmu.o
                0x0000000000005bd8                CMU_OscillatorTuningGet
 .text.CMU_OscillatorTuningSet
                0x0000000000005c4c      0x100 build/tsb0//opt/gecko_sdk/platform/emlib/src/em_cmu.o
                0x0000000000005c4c                CMU_OscillatorTuningSet
 .text.CMU_OscillatorTuningWait
                0x0000000000005d4c       0x98 build/tsb0//opt/gecko_sdk/platform/emlib/src/em_cmu.o
                0x0000000000005d4c                CMU_OscillatorTuningWait
 .text.CMU_OscillatorTuningOptimize
                0x0000000000005de4       0x58 build/tsb0//opt/gecko_sdk/platform/emlib/src/em_cmu.o
                0x0000000000005de4                CMU_OscillatorTuningOptimize
 .text.RMU_ResetCauseClear
                0x0000000000005e3c       0x18 build/tsb0//opt/gecko_sdk/platform/emlib/src/em_rmu.o
                0x0000000000005e3c                RMU_ResetCauseClear
 .text.RMU_ResetCauseGet
                0x0000000000005e54       0xb8 build/tsb0//opt/gecko_sdk/platform/emlib/src/em_rmu.o
                0x0000000000005e54                RMU_ResetCauseGet
 .text.BUS_RegBitWrite
                0x0000000000005f0c       0x32 build/tsb0//opt/gecko_sdk/platform/emlib/src/em_gpio.o
 .text.BUS_RegMaskedSet
                0x0000000000005f3e       0x24 build/tsb0//opt/gecko_sdk/platform/emlib/src/em_gpio.o
 .text.BUS_RegMaskedClear
                0x0000000000005f62       0x24 build/tsb0//opt/gecko_sdk/platform/emlib/src/em_gpio.o
 .text.BUS_RegMaskedWrite
                0x0000000000005f86       0x36 build/tsb0//opt/gecko_sdk/platform/emlib/src/em_gpio.o
 .text.GPIO_IntClear
                0x0000000000005fbc       0x20 build/tsb0//opt/gecko_sdk/platform/emlib/src/em_gpio.o
 .text.GPIO_PinOutClear
                0x0000000000005fdc       0x78 build/tsb0//opt/gecko_sdk/platform/emlib/src/em_gpio.o
 .text.GPIO_PinOutSet
                0x0000000000006054       0x78 build/tsb0//opt/gecko_sdk/platform/emlib/src/em_gpio.o
 .text.GPIO_ExtIntConfig
                0x00000000000060cc      0x140 build/tsb0//opt/gecko_sdk/platform/emlib/src/em_gpio.o
                0x00000000000060cc                GPIO_ExtIntConfig
 .text.GPIO_PinModeSet
                0x000000000000620c      0x10a build/tsb0//opt/gecko_sdk/platform/emlib/src/em_gpio.o
                0x000000000000620c                GPIO_PinModeSet
 .text.prsRxInput
                0x0000000000006316       0x26 build/tsb0//opt/gecko_sdk/platform/emlib/src/em_usart.o
 .text.USART_BaudrateAsyncSet
                0x000000000000633c       0xc0 build/tsb0//opt/gecko_sdk/platform/emlib/src/em_usart.o
                0x000000000000633c                USART_BaudrateAsyncSet
 .text.USART_Enable
                0x00000000000063fc       0x64 build/tsb0//opt/gecko_sdk/platform/emlib/src/em_usart.o
                0x00000000000063fc                USART_Enable
 .text.USART_InitAsync
                0x0000000000006460      0x100 build/tsb0//opt/gecko_sdk/platform/emlib/src/em_usart.o
                0x0000000000006460                USART_InitAsync
 .text.USART_Reset
                0x0000000000006560       0xd0 build/tsb0//opt/gecko_sdk/platform/emlib/src/em_usart.o
                0x0000000000006560                USART_Reset
 .text.USART_Rx
                0x0000000000006630       0x28 build/tsb0//opt/gecko_sdk/platform/emlib/src/em_usart.o
                0x0000000000006630                USART_Rx
 .text.USART_Tx
                0x0000000000006658       0x2c build/tsb0//opt/gecko_sdk/platform/emlib/src/em_usart.o
                0x0000000000006658                USART_Tx
 .text.MSC_Init
                0x0000000000006684       0x34 build/tsb0//opt/gecko_sdk/platform/emlib/src/em_msc.o
                0x0000000000006684                MSC_Init
 .text.I2C_IntClear
                0x00000000000066b8       0x1c build/tsb0//opt/gecko_sdk/platform/emlib/src/em_i2c.o
 .text.BUS_RegBitWrite
                0x00000000000066d4       0x32 build/tsb0//opt/gecko_sdk/platform/emlib/src/em_i2c.o
 .text.BUS_RegMaskedWrite
                0x0000000000006706       0x36 build/tsb0//opt/gecko_sdk/platform/emlib/src/em_i2c.o
 .text.flushRx  0x000000000000673c       0x28 build/tsb0//opt/gecko_sdk/platform/emlib/src/em_i2c.o
 .text.I2C_BusFreqSet
                0x0000000000006764      0x148 build/tsb0//opt/gecko_sdk/platform/emlib/src/em_i2c.o
                0x0000000000006764                I2C_BusFreqSet
 .text.I2C_Enable
                0x00000000000068ac       0x38 build/tsb0//opt/gecko_sdk/platform/emlib/src/em_i2c.o
                0x00000000000068ac                I2C_Enable
 .text.I2C_Init
                0x00000000000068e4       0x70 build/tsb0//opt/gecko_sdk/platform/emlib/src/em_i2c.o
                0x00000000000068e4                I2C_Init
 .text.I2C_Transfer
                0x0000000000006954      0x498 build/tsb0//opt/gecko_sdk/platform/emlib/src/em_i2c.o
                0x0000000000006954                I2C_Transfer
 .text.I2C_TransferInit
                0x0000000000006dec       0xe0 build/tsb0//opt/gecko_sdk/platform/emlib/src/em_i2c.o
                0x0000000000006dec                I2C_TransferInit
 .text.logger_fwrite_init
                0x0000000000006ecc       0x1c build/tsb0//home/rudolf/node-apps/zoo/thinnect.node-platform/silabs/logger_fwrite.o
                0x0000000000006ecc                logger_fwrite_init
 .text.logger_fwrite
                0x0000000000006ee8       0x60 build/tsb0//home/rudolf/node-apps/zoo/thinnect.node-platform/silabs/logger_fwrite.o
                0x0000000000006ee8                logger_fwrite
 .text.log_init
                0x0000000000006f48       0x64 build/tsb0//home/rudolf/node-apps/zoo/thinnect.lll/logging/loggers_ext.o
                0x0000000000006f48                log_init
 .text.__logger
                0x0000000000006fac      0x194 build/tsb0//home/rudolf/node-apps/zoo/thinnect.lll/logging/loggers_ext.o
                0x0000000000006fac                __logger
 .text.log_severity_char
                0x0000000000007140       0xf6 build/tsb0//home/rudolf/node-apps/zoo/thinnect.lll/logging/loggers_ext.o
 *fill*         0x0000000000007236        0x2 
 .text.Reset_Handler
                0x0000000000007238       0x78 build/tsb0//opt/gecko_sdk/platform/Device/SiliconLabs/EFR32MG12P/Source/GCC/startup_efr32mg12p.o
                0x0000000000007238                Reset_Handler
 .text.Default_Handler
                0x00000000000072b0        0x6 build/tsb0//opt/gecko_sdk/platform/Device/SiliconLabs/EFR32MG12P/Source/GCC/startup_efr32mg12p.o
                0x00000000000072b0                DebugMon_Handler
                0x00000000000072b0                USART0_TX_IRQHandler
                0x00000000000072b0                I2C0_IRQHandler
                0x00000000000072b0                HardFault_Handler
                0x00000000000072b0                USART1_RX_IRQHandler
                0x00000000000072b0                NMI_Handler
                0x00000000000072b0                SYNTH_IRQHandler
                0x00000000000072b0                I2C1_IRQHandler
                0x00000000000072b0                WTIMER0_IRQHandler
                0x00000000000072b0                CRYPTO0_IRQHandler
                0x00000000000072b0                WDOG0_IRQHandler
                0x00000000000072b0                USART1_TX_IRQHandler
                0x00000000000072b0                SMU_IRQHandler
                0x00000000000072b0                MSC_IRQHandler
                0x00000000000072b0                ADC0_IRQHandler
                0x00000000000072b0                UsageFault_Handler
                0x00000000000072b0                WDOG1_IRQHandler
                0x00000000000072b0                LEUART0_IRQHandler
                0x00000000000072b0                FPUEH_IRQHandler
                0x00000000000072b0                WTIMER1_IRQHandler
                0x00000000000072b0                GPIO_EVEN_IRQHandler
                0x00000000000072b0                VDAC0_IRQHandler
                0x00000000000072b0                LDMA_IRQHandler
                0x00000000000072b0                CSEN_IRQHandler
                0x00000000000072b0                CRYPTO1_IRQHandler
                0x00000000000072b0                TIMER0_IRQHandler
                0x00000000000072b0                PCNT2_IRQHandler
                0x00000000000072b0                LETIMER0_IRQHandler
                0x00000000000072b0                TIMER1_IRQHandler
                0x00000000000072b0                TRNG0_IRQHandler
                0x00000000000072b0                RFSENSE_IRQHandler
                0x00000000000072b0                BUFC_IRQHandler
                0x00000000000072b0                MODEM_IRQHandler
                0x00000000000072b0                USART2_RX_IRQHandler
                0x00000000000072b0                Default_Handler
                0x00000000000072b0                RAC_SEQ_IRQHandler
                0x00000000000072b0                FRC_PRI_IRQHandler
                0x00000000000072b0                EMU_IRQHandler
                0x00000000000072b0                FRC_IRQHandler
                0x00000000000072b0                CRYOTIMER_IRQHandler
                0x00000000000072b0                PCNT0_IRQHandler
                0x00000000000072b0                AGC_IRQHandler
                0x00000000000072b0                sl_app_properties
                0x00000000000072b0                PCNT1_IRQHandler
                0x00000000000072b0                ACMP0_IRQHandler
                0x00000000000072b0                MemManage_Handler
                0x00000000000072b0                USART3_RX_IRQHandler
                0x00000000000072b0                RTCC_IRQHandler
                0x00000000000072b0                CMU_IRQHandler
                0x00000000000072b0                RAC_RSM_IRQHandler
                0x00000000000072b0                LESENSE_IRQHandler
                0x00000000000072b0                USART3_TX_IRQHandler
                0x00000000000072b0                PROTIMER_IRQHandler
                0x00000000000072b0                BusFault_Handler
                0x00000000000072b0                USART2_TX_IRQHandler
                0x00000000000072b0                IDAC0_IRQHandler
 *fill*         0x00000000000072b6        0x2 
 .text.SystemCoreClockGet
                0x00000000000072b8       0x40 build/tsb0//opt/gecko_sdk/platform/Device/SiliconLabs/EFR32MG12P/Source/system_efr32mg12p.o
                0x00000000000072b8                SystemCoreClockGet
 .text.SystemMaxCoreClockGet
                0x00000000000072f8       0x14 build/tsb0//opt/gecko_sdk/platform/Device/SiliconLabs/EFR32MG12P/Source/system_efr32mg12p.o
                0x00000000000072f8                SystemMaxCoreClockGet
 .text.SystemHFClockGet
                0x000000000000730c       0x88 build/tsb0//opt/gecko_sdk/platform/Device/SiliconLabs/EFR32MG12P/Source/system_efr32mg12p.o
                0x000000000000730c                SystemHFClockGet
 .text.SystemHFXOClockGet
                0x0000000000007394       0x18 build/tsb0//opt/gecko_sdk/platform/Device/SiliconLabs/EFR32MG12P/Source/system_efr32mg12p.o
                0x0000000000007394                SystemHFXOClockGet
 .text.SystemInit
                0x00000000000073ac       0x2c build/tsb0//opt/gecko_sdk/platform/Device/SiliconLabs/EFR32MG12P/Source/system_efr32mg12p.o
                0x00000000000073ac                SystemInit
 .text.SystemLFRCOClockGet
                0x00000000000073d8       0x12 build/tsb0//opt/gecko_sdk/platform/Device/SiliconLabs/EFR32MG12P/Source/system_efr32mg12p.o
                0x00000000000073d8                SystemLFRCOClockGet
 .text.SystemULFRCOClockGet
                0x00000000000073ea       0x12 build/tsb0//opt/gecko_sdk/platform/Device/SiliconLabs/EFR32MG12P/Source/system_efr32mg12p.o
                0x00000000000073ea                SystemULFRCOClockGet
 .text.SystemLFXOClockGet
                0x00000000000073fc       0x18 build/tsb0//opt/gecko_sdk/platform/Device/SiliconLabs/EFR32MG12P/Source/system_efr32mg12p.o
                0x00000000000073fc                SystemLFXOClockGet
 .text.SystemCoreClockUpdate
                0x0000000000007414        0xc build/tsb0//home/rudolf/node-apps/zoo/thinnect.dev-platforms/make/boards/../../src/boards/tsb0/platform.o
 .text.SYSTEM_GetProdRev
                0x0000000000007420       0x1c build/tsb0//home/rudolf/node-apps/zoo/thinnect.dev-platforms/make/boards/../../src/boards/tsb0/platform.o
 .text.CHIP_Init
                0x000000000000743c       0x90 build/tsb0//home/rudolf/node-apps/zoo/thinnect.dev-platforms/make/boards/../../src/boards/tsb0/platform.o
 .text.PLATFORM_Init
                0x00000000000074cc       0x9c build/tsb0//home/rudolf/node-apps/zoo/thinnect.dev-platforms/make/boards/../../src/boards/tsb0/platform.o
                0x00000000000074cc                PLATFORM_Init
 .text.BUS_RegBitRead
                0x0000000000007568       0x2e build/tsb0//home/rudolf/node-apps/zoo/thinnect.node-platform/silabs/platform_io.o
 .text.BUS_RegMaskedSet
                0x0000000000007596       0x24 build/tsb0//home/rudolf/node-apps/zoo/thinnect.node-platform/silabs/platform_io.o
 .text.BUS_RegMaskedClear
                0x00000000000075ba       0x24 build/tsb0//home/rudolf/node-apps/zoo/thinnect.node-platform/silabs/platform_io.o
 .text.GPIO_PinOutClear
                0x00000000000075de       0x78 build/tsb0//home/rudolf/node-apps/zoo/thinnect.node-platform/silabs/platform_io.o
 .text.GPIO_PinOutGet
                0x0000000000007656       0x72 build/tsb0//home/rudolf/node-apps/zoo/thinnect.node-platform/silabs/platform_io.o
 .text.GPIO_PinOutSet
                0x00000000000076c8       0x78 build/tsb0//home/rudolf/node-apps/zoo/thinnect.node-platform/silabs/platform_io.o
 .text.PLATFORM_LedsInit
                0x0000000000007740       0x38 build/tsb0//home/rudolf/node-apps/zoo/thinnect.node-platform/silabs/platform_io.o
                0x0000000000007740                PLATFORM_LedsInit
 .text.ledSet   0x0000000000007778       0x34 build/tsb0//home/rudolf/node-apps/zoo/thinnect.node-platform/silabs/platform_io.o
 .text.PLATFORM_LedsSet
                0x00000000000077ac       0x72 build/tsb0//home/rudolf/node-apps/zoo/thinnect.node-platform/silabs/platform_io.o
                0x00000000000077ac                PLATFORM_LedsSet
 .text.ledGet   0x000000000000781e       0x22 build/tsb0//home/rudolf/node-apps/zoo/thinnect.node-platform/silabs/platform_io.o
 .text.PLATFORM_LedsGet
                0x0000000000007840       0x5a build/tsb0//home/rudolf/node-apps/zoo/thinnect.node-platform/silabs/platform_io.o
                0x0000000000007840                PLATFORM_LedsGet
 *fill*         0x000000000000789a        0x2 
 .text          0x000000000000789c       0x30 /opt/gcc-arm-none-eabi-10.3-2021.10/bin/../lib/gcc/arm-none-eabi/10.3.1/thumb/v7e-m+fp/softfp/libgcc.a(_aeabi_uldivmod.o)
                0x000000000000789c                __aeabi_uldivmod
 .text          0x00000000000078cc      0x2d0 /opt/gcc-arm-none-eabi-10.3-2021.10/bin/../lib/gcc/arm-none-eabi/10.3.1/thumb/v7e-m+fp/softfp/libgcc.a(_udivmoddi4.o)
                0x00000000000078cc                __udivmoddi4
 .text          0x0000000000007b9c        0x4 /opt/gcc-arm-none-eabi-10.3-2021.10/bin/../lib/gcc/arm-none-eabi/10.3.1/thumb/v7e-m+fp/softfp/libgcc.a(_dvmd_tls.o)
                0x0000000000007b9c                __aeabi_ldiv0
                0x0000000000007b9c                __aeabi_idiv0
 .text.abs      0x0000000000007ba0        0x8 /opt/gcc-arm-none-eabi-10.3-2021.10/bin/../lib/gcc/arm-none-eabi/10.3.1/../../../../arm-none-eabi/lib/thumb/v7e-m+fp/softfp/libg.a(lib_a-abs.o)
                0x0000000000007ba0                abs
 .text.__sflush_r
                0x0000000000007ba8      0x130 /opt/gcc-arm-none-eabi-10.3-2021.10/bin/../lib/gcc/arm-none-eabi/10.3.1/../../../../arm-none-eabi/lib/thumb/v7e-m+fp/softfp/libg.a(lib_a-fflush.o)
                0x0000000000007ba8                __sflush_r
 .text._fflush_r
                0x0000000000007cd8       0x5c /opt/gcc-arm-none-eabi-10.3-2021.10/bin/../lib/gcc/arm-none-eabi/10.3.1/../../../../arm-none-eabi/lib/thumb/v7e-m+fp/softfp/libg.a(lib_a-fflush.o)
                0x0000000000007cd8                _fflush_r
 .text.fflush   0x0000000000007d34       0x74 /opt/gcc-arm-none-eabi-10.3-2021.10/bin/../lib/gcc/arm-none-eabi/10.3.1/../../../../arm-none-eabi/lib/thumb/v7e-m+fp/softfp/libg.a(lib_a-fflush.o)
                0x0000000000007d34                fflush
 .text._cleanup_r
                0x0000000000007da8        0xc /opt/gcc-arm-none-eabi-10.3-2021.10/bin/../lib/gcc/arm-none-eabi/10.3.1/../../../../arm-none-eabi/lib/thumb/v7e-m+fp/softfp/libg.a(lib_a-findfp.o)
                0x0000000000007da8                _cleanup_r
 .text.__sinit  0x0000000000007db4      0x10c /opt/gcc-arm-none-eabi-10.3-2021.10/bin/../lib/gcc/arm-none-eabi/10.3.1/../../../../arm-none-eabi/lib/thumb/v7e-m+fp/softfp/libg.a(lib_a-findfp.o)
                0x0000000000007db4                __sinit
 .text.__sfp_lock_acquire
                0x0000000000007ec0        0xc /opt/gcc-arm-none-eabi-10.3-2021.10/bin/../lib/gcc/arm-none-eabi/10.3.1/../../../../arm-none-eabi/lib/thumb/v7e-m+fp/softfp/libg.a(lib_a-findfp.o)
                0x0000000000007ec0                __sfp_lock_acquire
 .text.__sfp_lock_release
                0x0000000000007ecc        0xc /opt/gcc-arm-none-eabi-10.3-2021.10/bin/../lib/gcc/arm-none-eabi/10.3.1/../../../../arm-none-eabi/lib/thumb/v7e-m+fp/softfp/libg.a(lib_a-findfp.o)
                0x0000000000007ecc                __sfp_lock_release
 .text._malloc_trim_r
                0x0000000000007ed8       0xa0 /opt/gcc-arm-none-eabi-10.3-2021.10/bin/../lib/gcc/arm-none-eabi/10.3.1/../../../../arm-none-eabi/lib/thumb/v7e-m+fp/softfp/libg.a(lib_a-freer.o)
                0x0000000000007ed8                _malloc_trim_r
 .text._free_r  0x0000000000007f78      0x20c /opt/gcc-arm-none-eabi-10.3-2021.10/bin/../lib/gcc/arm-none-eabi/10.3.1/../../../../arm-none-eabi/lib/thumb/v7e-m+fp/softfp/libg.a(lib_a-freer.o)
                0x0000000000007f78                _free_r
 .text._fwalk_reent
                0x0000000000008184       0x48 /opt/gcc-arm-none-eabi-10.3-2021.10/bin/../lib/gcc/arm-none-eabi/10.3.1/../../../../arm-none-eabi/lib/thumb/v7e-m+fp/softfp/libg.a(lib_a-fwalk.o)
                0x0000000000008184                _fwalk_reent
 .text._fwrite_r
                0x00000000000081cc       0xa8 /opt/gcc-arm-none-eabi-10.3-2021.10/bin/../lib/gcc/arm-none-eabi/10.3.1/../../../../arm-none-eabi/lib/thumb/v7e-m+fp/softfp/libg.a(lib_a-fwrite.o)
                0x00000000000081cc                _fwrite_r
 .text.fwrite   0x0000000000008274       0x20 /opt/gcc-arm-none-eabi-10.3-2021.10/bin/../lib/gcc/arm-none-eabi/10.3.1/../../../../arm-none-eabi/lib/thumb/v7e-m+fp/softfp/libg.a(lib_a-fwrite.o)
                0x0000000000008274                fwrite
 .text.__retarget_lock_init_recursive
                0x0000000000008294        0x4 /opt/gcc-arm-none-eabi-10.3-2021.10/bin/../lib/gcc/arm-none-eabi/10.3.1/../../../../arm-none-eabi/lib/thumb/v7e-m+fp/softfp/libg.a(lib_a-lock.o)
                0x0000000000008294                __retarget_lock_init_recursive
 .text.__retarget_lock_close_recursive
                0x0000000000008298        0x4 /opt/gcc-arm-none-eabi-10.3-2021.10/bin/../lib/gcc/arm-none-eabi/10.3.1/../../../../arm-none-eabi/lib/thumb/v7e-m+fp/softfp/libg.a(lib_a-lock.o)
                0x0000000000008298                __retarget_lock_close_recursive
 .text.__retarget_lock_acquire_recursive
                0x000000000000829c        0x4 /opt/gcc-arm-none-eabi-10.3-2021.10/bin/../lib/gcc/arm-none-eabi/10.3.1/../../../../arm-none-eabi/lib/thumb/v7e-m+fp/softfp/libg.a(lib_a-lock.o)
                0x000000000000829c                __retarget_lock_acquire_recursive
 .text.__retarget_lock_release_recursive
                0x00000000000082a0        0x4 /opt/gcc-arm-none-eabi-10.3-2021.10/bin/../lib/gcc/arm-none-eabi/10.3.1/../../../../arm-none-eabi/lib/thumb/v7e-m+fp/softfp/libg.a(lib_a-lock.o)
                0x00000000000082a0                __retarget_lock_release_recursive
 .text._malloc_r
                0x00000000000082a4      0x560 /opt/gcc-arm-none-eabi-10.3-2021.10/bin/../lib/gcc/arm-none-eabi/10.3.1/../../../../arm-none-eabi/lib/thumb/v7e-m+fp/softfp/libg.a(lib_a-mallocr.o)
                0x00000000000082a4                _malloc_r
 .text          0x0000000000008804      0x134 /opt/gcc-arm-none-eabi-10.3-2021.10/bin/../lib/gcc/arm-none-eabi/10.3.1/../../../../arm-none-eabi/lib/thumb/v7e-m+fp/softfp/libg.a(lib_a-memcpy.o)
                0x0000000000008804                memcpy
 .text.memset   0x0000000000008938       0xa4 /opt/gcc-arm-none-eabi-10.3-2021.10/bin/../lib/gcc/arm-none-eabi/10.3.1/../../../../arm-none-eabi/lib/thumb/v7e-m+fp/softfp/libg.a(lib_a-memset.o)
                0x0000000000008938                memset
 .text.__malloc_lock
                0x00000000000089dc        0xc /opt/gcc-arm-none-eabi-10.3-2021.10/bin/../lib/gcc/arm-none-eabi/10.3.1/../../../../arm-none-eabi/lib/thumb/v7e-m+fp/softfp/libg.a(lib_a-mlock.o)
                0x00000000000089dc                __malloc_lock
 .text.__malloc_unlock
                0x00000000000089e8        0xc /opt/gcc-arm-none-eabi-10.3-2021.10/bin/../lib/gcc/arm-none-eabi/10.3.1/../../../../arm-none-eabi/lib/thumb/v7e-m+fp/softfp/libg.a(lib_a-mlock.o)
                0x00000000000089e8                __malloc_unlock
 .text._sbrk_r  0x00000000000089f4       0x24 /opt/gcc-arm-none-eabi-10.3-2021.10/bin/../lib/gcc/arm-none-eabi/10.3.1/../../../../arm-none-eabi/lib/thumb/v7e-m+fp/softfp/libg.a(lib_a-sbrkr.o)
                0x00000000000089f4                _sbrk_r
 .text.setvbuf  0x0000000000008a18      0x1b0 /opt/gcc-arm-none-eabi-10.3-2021.10/bin/../lib/gcc/arm-none-eabi/10.3.1/../../../../arm-none-eabi/lib/thumb/v7e-m+fp/softfp/libg.a(lib_a-setvbuf.o)
                0x0000000000008a18                setvbuf
 .text.snprintf
                0x0000000000008bc8       0x88 /opt/gcc-arm-none-eabi-10.3-2021.10/bin/../lib/gcc/arm-none-eabi/10.3.1/../../../../arm-none-eabi/lib/thumb/v7e-m+fp/softfp/libg.a(lib_a-snprintf.o)
                0x0000000000008bc8                snprintf
 .text.__sread  0x0000000000008c50       0x24 /opt/gcc-arm-none-eabi-10.3-2021.10/bin/../lib/gcc/arm-none-eabi/10.3.1/../../../../arm-none-eabi/lib/thumb/v7e-m+fp/softfp/libg.a(lib_a-stdio.o)
                0x0000000000008c50                __sread
 .text.__swrite
                0x0000000000008c74       0x40 /opt/gcc-arm-none-eabi-10.3-2021.10/bin/../lib/gcc/arm-none-eabi/10.3.1/../../../../arm-none-eabi/lib/thumb/v7e-m+fp/softfp/libg.a(lib_a-stdio.o)
                0x0000000000008c74                __swrite
 .text.__sseek  0x0000000000008cb4       0x20 /opt/gcc-arm-none-eabi-10.3-2021.10/bin/../lib/gcc/arm-none-eabi/10.3.1/../../../../arm-none-eabi/lib/thumb/v7e-m+fp/softfp/libg.a(lib_a-stdio.o)
                0x0000000000008cb4                __sseek
 .text.__sclose
                0x0000000000008cd4        0x8 /opt/gcc-arm-none-eabi-10.3-2021.10/bin/../lib/gcc/arm-none-eabi/10.3.1/../../../../arm-none-eabi/lib/thumb/v7e-m+fp/softfp/libg.a(lib_a-stdio.o)
                0x0000000000008cd4                __sclose
 *fill*         0x0000000000008cdc        0x4 
 .text._svfprintf_r
                0x0000000000008ce0     0x1ac8 /opt/gcc-arm-none-eabi-10.3-2021.10/bin/../lib/gcc/arm-none-eabi/10.3.1/../../../../arm-none-eabi/lib/thumb/v7e-m+fp/softfp/libg.a(lib_a-svfprintf.o)
                0x0000000000008ce0                _svfprintf_r
 .text.vsnprintf
                0x000000000000a7a8       0x70 /opt/gcc-arm-none-eabi-10.3-2021.10/bin/../lib/gcc/arm-none-eabi/10.3.1/../../../../arm-none-eabi/lib/thumb/v7e-m+fp/softfp/libg.a(lib_a-vsnprintf.o)
                0x000000000000a7a8                vsnprintf
 .text._write_r
                0x000000000000a818       0x2c /opt/gcc-arm-none-eabi-10.3-2021.10/bin/../lib/gcc/arm-none-eabi/10.3.1/../../../../arm-none-eabi/lib/thumb/v7e-m+fp/softfp/libg.a(lib_a-writer.o)
                0x000000000000a818                _write_r
 .text._close_r
                0x000000000000a844       0x24 /opt/gcc-arm-none-eabi-10.3-2021.10/bin/../lib/gcc/arm-none-eabi/10.3.1/../../../../arm-none-eabi/lib/thumb/v7e-m+fp/softfp/libg.a(lib_a-closer.o)
                0x000000000000a844                _close_r
 .text.quorem   0x000000000000a868      0x128 /opt/gcc-arm-none-eabi-10.3-2021.10/bin/../lib/gcc/arm-none-eabi/10.3.1/../../../../arm-none-eabi/lib/thumb/v7e-m+fp/softfp/libg.a(lib_a-dtoa.o)
 .text._dtoa_r  0x000000000000a990      0xf34 /opt/gcc-arm-none-eabi-10.3-2021.10/bin/../lib/gcc/arm-none-eabi/10.3.1/../../../../arm-none-eabi/lib/thumb/v7e-m+fp/softfp/libg.a(lib_a-dtoa.o)
                0x000000000000a990                _dtoa_r
 .text._fclose_r
                0x000000000000b8c4       0xcc /opt/gcc-arm-none-eabi-10.3-2021.10/bin/../lib/gcc/arm-none-eabi/10.3.1/../../../../arm-none-eabi/lib/thumb/v7e-m+fp/softfp/libg.a(lib_a-fclose.o)
                0x000000000000b8c4                _fclose_r
 .text.__sfvwrite_r
                0x000000000000b990      0x2f0 /opt/gcc-arm-none-eabi-10.3-2021.10/bin/../lib/gcc/arm-none-eabi/10.3.1/../../../../arm-none-eabi/lib/thumb/v7e-m+fp/softfp/libg.a(lib_a-fvwrite.o)
                0x000000000000b990                __sfvwrite_r
 .text._localeconv_r
                0x000000000000bc80        0x8 /opt/gcc-arm-none-eabi-10.3-2021.10/bin/../lib/gcc/arm-none-eabi/10.3.1/../../../../arm-none-eabi/lib/thumb/v7e-m+fp/softfp/libg.a(lib_a-localeconv.o)
                0x000000000000bc80                _localeconv_r
 .text._lseek_r
                0x000000000000bc88       0x2c /opt/gcc-arm-none-eabi-10.3-2021.10/bin/../lib/gcc/arm-none-eabi/10.3.1/../../../../arm-none-eabi/lib/thumb/v7e-m+fp/softfp/libg.a(lib_a-lseekr.o)
                0x000000000000bc88                _lseek_r
 .text.__smakebuf_r
                0x000000000000bcb4       0xe0 /opt/gcc-arm-none-eabi-10.3-2021.10/bin/../lib/gcc/arm-none-eabi/10.3.1/../../../../arm-none-eabi/lib/thumb/v7e-m+fp/softfp/libg.a(lib_a-makebuf.o)
                0x000000000000bcb4                __smakebuf_r
 .text.__swhatbuf_r
                0x000000000000bd94       0x60 /opt/gcc-arm-none-eabi-10.3-2021.10/bin/../lib/gcc/arm-none-eabi/10.3.1/../../../../arm-none-eabi/lib/thumb/v7e-m+fp/softfp/libg.a(lib_a-makebuf.o)
                0x000000000000bd94                __swhatbuf_r
 .text.malloc   0x000000000000bdf4       0x10 /opt/gcc-arm-none-eabi-10.3-2021.10/bin/../lib/gcc/arm-none-eabi/10.3.1/../../../../arm-none-eabi/lib/thumb/v7e-m+fp/softfp/libg.a(lib_a-malloc.o)
                0x000000000000bdf4                malloc
 *fill*         0x000000000000be04        0xc 
 .text          0x000000000000be10       0xa0 /opt/gcc-arm-none-eabi-10.3-2021.10/bin/../lib/gcc/arm-none-eabi/10.3.1/../../../../arm-none-eabi/lib/thumb/v7e-m+fp/softfp/libg.a(lib_a-memchr.o)
                0x000000000000be10                memchr
 .text.memmove  0x000000000000beb0       0xf8 /opt/gcc-arm-none-eabi-10.3-2021.10/bin/../lib/gcc/arm-none-eabi/10.3.1/../../../../arm-none-eabi/lib/thumb/v7e-m+fp/softfp/libg.a(lib_a-memmove.o)
                0x000000000000beb0                memmove
 .text._Balloc  0x000000000000bfa8       0x4c /opt/gcc-arm-none-eabi-10.3-2021.10/bin/../lib/gcc/arm-none-eabi/10.3.1/../../../../arm-none-eabi/lib/thumb/v7e-m+fp/softfp/libg.a(lib_a-mprec.o)
                0x000000000000bfa8                _Balloc
 .text._Bfree   0x000000000000bff4       0x14 /opt/gcc-arm-none-eabi-10.3-2021.10/bin/../lib/gcc/arm-none-eabi/10.3.1/../../../../arm-none-eabi/lib/thumb/v7e-m+fp/softfp/libg.a(lib_a-mprec.o)
                0x000000000000bff4                _Bfree
 .text.__multadd
                0x000000000000c008       0xa8 /opt/gcc-arm-none-eabi-10.3-2021.10/bin/../lib/gcc/arm-none-eabi/10.3.1/../../../../arm-none-eabi/lib/thumb/v7e-m+fp/softfp/libg.a(lib_a-mprec.o)
                0x000000000000c008                __multadd
 .text.__hi0bits
                0x000000000000c0b0       0x40 /opt/gcc-arm-none-eabi-10.3-2021.10/bin/../lib/gcc/arm-none-eabi/10.3.1/../../../../arm-none-eabi/lib/thumb/v7e-m+fp/softfp/libg.a(lib_a-mprec.o)
                0x000000000000c0b0                __hi0bits
 .text.__lo0bits
                0x000000000000c0f0       0x60 /opt/gcc-arm-none-eabi-10.3-2021.10/bin/../lib/gcc/arm-none-eabi/10.3.1/../../../../arm-none-eabi/lib/thumb/v7e-m+fp/softfp/libg.a(lib_a-mprec.o)
                0x000000000000c0f0                __lo0bits
 .text.__i2b    0x000000000000c150       0x5c /opt/gcc-arm-none-eabi-10.3-2021.10/bin/../lib/gcc/arm-none-eabi/10.3.1/../../../../arm-none-eabi/lib/thumb/v7e-m+fp/softfp/libg.a(lib_a-mprec.o)
                0x000000000000c150                __i2b
 .text.__multiply
                0x000000000000c1ac      0x15c /opt/gcc-arm-none-eabi-10.3-2021.10/bin/../lib/gcc/arm-none-eabi/10.3.1/../../../../arm-none-eabi/lib/thumb/v7e-m+fp/softfp/libg.a(lib_a-mprec.o)
                0x000000000000c1ac                __multiply
 .text.__pow5mult
                0x000000000000c308       0xc0 /opt/gcc-arm-none-eabi-10.3-2021.10/bin/../lib/gcc/arm-none-eabi/10.3.1/../../../../arm-none-eabi/lib/thumb/v7e-m+fp/softfp/libg.a(lib_a-mprec.o)
                0x000000000000c308                __pow5mult
 .text.__lshift
                0x000000000000c3c8       0xf0 /opt/gcc-arm-none-eabi-10.3-2021.10/bin/../lib/gcc/arm-none-eabi/10.3.1/../../../../arm-none-eabi/lib/thumb/v7e-m+fp/softfp/libg.a(lib_a-mprec.o)
                0x000000000000c3c8                __lshift
 .text.__mcmp   0x000000000000c4b8       0x44 /opt/gcc-arm-none-eabi-10.3-2021.10/bin/../lib/gcc/arm-none-eabi/10.3.1/../../../../arm-none-eabi/lib/thumb/v7e-m+fp/softfp/libg.a(lib_a-mprec.o)
                0x000000000000c4b8                __mcmp
 .text.__mdiff  0x000000000000c4fc      0x14c /opt/gcc-arm-none-eabi-10.3-2021.10/bin/../lib/gcc/arm-none-eabi/10.3.1/../../../../arm-none-eabi/lib/thumb/v7e-m+fp/softfp/libg.a(lib_a-mprec.o)
                0x000000000000c4fc                __mdiff
 .text.__d2b    0x000000000000c648       0xc4 /opt/gcc-arm-none-eabi-10.3-2021.10/bin/../lib/gcc/arm-none-eabi/10.3.1/../../../../arm-none-eabi/lib/thumb/v7e-m+fp/softfp/libg.a(lib_a-mprec.o)
                0x000000000000c648                __d2b
 .text._read_r  0x000000000000c70c       0x2c /opt/gcc-arm-none-eabi-10.3-2021.10/bin/../lib/gcc/arm-none-eabi/10.3.1/../../../../arm-none-eabi/lib/thumb/v7e-m+fp/softfp/libg.a(lib_a-readr.o)
                0x000000000000c70c                _read_r
 .text._realloc_r
                0x000000000000c738      0x3d8 /opt/gcc-arm-none-eabi-10.3-2021.10/bin/../lib/gcc/arm-none-eabi/10.3.1/../../../../arm-none-eabi/lib/thumb/v7e-m+fp/softfp/libg.a(lib_a-reallocr.o)
                0x000000000000c738                _realloc_r
 .text.frexp    0x000000000000cb10       0x70 /opt/gcc-arm-none-eabi-10.3-2021.10/bin/../lib/gcc/arm-none-eabi/10.3.1/../../../../arm-none-eabi/lib/thumb/v7e-m+fp/softfp/libg.a(lib_a-s_frexp.o)
                0x000000000000cb10                frexp
 .text          0x000000000000cb80       0xdc /opt/gcc-arm-none-eabi-10.3-2021.10/bin/../lib/gcc/arm-none-eabi/10.3.1/../../../../arm-none-eabi/lib/thumb/v7e-m+fp/softfp/libg.a(lib_a-strlen.o)
                0x000000000000cb80                strlen
 .text.strncpy  0x000000000000cc5c       0x64 /opt/gcc-arm-none-eabi-10.3-2021.10/bin/../lib/gcc/arm-none-eabi/10.3.1/../../../../arm-none-eabi/lib/thumb/v7e-m+fp/softfp/libg.a(lib_a-strncpy.o)
                0x000000000000cc5c                strncpy
 .text.__ssprint_r
                0x000000000000ccc0       0xf8 /opt/gcc-arm-none-eabi-10.3-2021.10/bin/../lib/gcc/arm-none-eabi/10.3.1/../../../../arm-none-eabi/lib/thumb/v7e-m+fp/softfp/libg.a(lib_a-svfiprintf.o)
                0x000000000000ccc0                __ssprint_r
 .text.__swsetup_r
                0x000000000000cdb8       0xd4 /opt/gcc-arm-none-eabi-10.3-2021.10/bin/../lib/gcc/arm-none-eabi/10.3.1/../../../../arm-none-eabi/lib/thumb/v7e-m+fp/softfp/libg.a(lib_a-wsetup.o)
                0x000000000000cdb8                __swsetup_r
 .text.__assert_func
                0x000000000000ce8c       0x40 /opt/gcc-arm-none-eabi-10.3-2021.10/bin/../lib/gcc/arm-none-eabi/10.3.1/../../../../arm-none-eabi/lib/thumb/v7e-m+fp/softfp/libg.a(lib_a-assert.o)
                0x000000000000ce8c                __assert_func
 .text._calloc_r
                0x000000000000cecc       0x78 /opt/gcc-arm-none-eabi-10.3-2021.10/bin/../lib/gcc/arm-none-eabi/10.3.1/../../../../arm-none-eabi/lib/thumb/v7e-m+fp/softfp/libg.a(lib_a-callocr.o)
                0x000000000000cecc                _calloc_r
 .text.__errno  0x000000000000cf44        0xc /opt/gcc-arm-none-eabi-10.3-2021.10/bin/../lib/gcc/arm-none-eabi/10.3.1/../../../../arm-none-eabi/lib/thumb/v7e-m+fp/softfp/libg.a(lib_a-errno.o)
                0x000000000000cf44                __errno
 .text.fiprintf
                0x000000000000cf50       0x28 /opt/gcc-arm-none-eabi-10.3-2021.10/bin/../lib/gcc/arm-none-eabi/10.3.1/../../../../arm-none-eabi/lib/thumb/v7e-m+fp/softfp/libg.a(lib_a-fiprintf.o)
                0x000000000000cf50                fiprintf
 .text._fstat_r
                0x000000000000cf78       0x2c /opt/gcc-arm-none-eabi-10.3-2021.10/bin/../lib/gcc/arm-none-eabi/10.3.1/../../../../arm-none-eabi/lib/thumb/v7e-m+fp/softfp/libg.a(lib_a-fstatr.o)
                0x000000000000cf78                _fstat_r
 .text._isatty_r
                0x000000000000cfa4       0x24 /opt/gcc-arm-none-eabi-10.3-2021.10/bin/../lib/gcc/arm-none-eabi/10.3.1/../../../../arm-none-eabi/lib/thumb/v7e-m+fp/softfp/libg.a(lib_a-isattyr.o)
                0x000000000000cfa4                _isatty_r
 .text.__locale_mb_cur_max
                0x000000000000cfc8        0xc /opt/gcc-arm-none-eabi-10.3-2021.10/bin/../lib/gcc/arm-none-eabi/10.3.1/../../../../arm-none-eabi/lib/thumb/v7e-m+fp/softfp/libg.a(lib_a-locale.o)
                0x000000000000cfc8                __locale_mb_cur_max
 .text.__ascii_mbtowc
                0x000000000000cfd4       0x2c /opt/gcc-arm-none-eabi-10.3-2021.10/bin/../lib/gcc/arm-none-eabi/10.3.1/../../../../arm-none-eabi/lib/thumb/v7e-m+fp/softfp/libg.a(lib_a-mbtowc_r.o)
                0x000000000000cfd4                __ascii_mbtowc
 .text.__sprint_r.part.0
                0x000000000000d000       0x78 /opt/gcc-arm-none-eabi-10.3-2021.10/bin/../lib/gcc/arm-none-eabi/10.3.1/../../../../arm-none-eabi/lib/thumb/v7e-m+fp/softfp/libg.a(lib_a-vfiprintf.o)
 .text._vfiprintf_r
                0x000000000000d078      0xdfc /opt/gcc-arm-none-eabi-10.3-2021.10/bin/../lib/gcc/arm-none-eabi/10.3.1/../../../../arm-none-eabi/lib/thumb/v7e-m+fp/softfp/libg.a(lib_a-vfiprintf.o)
                0x000000000000d078                _vfiprintf_r
 .text.__sbprintf
                0x000000000000de74       0x80 /opt/gcc-arm-none-eabi-10.3-2021.10/bin/../lib/gcc/arm-none-eabi/10.3.1/../../../../arm-none-eabi/lib/thumb/v7e-m+fp/softfp/libg.a(lib_a-vfiprintf.o)
 .text.__ascii_wctomb
                0x000000000000def4       0x1c /opt/gcc-arm-none-eabi-10.3-2021.10/bin/../lib/gcc/arm-none-eabi/10.3.1/../../../../arm-none-eabi/lib/thumb/v7e-m+fp/softfp/libg.a(lib_a-wctomb_r.o)
                0x000000000000def4                __ascii_wctomb
 .text.abort    0x000000000000df10       0x10 /opt/gcc-arm-none-eabi-10.3-2021.10/bin/../lib/gcc/arm-none-eabi/10.3.1/../../../../arm-none-eabi/lib/thumb/v7e-m+fp/softfp/libg.a(lib_a-abort.o)
                0x000000000000df10                abort
 .text.__fputwc
                0x000000000000df20       0xa8 /opt/gcc-arm-none-eabi-10.3-2021.10/bin/../lib/gcc/arm-none-eabi/10.3.1/../../../../arm-none-eabi/lib/thumb/v7e-m+fp/softfp/libg.a(lib_a-fputwc.o)
                0x000000000000df20                __fputwc
 .text._fputwc_r
                0x000000000000dfc8       0x68 /opt/gcc-arm-none-eabi-10.3-2021.10/bin/../lib/gcc/arm-none-eabi/10.3.1/../../../../arm-none-eabi/lib/thumb/v7e-m+fp/softfp/libg.a(lib_a-fputwc.o)
                0x000000000000dfc8                _fputwc_r
 .text.raise    0x000000000000e030       0x5c /opt/gcc-arm-none-eabi-10.3-2021.10/bin/../lib/gcc/arm-none-eabi/10.3.1/../../../../arm-none-eabi/lib/thumb/v7e-m+fp/softfp/libg.a(lib_a-signal.o)
                0x000000000000e030                raise
 .text._kill_r  0x000000000000e08c       0x2c /opt/gcc-arm-none-eabi-10.3-2021.10/bin/../lib/gcc/arm-none-eabi/10.3.1/../../../../arm-none-eabi/lib/thumb/v7e-m+fp/softfp/libg.a(lib_a-signalr.o)
                0x000000000000e08c                _kill_r
 .text._getpid_r
                0x000000000000e0b8        0x4 /opt/gcc-arm-none-eabi-10.3-2021.10/bin/../lib/gcc/arm-none-eabi/10.3.1/../../../../arm-none-eabi/lib/thumb/v7e-m+fp/softfp/libg.a(lib_a-signalr.o)
                0x000000000000e0b8                _getpid_r
 .text.__swbuf_r
                0x000000000000e0bc       0xb0 /opt/gcc-arm-none-eabi-10.3-2021.10/bin/../lib/gcc/arm-none-eabi/10.3.1/../../../../arm-none-eabi/lib/thumb/v7e-m+fp/softfp/libg.a(lib_a-wbuf.o)
                0x000000000000e0bc                __swbuf_r
 .text._wcrtomb_r
                0x000000000000e16c       0x3c /opt/gcc-arm-none-eabi-10.3-2021.10/bin/../lib/gcc/arm-none-eabi/10.3.1/../../../../arm-none-eabi/lib/thumb/v7e-m+fp/softfp/libg.a(lib_a-wcrtomb.o)
                0x000000000000e16c                _wcrtomb_r
 .text          0x000000000000e1a8      0x378 /opt/gcc-arm-none-eabi-10.3-2021.10/bin/../lib/gcc/arm-none-eabi/10.3.1/thumb/v7e-m+fp/softfp/libgcc.a(_arm_addsubdf3.o)
                0x000000000000e1a8                __aeabi_drsub
                0x000000000000e1b0                __aeabi_dsub
                0x000000000000e1b0                __subdf3
                0x000000000000e1b4                __adddf3
                0x000000000000e1b4                __aeabi_dadd
                0x000000000000e42c                __aeabi_ui2d
                0x000000000000e42c                __floatunsidf
                0x000000000000e44c                __floatsidf
                0x000000000000e44c                __aeabi_i2d
                0x000000000000e470                __extendsfdf2
                0x000000000000e470                __aeabi_f2d
                0x000000000000e4b4                __aeabi_ul2d
                0x000000000000e4b4                __floatundidf
                0x000000000000e4c4                __floatdidf
                0x000000000000e4c4                __aeabi_l2d
 .text          0x000000000000e520      0x424 /opt/gcc-arm-none-eabi-10.3-2021.10/bin/../lib/gcc/arm-none-eabi/10.3.1/thumb/v7e-m+fp/softfp/libgcc.a(_arm_muldivdf3.o)
                0x000000000000e520                __aeabi_dmul
                0x000000000000e520                __muldf3
                0x000000000000e774                __aeabi_ddiv
                0x000000000000e774                __divdf3
 .text          0x000000000000e944      0x110 /opt/gcc-arm-none-eabi-10.3-2021.10/bin/../lib/gcc/arm-none-eabi/10.3.1/thumb/v7e-m+fp/softfp/libgcc.a(_arm_cmpdf2.o)
                0x000000000000e944                __gtdf2
                0x000000000000e944                __gedf2
                0x000000000000e94c                __ltdf2
                0x000000000000e94c                __ledf2
                0x000000000000e954                __cmpdf2
                0x000000000000e954                __eqdf2
                0x000000000000e954                __nedf2
                0x000000000000e9d0                __aeabi_cdrcmple
                0x000000000000e9e0                __aeabi_cdcmple
                0x000000000000e9e0                __aeabi_cdcmpeq
                0x000000000000e9f0                __aeabi_dcmpeq
                0x000000000000ea04                __aeabi_dcmplt
                0x000000000000ea18                __aeabi_dcmple
                0x000000000000ea2c                __aeabi_dcmpge
                0x000000000000ea40                __aeabi_dcmpgt
 .text          0x000000000000ea54       0x2c /opt/gcc-arm-none-eabi-10.3-2021.10/bin/../lib/gcc/arm-none-eabi/10.3.1/thumb/v7e-m+fp/softfp/libgcc.a(_arm_unorddf2.o)
                0x000000000000ea54                __aeabi_dcmpun
                0x000000000000ea54                __unorddf2
 .text          0x000000000000ea80       0x50 /opt/gcc-arm-none-eabi-10.3-2021.10/bin/../lib/gcc/arm-none-eabi/10.3.1/thumb/v7e-m+fp/softfp/libgcc.a(_arm_fixdfsi.o)
                0x000000000000ea80                __fixdfsi
                0x000000000000ea80                __aeabi_d2iz
 .text._sbrk    0x000000000000ead0       0x1c /opt/gcc-arm-none-eabi-10.3-2021.10/bin/../lib/gcc/arm-none-eabi/10.3.1/../../../../arm-none-eabi/lib/thumb/v7e-m+fp/softfp/libnosys.a(sbrk.o)
                0x000000000000ead0                _sbrk
 *(.init)
 *(.fini)
 *crtbegin.o(.ctors)
 *crtbegin?.o(.ctors)
 *(EXCLUDE_FILE(*crtend.o *crtend?.o) .ctors)
 *(SORT_BY_NAME(.ctors.*))
 *(.ctors)
 *crtbegin.o(.dtors)
 *crtbegin?.o(.dtors)
 *(EXCLUDE_FILE(*crtend.o *crtend?.o) .dtors)
 *(SORT_BY_NAME(.dtors.*))
 *(.dtors)
 *(.rodata*)
 .rodata        0x000000000000eaec       0xb6 build/tsb0/app_main.o
                0x000000000000eaec                gHeaderData
                0x000000000000eb7c                gHeaderEnd
                0x000000000000eb80                gHeaderSize
 *fill*         0x000000000000eba2        0x2 
 .rodata.moduulROM.21
                0x000000000000eba4        0x5 build/tsb0/app_main.o
 *fill*         0x000000000000eba9        0x3 
 .rodata.strROM.20
                0x000000000000ebac        0xa build/tsb0/app_main.o
 *fill*         0x000000000000ebb6        0x2 
 .rodata.moduulROM.19
                0x000000000000ebb8        0x5 build/tsb0/app_main.o
 *fill*         0x000000000000ebbd        0x3 
 .rodata.strROM.18
                0x000000000000ebc0        0xe build/tsb0/app_main.o
 *fill*         0x000000000000ebce        0x2 
 .rodata.moduulROM.17
                0x000000000000ebd0        0x5 build/tsb0/app_main.o
 *fill*         0x000000000000ebd5        0x3 
 .rodata.strROM.16
                0x000000000000ebd8        0xf build/tsb0/app_main.o
 *fill*         0x000000000000ebe7        0x1 
 .rodata.moduulROM.15
                0x000000000000ebe8        0x5 build/tsb0/app_main.o
 *fill*         0x000000000000ebed        0x3 
 .rodata.strROM.14
                0x000000000000ebf0        0xe build/tsb0/app_main.o
 *fill*         0x000000000000ebfe        0x2 
 .rodata.moduulROM.13
                0x000000000000ec00        0x5 build/tsb0/app_main.o
 *fill*         0x000000000000ec05        0x3 
 .rodata.strROM.12
                0x000000000000ec08        0x8 build/tsb0/app_main.o
 .rodata.moduulROM.11
                0x000000000000ec10        0x5 build/tsb0/app_main.o
 *fill*         0x000000000000ec15        0x3 
 .rodata.strROM.10
                0x000000000000ec18        0x8 build/tsb0/app_main.o
 .rodata.moduulROM.9
                0x000000000000ec20        0x5 build/tsb0/app_main.o
 *fill*         0x000000000000ec25        0x3 
 .rodata.strROM.8
                0x000000000000ec28        0x8 build/tsb0/app_main.o
 .rodata.moduulROM.7
                0x000000000000ec30        0x5 build/tsb0/app_main.o
 *fill*         0x000000000000ec35        0x3 
 .rodata.strROM.6
                0x000000000000ec38       0x26 build/tsb0/app_main.o
 *fill*         0x000000000000ec5e        0x2 
 .rodata.moduulROM.5
                0x000000000000ec60        0x5 build/tsb0/app_main.o
 *fill*         0x000000000000ec65        0x3 
 .rodata.strROM.4
                0x000000000000ec68        0xf build/tsb0/app_main.o
 *fill*         0x000000000000ec77        0x1 
 .rodata        0x000000000000ec78       0x10 build/tsb0/i2c_handler.o
 .rodata.moduulROM.1
                0x000000000000ec88        0x5 build/tsb0/gpio_handler.o
 *fill*         0x000000000000ec8d        0x3 
 .rodata.strROM.0
                0x000000000000ec90       0x1a build/tsb0/gpio_handler.o
 *fill*         0x000000000000ecaa        0x2 
 .rodata.moduulROM.11
                0x000000000000ecac        0x5 build/tsb0/mma8653fc_driver.o
 *fill*         0x000000000000ecb1        0x3 
 .rodata.strROM.10
                0x000000000000ecb4       0x17 build/tsb0/mma8653fc_driver.o
 *fill*         0x000000000000eccb        0x1 
 .rodata.moduulROM.5
                0x000000000000eccc        0x5 build/tsb0/mma8653fc_driver.o
 *fill*         0x000000000000ecd1        0x3 
 .rodata.strROM.4
                0x000000000000ecd4        0x6 build/tsb0/mma8653fc_driver.o
 *fill*         0x000000000000ecda        0x2 
 .rodata.moduulROM.1
                0x000000000000ecdc        0x5 build/tsb0/mma8653fc_driver.o
 *fill*         0x000000000000ece1        0x3 
 .rodata.strROM.0
                0x000000000000ece4       0x13 build/tsb0/mma8653fc_driver.o
 *fill*         0x000000000000ecf7        0x1 
 .rodata        0x000000000000ecf8        0x5 build/tsb0//home/rudolf/node-apps/zoo/FreeRTOS-Kernel/tasks.o
 *fill*         0x000000000000ecfd        0x3 
 .rodata        0x000000000000ed00        0x8 build/tsb0//home/rudolf/node-apps/zoo/FreeRTOS-Kernel/timers.o
 .rodata        0x000000000000ed08       0x1c build/tsb0//opt/gecko_sdk/hardware/kit/common/drivers/retargetserial.o
 .rodata.flashWsTable
                0x000000000000ed24       0x28 build/tsb0//opt/gecko_sdk/platform/emlib/src/em_cmu.o
 .rodata.resetCauseMasks
                0x000000000000ed4c       0x48 build/tsb0//opt/gecko_sdk/platform/emlib/src/em_rmu.o
 .rodata.i2cNSum
                0x000000000000ed94        0x4 build/tsb0//opt/gecko_sdk/platform/emlib/src/em_i2c.o
 .rodata        0x000000000000ed98       0x3d build/tsb0//home/rudolf/node-apps/zoo/thinnect.lll/logging/loggers_ext.o
 *fill*         0x000000000000edd5        0x3 
 .rodata        0x000000000000edd8       0x12 build/tsb0//home/rudolf/node-apps/zoo/thinnect.dev-platforms/make/boards/../../src/boards/tsb0/platform.o
 *fill*         0x000000000000edea        0x2 
 .rodata._global_impure_ptr
                0x000000000000edec        0x4 /opt/gcc-arm-none-eabi-10.3-2021.10/bin/../lib/gcc/arm-none-eabi/10.3.1/../../../../arm-none-eabi/lib/thumb/v7e-m+fp/softfp/libg.a(lib_a-impure.o)
                0x000000000000edec                _global_impure_ptr
 .rodata._svfprintf_r.str1.4
                0x000000000000edf0       0x42 /opt/gcc-arm-none-eabi-10.3-2021.10/bin/../lib/gcc/arm-none-eabi/10.3.1/../../../../arm-none-eabi/lib/thumb/v7e-m+fp/softfp/libg.a(lib_a-svfprintf.o)
 *fill*         0x000000000000ee32        0x2 
 .rodata.blanks.1
                0x000000000000ee34       0x10 /opt/gcc-arm-none-eabi-10.3-2021.10/bin/../lib/gcc/arm-none-eabi/10.3.1/../../../../arm-none-eabi/lib/thumb/v7e-m+fp/softfp/libg.a(lib_a-svfprintf.o)
 .rodata.zeroes.0
                0x000000000000ee44       0x10 /opt/gcc-arm-none-eabi-10.3-2021.10/bin/../lib/gcc/arm-none-eabi/10.3.1/../../../../arm-none-eabi/lib/thumb/v7e-m+fp/softfp/libg.a(lib_a-svfprintf.o)
 .rodata._dtoa_r.str1.4
                0x000000000000ee54       0xa2 /opt/gcc-arm-none-eabi-10.3-2021.10/bin/../lib/gcc/arm-none-eabi/10.3.1/../../../../arm-none-eabi/lib/thumb/v7e-m+fp/softfp/libg.a(lib_a-dtoa.o)
                                         0xa6 (size before relaxing)
 *fill*         0x000000000000eef6        0x2 
 .rodata.__multadd.str1.4
                0x000000000000eef8       0x7f /opt/gcc-arm-none-eabi-10.3-2021.10/bin/../lib/gcc/arm-none-eabi/10.3.1/../../../../arm-none-eabi/lib/thumb/v7e-m+fp/softfp/libg.a(lib_a-mprec.o)
                                         0x93 (size before relaxing)
 *fill*         0x000000000000ef77        0x1 
 .rodata.__mprec_bigtens
                0x000000000000ef78       0x28 /opt/gcc-arm-none-eabi-10.3-2021.10/bin/../lib/gcc/arm-none-eabi/10.3.1/../../../../arm-none-eabi/lib/thumb/v7e-m+fp/softfp/libg.a(lib_a-mprec.o)
                0x000000000000ef78                __mprec_bigtens
 .rodata.__mprec_tens
                0x000000000000efa0       0xc8 /opt/gcc-arm-none-eabi-10.3-2021.10/bin/../lib/gcc/arm-none-eabi/10.3.1/../../../../arm-none-eabi/lib/thumb/v7e-m+fp/softfp/libg.a(lib_a-mprec.o)
                0x000000000000efa0                __mprec_tens
 .rodata.p05.0  0x000000000000f068        0xc /opt/gcc-arm-none-eabi-10.3-2021.10/bin/../lib/gcc/arm-none-eabi/10.3.1/../../../../arm-none-eabi/lib/thumb/v7e-m+fp/softfp/libg.a(lib_a-mprec.o)
 .rodata.__assert_func.str1.4
                0x000000000000f074       0x3f /opt/gcc-arm-none-eabi-10.3-2021.10/bin/../lib/gcc/arm-none-eabi/10.3.1/../../../../arm-none-eabi/lib/thumb/v7e-m+fp/softfp/libg.a(lib_a-assert.o)
                                         0x43 (size before relaxing)
 *fill*         0x000000000000f0b3        0x1 
 .rodata._setlocale_r.str1.4
                0x000000000000f0b4        0xa /opt/gcc-arm-none-eabi-10.3-2021.10/bin/../lib/gcc/arm-none-eabi/10.3.1/../../../../arm-none-eabi/lib/thumb/v7e-m+fp/softfp/libg.a(lib_a-locale.o)
                                          0xd (size before relaxing)
 *fill*         0x000000000000f0be        0x2 
 .rodata.str1.4
                0x000000000000f0c0        0x2 /opt/gcc-arm-none-eabi-10.3-2021.10/bin/../lib/gcc/arm-none-eabi/10.3.1/../../../../arm-none-eabi/lib/thumb/v7e-m+fp/softfp/libg.a(lib_a-locale.o)
 .rodata._vfiprintf_r.str1.4
                0x000000000000f0c2       0x2f /opt/gcc-arm-none-eabi-10.3-2021.10/bin/../lib/gcc/arm-none-eabi/10.3.1/../../../../arm-none-eabi/lib/thumb/v7e-m+fp/softfp/libg.a(lib_a-vfiprintf.o)
 *fill*         0x000000000000f0c2        0x2 
 .rodata.blanks.1
                0x000000000000f0c4       0x10 /opt/gcc-arm-none-eabi-10.3-2021.10/bin/../lib/gcc/arm-none-eabi/10.3.1/../../../../arm-none-eabi/lib/thumb/v7e-m+fp/softfp/libg.a(lib_a-vfiprintf.o)
 .rodata.zeroes.0
                0x000000000000f0d4       0x10 /opt/gcc-arm-none-eabi-10.3-2021.10/bin/../lib/gcc/arm-none-eabi/10.3.1/../../../../arm-none-eabi/lib/thumb/v7e-m+fp/softfp/libg.a(lib_a-vfiprintf.o)
 .rodata._ctype_
                0x000000000000f0e4      0x101 /opt/gcc-arm-none-eabi-10.3-2021.10/bin/../lib/gcc/arm-none-eabi/10.3.1/../../../../arm-none-eabi/lib/thumb/v7e-m+fp/softfp/libg.a(lib_a-ctype_.o)
                0x000000000000f0e4                _ctype_
 *(.eh_frame*)

.glue_7         0x000000000000f1e8        0x0
 .glue_7        0x000000000000f1e8        0x0 linker stubs

.glue_7t        0x000000000000f1e8        0x0
 .glue_7t       0x000000000000f1e8        0x0 linker stubs

.vfp11_veneer   0x000000000000f1e8        0x0
 .vfp11_veneer  0x000000000000f1e8        0x0 linker stubs

.v4_bx          0x000000000000f1e8        0x0
 .v4_bx         0x000000000000f1e8        0x0 linker stubs

.iplt           0x000000000000f1e8        0x0
 .iplt          0x000000000000f1e8        0x0 build/tsb0/app_main.o

.ARM.extab
 *(.ARM.extab* .gnu.linkonce.armextab.*)
                0x000000000000f1e5                __exidx_start = .

.ARM.exidx      0x000000000000f1e8        0x8
 *(.ARM.exidx* .gnu.linkonce.armexidx.*)
 .ARM.exidx     0x000000000000f1e8        0x8 /opt/gcc-arm-none-eabi-10.3-2021.10/bin/../lib/gcc/arm-none-eabi/10.3.1/thumb/v7e-m+fp/softfp/libgcc.a(_udivmoddi4.o)
                0x000000000000f1f0                __exidx_end = .
                0x000000000000f1f0                __etext = .

.rel.dyn        0x000000000000f1f0        0x0
 .rel.iplt      0x000000000000f1f0        0x0 build/tsb0/app_main.o

.data           0x0000000020000000      0x9d4 load address 0x000000000000f1f0
                0x0000000020000000                __data_start__ = .
 *(vtable)
 *(.data*)
 .data.uxCriticalNesting
                0x0000000020000000        0x4 build/tsb0//home/rudolf/node-apps/zoo/FreeRTOS-Kernel/portable/GCC/ARM_CM4F/port.o
 .data.xHeapRegions
                0x0000000020000004       0x10 build/tsb0//home/rudolf/node-apps/zoo/thinnect.cmsis-freertos/CMSIS-FreeRTOS/CMSIS/RTOS2/FreeRTOS/Source/cmsis_os2.o
 .data.auxHfrcoFreq
                0x0000000020000014        0x4 build/tsb0//opt/gecko_sdk/platform/emlib/src/em_cmu.o
 .data.SystemHFXOClock
                0x0000000020000018        0x4 build/tsb0//opt/gecko_sdk/platform/Device/SiliconLabs/EFR32MG12P/Source/system_efr32mg12p.o
 .data.SystemLFXOClock
                0x000000002000001c        0x4 build/tsb0//opt/gecko_sdk/platform/Device/SiliconLabs/EFR32MG12P/Source/system_efr32mg12p.o
 .data.SystemCoreClock
                0x0000000020000020        0x4 build/tsb0//opt/gecko_sdk/platform/Device/SiliconLabs/EFR32MG12P/Source/system_efr32mg12p.o
                0x0000000020000020                SystemCoreClock
 .data.SystemHfrcoFreq
                0x0000000020000024        0x4 build/tsb0//opt/gecko_sdk/platform/Device/SiliconLabs/EFR32MG12P/Source/system_efr32mg12p.o
                0x0000000020000024                SystemHfrcoFreq
 .data._impure_ptr
                0x0000000020000028        0x4 /opt/gcc-arm-none-eabi-10.3-2021.10/bin/../lib/gcc/arm-none-eabi/10.3.1/../../../../arm-none-eabi/lib/thumb/v7e-m+fp/softfp/libg.a(lib_a-impure.o)
                0x0000000020000028                _impure_ptr
 *fill*         0x000000002000002c        0x4 
 .data.impure_data
                0x0000000020000030      0x428 /opt/gcc-arm-none-eabi-10.3-2021.10/bin/../lib/gcc/arm-none-eabi/10.3.1/../../../../arm-none-eabi/lib/thumb/v7e-m+fp/softfp/libg.a(lib_a-impure.o)
 .data.__malloc_av_
                0x0000000020000458      0x408 /opt/gcc-arm-none-eabi-10.3-2021.10/bin/../lib/gcc/arm-none-eabi/10.3.1/../../../../arm-none-eabi/lib/thumb/v7e-m+fp/softfp/libg.a(lib_a-mallocr.o)
                0x0000000020000458                __malloc_av_
 .data.__malloc_sbrk_base
                0x0000000020000860        0x4 /opt/gcc-arm-none-eabi-10.3-2021.10/bin/../lib/gcc/arm-none-eabi/10.3.1/../../../../arm-none-eabi/lib/thumb/v7e-m+fp/softfp/libg.a(lib_a-mallocr.o)
                0x0000000020000860                __malloc_sbrk_base
 .data.__malloc_trim_threshold
                0x0000000020000864        0x4 /opt/gcc-arm-none-eabi-10.3-2021.10/bin/../lib/gcc/arm-none-eabi/10.3.1/../../../../arm-none-eabi/lib/thumb/v7e-m+fp/softfp/libg.a(lib_a-mallocr.o)
                0x0000000020000864                __malloc_trim_threshold
 .data.__global_locale
                0x0000000020000868      0x16c /opt/gcc-arm-none-eabi-10.3-2021.10/bin/../lib/gcc/arm-none-eabi/10.3.1/../../../../arm-none-eabi/lib/thumb/v7e-m+fp/softfp/libg.a(lib_a-locale.o)
                0x0000000020000868                __global_locale
                0x00000000200009d4                . = ALIGN (0x4)
                [!provide]                        PROVIDE (__ram_func_section_start = .)
 *(.ram)
                [!provide]                        PROVIDE (__ram_func_section_end = .)
                0x00000000200009d4                . = ALIGN (0x4)
                [!provide]                        PROVIDE (__preinit_array_start = .)
 *(.preinit_array)
                [!provide]                        PROVIDE (__preinit_array_end = .)
                0x00000000200009d4                . = ALIGN (0x4)
                [!provide]                        PROVIDE (__init_array_start = .)
 *(SORT_BY_NAME(.init_array.*))
 *(.init_array)
                [!provide]                        PROVIDE (__init_array_end = .)
                0x00000000200009d4                . = ALIGN (0x4)
                [!provide]                        PROVIDE (__fini_array_start = .)
 *(SORT_BY_NAME(.fini_array.*))
 *(.fini_array)
                [!provide]                        PROVIDE (__fini_array_end = .)
 *(.jcr*)
                0x00000000200009d4                . = ALIGN (0x4)
                0x00000000200009d4                __data_end__ = .

.igot.plt       0x00000000200009d4        0x0 load address 0x000000000000fbc4
 .igot.plt      0x00000000200009d4        0x0 build/tsb0/app_main.o

.bss            0x00000000200009d4     0xbc3c load address 0x000000000000fbc4
                0x00000000200009d4                . = ALIGN (0x4)
                0x00000000200009d4                __bss_start__ = .
 *(.bss*)
 .bss.dataReadyThreadId
                0x00000000200009d4        0x4 build/tsb0/app_main.o