Archive member included to satisfy reference by file (symbol)

/opt/gcc-arm-none-eabi-10.3-2021.10/bin/../lib/gcc/arm-none-eabi/10.3.1/thumb/v7e-m+fp/softfp/libgcc.a(_aeabi_uldivmod.o)
                              build/tsb0//opt/gecko_sdk/platform/emlib/src/em_usart.o (__aeabi_uldivmod)
/opt/gcc-arm-none-eabi-10.3-2021.10/bin/../lib/gcc/arm-none-eabi/10.3.1/thumb/v7e-m+fp/softfp/libgcc.a(_udivmoddi4.o)
                              /opt/gcc-arm-none-eabi-10.3-2021.10/bin/../lib/gcc/arm-none-eabi/10.3.1/thumb/v7e-m+fp/softfp/libgcc.a(_aeabi_uldivmod.o) (__udivmoddi4)
/opt/gcc-arm-none-eabi-10.3-2021.10/bin/../lib/gcc/arm-none-eabi/10.3.1/thumb/v7e-m+fp/softfp/libgcc.a(_dvmd_tls.o)
                              /opt/gcc-arm-none-eabi-10.3-2021.10/bin/../lib/gcc/arm-none-eabi/10.3.1/thumb/v7e-m+fp/softfp/libgcc.a(_aeabi_uldivmod.o) (__aeabi_ldiv0)
/opt/gcc-arm-none-eabi-10.3-2021.10/bin/../lib/gcc/arm-none-eabi/10.3.1/../../../../arm-none-eabi/lib/thumb/v7e-m+fp/softfp/libg.a(lib_a-abs.o)
                              build/tsb0/app_main.o (abs)
/opt/gcc-arm-none-eabi-10.3-2021.10/bin/../lib/gcc/arm-none-eabi/10.3.1/../../../../arm-none-eabi/lib/thumb/v7e-m+fp/softfp/libg.a(lib_a-fflush.o)
                              build/tsb0/app_main.o (fflush)
/opt/gcc-arm-none-eabi-10.3-2021.10/bin/../lib/gcc/arm-none-eabi/10.3.1/../../../../arm-none-eabi/lib/thumb/v7e-m+fp/softfp/libg.a(lib_a-findfp.o)
                              /opt/gcc-arm-none-eabi-10.3-2021.10/bin/../lib/gcc/arm-none-eabi/10.3.1/../../../../arm-none-eabi/lib/thumb/v7e-m+fp/softfp/libg.a(lib_a-fflush.o) (__sinit)
/opt/gcc-arm-none-eabi-10.3-2021.10/bin/../lib/gcc/arm-none-eabi/10.3.1/../../../../arm-none-eabi/lib/thumb/v7e-m+fp/softfp/libg.a(lib_a-freer.o)
                              /opt/gcc-arm-none-eabi-10.3-2021.10/bin/../lib/gcc/arm-none-eabi/10.3.1/../../../../arm-none-eabi/lib/thumb/v7e-m+fp/softfp/libg.a(lib_a-fflush.o) (_free_r)
/opt/gcc-arm-none-eabi-10.3-2021.10/bin/../lib/gcc/arm-none-eabi/10.3.1/../../../../arm-none-eabi/lib/thumb/v7e-m+fp/softfp/libg.a(lib_a-fwalk.o)
                              /opt/gcc-arm-none-eabi-10.3-2021.10/bin/../lib/gcc/arm-none-eabi/10.3.1/../../../../arm-none-eabi/lib/thumb/v7e-m+fp/softfp/libg.a(lib_a-findfp.o) (_fwalk)
/opt/gcc-arm-none-eabi-10.3-2021.10/bin/../lib/gcc/arm-none-eabi/10.3.1/../../../../arm-none-eabi/lib/thumb/v7e-m+fp/softfp/libg.a(lib_a-fwrite.o)
                              build/tsb0/app_main.o (fwrite)
/opt/gcc-arm-none-eabi-10.3-2021.10/bin/../lib/gcc/arm-none-eabi/10.3.1/../../../../arm-none-eabi/lib/thumb/v7e-m+fp/softfp/libg.a(lib_a-impure.o)
                              /opt/gcc-arm-none-eabi-10.3-2021.10/bin/../lib/gcc/arm-none-eabi/10.3.1/../../../../arm-none-eabi/lib/thumb/v7e-m+fp/softfp/libg.a(lib_a-fflush.o) (_global_impure_ptr)
/opt/gcc-arm-none-eabi-10.3-2021.10/bin/../lib/gcc/arm-none-eabi/10.3.1/../../../../arm-none-eabi/lib/thumb/v7e-m+fp/softfp/libg.a(lib_a-lock.o)
                              /opt/gcc-arm-none-eabi-10.3-2021.10/bin/../lib/gcc/arm-none-eabi/10.3.1/../../../../arm-none-eabi/lib/thumb/v7e-m+fp/softfp/libg.a(lib_a-findfp.o) (__retarget_lock_init_recursive)
/opt/gcc-arm-none-eabi-10.3-2021.10/bin/../lib/gcc/arm-none-eabi/10.3.1/../../../../arm-none-eabi/lib/thumb/v7e-m+fp/softfp/libg.a(lib_a-mallocr.o)
                              /opt/gcc-arm-none-eabi-10.3-2021.10/bin/../lib/gcc/arm-none-eabi/10.3.1/../../../../arm-none-eabi/lib/thumb/v7e-m+fp/softfp/libg.a(lib_a-findfp.o) (_malloc_r)
/opt/gcc-arm-none-eabi-10.3-2021.10/bin/../lib/gcc/arm-none-eabi/10.3.1/../../../../arm-none-eabi/lib/thumb/v7e-m+fp/softfp/libg.a(lib_a-memcpy.o)
                              build/tsb0//home/rudolf/node-apps/zoo/FreeRTOS-Kernel/stream_buffer.o (memcpy)
/opt/gcc-arm-none-eabi-10.3-2021.10/bin/../lib/gcc/arm-none-eabi/10.3.1/../../../../arm-none-eabi/lib/thumb/v7e-m+fp/softfp/libg.a(lib_a-memset.o)
                              build/tsb0/app_main.o (memset)
/opt/gcc-arm-none-eabi-10.3-2021.10/bin/../lib/gcc/arm-none-eabi/10.3.1/../../../../arm-none-eabi/lib/thumb/v7e-m+fp/softfp/libg.a(lib_a-mlock.o)
                              /opt/gcc-arm-none-eabi-10.3-2021.10/bin/../lib/gcc/arm-none-eabi/10.3.1/../../../../arm-none-eabi/lib/thumb/v7e-m+fp/softfp/libg.a(lib_a-freer.o) (__malloc_lock)
/opt/gcc-arm-none-eabi-10.3-2021.10/bin/../lib/gcc/arm-none-eabi/10.3.1/../../../../arm-none-eabi/lib/thumb/v7e-m+fp/softfp/libg.a(lib_a-sbrkr.o)
                              /opt/gcc-arm-none-eabi-10.3-2021.10/bin/../lib/gcc/arm-none-eabi/10.3.1/../../../../arm-none-eabi/lib/thumb/v7e-m+fp/softfp/libg.a(lib_a-freer.o) (_sbrk_r)
/opt/gcc-arm-none-eabi-10.3-2021.10/bin/../lib/gcc/arm-none-eabi/10.3.1/../../../../arm-none-eabi/lib/thumb/v7e-m+fp/softfp/libg.a(lib_a-setvbuf.o)
                              build/tsb0//opt/gecko_sdk/hardware/kit/common/drivers/retargetserial.o (setvbuf)
[...]
Memory Configuration

Name             Origin             Length             Attributes
FLASH            0x0000000000000000 0x0000000000100000 xr
RAM              0x0000000020000000 0x0000000000040000 xrw
*default*        0x0000000000000000 0xffffffffffffffff

Linker script and memory map

LOAD build/tsb0/app_main.o
LOAD build/tsb0/i2c_handler.o
LOAD build/tsb0/gpio_handler.o
LOAD build/tsb0/mma8653fc_driver.o
LOAD build/tsb0//home/rudolf/node-apps/zoo/FreeRTOS-Kernel/portable/GCC/ARM_CM4F/port.o
LOAD build/tsb0//home/rudolf/node-apps/zoo/FreeRTOS-Kernel/portable/MemMang/heap_5.o
LOAD build/tsb0//home/rudolf/node-apps/zoo/FreeRTOS-Kernel/stream_buffer.o
LOAD build/tsb0//home/rudolf/node-apps/zoo/FreeRTOS-Kernel/queue.o
LOAD build/tsb0//home/rudolf/node-apps/zoo/FreeRTOS-Kernel/croutine.o
LOAD build/tsb0//home/rudolf/node-apps/zoo/FreeRTOS-Kernel/list.o
LOAD build/tsb0//home/rudolf/node-apps/zoo/FreeRTOS-Kernel/event_groups.o
LOAD build/tsb0//home/rudolf/node-apps/zoo/FreeRTOS-Kernel/tasks.o
LOAD build/tsb0//home/rudolf/node-apps/zoo/FreeRTOS-Kernel/timers.o
LOAD build/tsb0//home/rudolf/node-apps/zoo/thinnect.cmsis-freertos/CMSIS-FreeRTOS/CMSIS/RTOS2/FreeRTOS/Source/cmsis_os2.o
LOAD build/tsb0//opt/gecko_sdk/hardware/kit/common/drivers/retargetserial.o
LOAD build/tsb0//opt/gecko_sdk/hardware/kit/common/drivers/retargetio.o
LOAD build/tsb0//opt/gecko_sdk/platform/emlib/src/em_system.o
LOAD build/tsb0//opt/gecko_sdk/platform/emlib/src/em_core.o
LOAD build/tsb0//opt/gecko_sdk/platform/emlib/src/em_emu.o
LOAD build/tsb0//opt/gecko_sdk/platform/emlib/src/em_cmu.o
LOAD build/tsb0//opt/gecko_sdk/platform/emlib/src/em_rmu.o
LOAD build/tsb0//opt/gecko_sdk/platform/emlib/src/em_gpio.o
LOAD build/tsb0//opt/gecko_sdk/platform/emlib/src/em_usart.o
LOAD build/tsb0//opt/gecko_sdk/platform/emlib/src/em_msc.o
LOAD build/tsb0//opt/gecko_sdk/platform/emlib/src/em_timer.o
LOAD build/tsb0//opt/gecko_sdk/platform/emlib/src/em_i2c.o
LOAD build/tsb0//home/rudolf/node-apps/zoo/thinnect.node-platform/silabs/logger_fwrite.o
LOAD build/tsb0//home/rudolf/node-apps/zoo/thinnect.lll/logging/loggers_ext.o
LOAD build/tsb0//home/rudolf/node-apps/zoo/thinnect.device-signature/signature/DeviceSignature.o
LOAD build/tsb0//home/rudolf/node-apps/zoo/thinnect.device-signature/area/silabs/SignatureArea.o
LOAD build/tsb0//home/rudolf/node-apps/zoo/lammertb.libcrc/src/crcccitt.o
LOAD build/tsb0//opt/gecko_sdk/platform/Device/SiliconLabs/EFR32MG12P/Source/GCC/startup_efr32mg12p.o
LOAD build/tsb0//opt/gecko_sdk/platform/Device/SiliconLabs/EFR32MG12P/Source/system_efr32mg12p.o
LOAD build/tsb0//home/rudolf/node-apps/zoo/thinnect.dev-platforms/make/boards/../../src/boards/tsb0/platform.o
LOAD build/tsb0//home/rudolf/node-apps/zoo/thinnect.node-platform/silabs/platform_io.o
LOAD /opt/gcc-arm-none-eabi-10.3-2021.10/bin/../lib/gcc/arm-none-eabi/10.3.1/thumb/v7e-m+fp/softfp/libgcc.a
LOAD /opt/gcc-arm-none-eabi-10.3-2021.10/bin/../lib/gcc/arm-none-eabi/10.3.1/../../../../arm-none-eabi/lib/thumb/v7e-m+fp/softfp/libm.a
LOAD /opt/gecko_sdk/platform/CMSIS/Lib/GCC/libarm_cortexM4lf_math.a
LOAD /opt/gecko_sdk/platform/radio/rail_lib/autogen/librail_release/librail_efr32xg12_gcc_release.a

.text           0x0000000000000000     0xeb1d
 *(.vectors)
 .vectors       0x0000000000000000      0x10c build/tsb0//opt/gecko_sdk/platform/Device/SiliconLabs/EFR32MG12P/Source/GCC/startup_efr32mg12p.o
                0x0000000000000000                __Vectors
                0x000000000000010c                __Vectors_End = .
                0x000000000000010c                __Vectors_Size = (__Vectors_End - __Vectors)
                0x000000002000c600                __end__ = .
 *(.text*)
 .text.hb_loop  0x000000000000010c       0x28 build/tsb0/app_main.o
 .text.mma_data_ready_loop
                0x0000000000000134      0x268 build/tsb0/app_main.o
 .text.logger_fwrite_boot
                0x000000000000039c       0x34 build/tsb0/app_main.o
                0x000000000000039c                logger_fwrite_boot
 .text.main     0x00000000000003d0       0xdc build/tsb0/app_main.o
                0x00000000000003d0                main
 .text.calc_signal_energy
                0x00000000000004ac       0xf0 build/tsb0/app_main.o
                0x00000000000004ac                calc_signal_energy
 .text.i2c_init
                0x000000000000059c       0x4c build/tsb0/i2c_handler.o
                0x000000000000059c                i2c_init
 .text.i2c_enable
                0x00000000000005e8       0x14 build/tsb0/i2c_handler.o
                0x00000000000005e8                i2c_enable
 .text.i2c_transaction
                0x00000000000005fc       0x38 build/tsb0/i2c_handler.o
                0x00000000000005fc                i2c_transaction
 .text.__NVIC_EnableIRQ
                0x0000000000000634       0x3c build/tsb0/gpio_handler.o
 .text.__NVIC_SetPriority
                0x0000000000000670       0x54 build/tsb0/gpio_handler.o
 .text.BUS_RegMaskedSet
                0x00000000000006c4       0x24 build/tsb0/gpio_handler.o
 .text.GPIO_IntClear
                0x00000000000006e8       0x20 build/tsb0/gpio_handler.o
 .text.GPIO_IntEnable
                0x0000000000000708       0x1c build/tsb0/gpio_handler.o
 .text.GPIO_IntGetEnabled
                0x0000000000000724       0x28 build/tsb0/gpio_handler.o
 .text.gpio_i2c_pin_init
                0x000000000000074c       0x2c build/tsb0/gpio_handler.o
                0x000000000000074c                gpio_i2c_pin_init
 .text.gpio_external_interrupt_init
                0x0000000000000778       0x4c build/tsb0/gpio_handler.o
                0x0000000000000778                gpio_external_interrupt_init
 .text.gpio_external_interrupt_enable
                0x00000000000007c4       0x40 build/tsb0/gpio_handler.o
                0x00000000000007c4                gpio_external_interrupt_enable
 .text.GPIO_ODD_IRQHandler
                0x0000000000000804       0x30 build/tsb0/gpio_handler.o
                0x0000000000000804                GPIO_ODD_IRQHandler
 .text.set_sensor_active
                0x0000000000000834       0x2a build/tsb0/mma8653fc_driver.o
                0x0000000000000834                set_sensor_active
 .text.set_sensor_standby
                0x000000000000085e       0x2a build/tsb0/mma8653fc_driver.o
                0x000000000000085e                set_sensor_standby
 .text.read_whoami
                0x0000000000000888       0x10 build/tsb0/mma8653fc_driver.o
                0x0000000000000888                read_whoami
 .text.configure_xyz_data
                0x0000000000000898       0x9a build/tsb0/mma8653fc_driver.o
                0x0000000000000898                configure_xyz_data
 *fill*         0x0000000000000932        0x2 
 .text.configure_interrupt
                0x0000000000000934       0xf0 build/tsb0/mma8653fc_driver.o
                0x0000000000000934                configure_interrupt
 .text.get_xyz_data
                0x0000000000000a24       0x66 build/tsb0/mma8653fc_driver.o
                0x0000000000000a24                get_xyz_data
 *fill*         0x0000000000000a8a        0x2 
 .text.read_registry
                0x0000000000000a8c       0x58 build/tsb0/mma8653fc_driver.o
 .text.write_registry
                0x0000000000000ae4       0x58 build/tsb0/mma8653fc_driver.o
 .text.read_multiple_registries
                0x0000000000000b3c       0x2c build/tsb0/mma8653fc_driver.o
 .text.convert_to_count
                0x0000000000000b68       0x1a build/tsb0/mma8653fc_driver.o
                0x0000000000000b68                convert_to_count
 *fill*         0x0000000000000b82        0x2 
 .text.pxPortInitialiseStack
                0x0000000000000b84       0x68 build/tsb0//home/rudolf/node-apps/zoo/FreeRTOS-Kernel/portable/GCC/ARM_CM4F/port.o
                0x0000000000000b84                pxPortInitialiseStack
 .text.prvTaskExitError
                0x0000000000000bec       0x48 build/tsb0//home/rudolf/node-apps/zoo/FreeRTOS-Kernel/portable/GCC/ARM_CM4F/port.o
 *fill*         0x0000000000000c34        0xc 
 .text.SVC_Handler
                0x0000000000000c40       0x28 build/tsb0//home/rudolf/node-apps/zoo/FreeRTOS-Kernel/portable/GCC/ARM_CM4F/port.o
                0x0000000000000c40                SVC_Handler
 .text.prvPortStartFirstTask
                0x0000000000000c68       0x28 build/tsb0//home/rudolf/node-apps/zoo/FreeRTOS-Kernel/portable/GCC/ARM_CM4F/port.o
 .text.xPortStartScheduler
                0x0000000000000c90      0x10c build/tsb0//home/rudolf/node-apps/zoo/FreeRTOS-Kernel/portable/GCC/ARM_CM4F/port.o
                0x0000000000000c90                xPortStartScheduler
 .text.vPortEnterCritical
                0x0000000000000d9c       0x50 build/tsb0//home/rudolf/node-apps/zoo/FreeRTOS-Kernel/portable/GCC/ARM_CM4F/port.o
                0x0000000000000d9c                vPortEnterCritical
 .text.vPortExitCritical
                0x0000000000000dec       0x40 build/tsb0//home/rudolf/node-apps/zoo/FreeRTOS-Kernel/portable/GCC/ARM_CM4F/port.o
                0x0000000000000dec                vPortExitCritical
 *fill*         0x0000000000000e2c        0x4 
 .text.PendSV_Handler
                0x0000000000000e30       0x68 build/tsb0//home/rudolf/node-apps/zoo/FreeRTOS-Kernel/portable/GCC/ARM_CM4F/port.o
                0x0000000000000e30                PendSV_Handler
 .text.xPortSysTickHandler
                0x0000000000000e98       0x44 build/tsb0//home/rudolf/node-apps/zoo/FreeRTOS-Kernel/portable/GCC/ARM_CM4F/port.o
                0x0000000000000e98                xPortSysTickHandler
 .text.vPortSetupTimerInterrupt
                0x0000000000000edc       0x48 build/tsb0//home/rudolf/node-apps/zoo/FreeRTOS-Kernel/portable/GCC/ARM_CM4F/port.o
                0x0000000000000edc                vPortSetupTimerInterrupt
 .text.vPortEnableVFP
                0x0000000000000f24       0x14 build/tsb0//home/rudolf/node-apps/zoo/FreeRTOS-Kernel/portable/GCC/ARM_CM4F/port.o
 .text.vPortValidateInterruptPriority
                0x0000000000000f38       0x5c build/tsb0//home/rudolf/node-apps/zoo/FreeRTOS-Kernel/portable/GCC/ARM_CM4F/port.o
                0x0000000000000f38                vPortValidateInterruptPriority
 .text.pvPortMalloc
                0x0000000000000f94      0x134 build/tsb0//home/rudolf/node-apps/zoo/FreeRTOS-Kernel/portable/MemMang/heap_5.o
                0x0000000000000f94                pvPortMalloc
 .text.vPortFree
                0x00000000000010c8       0xa0 build/tsb0//home/rudolf/node-apps/zoo/FreeRTOS-Kernel/portable/MemMang/heap_5.o
                0x00000000000010c8                vPortFree
 .text.prvInsertBlockIntoFreeList
                0x0000000000001168       0xb4 build/tsb0//home/rudolf/node-apps/zoo/FreeRTOS-Kernel/portable/MemMang/heap_5.o
 .text.vPortDefineHeapRegions
                0x000000000000121c      0x14c build/tsb0//home/rudolf/node-apps/zoo/FreeRTOS-Kernel/portable/MemMang/heap_5.o
                0x000000000000121c                vPortDefineHeapRegions
 .text.xQueueGenericReset
                0x0000000000001368       0xc0 build/tsb0//home/rudolf/node-apps/zoo/FreeRTOS-Kernel/queue.o
                0x0000000000001368                xQueueGenericReset
 .text.xQueueGenericCreateStatic
                0x0000000000001428       0x96 build/tsb0//home/rudolf/node-apps/zoo/FreeRTOS-Kernel/queue.o
                0x0000000000001428                xQueueGenericCreateStatic
 .text.xQueueGenericCreate
                0x00000000000014be       0x62 build/tsb0//home/rudolf/node-apps/zoo/FreeRTOS-Kernel/queue.o
                0x00000000000014be                xQueueGenericCreate
 .text.prvInitialiseNewQueue
                0x0000000000001520       0x46 build/tsb0//home/rudolf/node-apps/zoo/FreeRTOS-Kernel/queue.o
 .text.prvInitialiseMutex
                0x0000000000001566       0x34 build/tsb0//home/rudolf/node-apps/zoo/FreeRTOS-Kernel/queue.o
 .text.xQueueCreateMutex
                0x000000000000159a       0x30 build/tsb0//home/rudolf/node-apps/zoo/FreeRTOS-Kernel/queue.o
                0x000000000000159a                xQueueCreateMutex
 .text.xQueueCreateMutexStatic
                0x00000000000015ca       0x36 build/tsb0//home/rudolf/node-apps/zoo/FreeRTOS-Kernel/queue.o
                0x00000000000015ca                xQueueCreateMutexStatic
 .text.xQueueGiveMutexRecursive
                0x0000000000001600       0x56 build/tsb0//home/rudolf/node-apps/zoo/FreeRTOS-Kernel/queue.o
                0x0000000000001600                xQueueGiveMutexRecursive
 .text.xQueueTakeMutexRecursive
                0x0000000000001656       0x5a build/tsb0//home/rudolf/node-apps/zoo/FreeRTOS-Kernel/queue.o
                0x0000000000001656                xQueueTakeMutexRecursive
 .text.xQueueGenericSend
                0x00000000000016b0      0x1b4 build/tsb0//home/rudolf/node-apps/zoo/FreeRTOS-Kernel/queue.o
                0x00000000000016b0                xQueueGenericSend
 .text.xQueueGenericSendFromISR
                0x0000000000001864      0x100 build/tsb0//home/rudolf/node-apps/zoo/FreeRTOS-Kernel/queue.o
                0x0000000000001864                xQueueGenericSendFromISR
 .text.xQueueReceive
                0x0000000000001964      0x188 build/tsb0//home/rudolf/node-apps/zoo/FreeRTOS-Kernel/queue.o
                0x0000000000001964                xQueueReceive
 .text.xQueueSemaphoreTake
                0x0000000000001aec      0x1d0 build/tsb0//home/rudolf/node-apps/zoo/FreeRTOS-Kernel/queue.o
                0x0000000000001aec                xQueueSemaphoreTake
 .text.prvGetDisinheritPriorityAfterTimeout
                0x0000000000001cbc       0x30 build/tsb0//home/rudolf/node-apps/zoo/FreeRTOS-Kernel/queue.o
 .text.prvCopyDataToQueue
                0x0000000000001cec       0xd4 build/tsb0//home/rudolf/node-apps/zoo/FreeRTOS-Kernel/queue.o
 .text.prvCopyDataFromQueue
                0x0000000000001dc0       0x4c build/tsb0//home/rudolf/node-apps/zoo/FreeRTOS-Kernel/queue.o
 .text.prvUnlockQueue
                0x0000000000001e0c       0xa4 build/tsb0//home/rudolf/node-apps/zoo/FreeRTOS-Kernel/queue.o
 .text.prvIsQueueEmpty
                0x0000000000001eb0       0x2c build/tsb0//home/rudolf/node-apps/zoo/FreeRTOS-Kernel/queue.o
 .text.prvIsQueueFull
                0x0000000000001edc       0x30 build/tsb0//home/rudolf/node-apps/zoo/FreeRTOS-Kernel/queue.o
 .text.vQueueWaitForMessageRestricted
                0x0000000000001f0c       0x68 build/tsb0//home/rudolf/node-apps/zoo/FreeRTOS-Kernel/queue.o
                0x0000000000001f0c                vQueueWaitForMessageRestricted
 .text.vListInitialise
                0x0000000000001f74       0x40 build/tsb0//home/rudolf/node-apps/zoo/FreeRTOS-Kernel/list.o
                0x0000000000001f74                vListInitialise
 .text.vListInitialiseItem
                0x0000000000001fb4       0x1a build/tsb0//home/rudolf/node-apps/zoo/FreeRTOS-Kernel/list.o
                0x0000000000001fb4                vListInitialiseItem
 .text.vListInsertEnd
                0x0000000000001fce       0x48 build/tsb0//home/rudolf/node-apps/zoo/FreeRTOS-Kernel/list.o
                0x0000000000001fce                vListInsertEnd
 .text.vListInsert
                0x0000000000002016       0x72 build/tsb0//home/rudolf/node-apps/zoo/FreeRTOS-Kernel/list.o
                0x0000000000002016                vListInsert
 .text.uxListRemove
                0x0000000000002088       0x54 build/tsb0//home/rudolf/node-apps/zoo/FreeRTOS-Kernel/list.o
                0x0000000000002088                uxListRemove
 .text.xTaskCreateStatic
                0x00000000000020dc       0x84 build/tsb0//home/rudolf/node-apps/zoo/FreeRTOS-Kernel/tasks.o
                0x00000000000020dc                xTaskCreateStatic
 .text.xTaskCreate
                0x0000000000002160       0x8a build/tsb0//home/rudolf/node-apps/zoo/FreeRTOS-Kernel/tasks.o
                0x0000000000002160                xTaskCreate
 .text.prvInitialiseNewTask
                0x00000000000021ea      0x112 build/tsb0//home/rudolf/node-apps/zoo/FreeRTOS-Kernel/tasks.o
 .text.prvAddNewTaskToReadyList
                0x00000000000022fc       0xe0 build/tsb0//home/rudolf/node-apps/zoo/FreeRTOS-Kernel/tasks.o
 .text.vTaskDelay
                0x00000000000023dc       0x58 build/tsb0//home/rudolf/node-apps/zoo/FreeRTOS-Kernel/tasks.o
                0x00000000000023dc                vTaskDelay
 .text.vTaskStartScheduler
                0x0000000000002434       0xbc build/tsb0//home/rudolf/node-apps/zoo/FreeRTOS-Kernel/tasks.o
                0x0000000000002434                vTaskStartScheduler
 .text.vTaskSuspendAll
                0x00000000000024f0       0x1c build/tsb0//home/rudolf/node-apps/zoo/FreeRTOS-Kernel/tasks.o
                0x00000000000024f0                vTaskSuspendAll
 .text.xTaskResumeAll
                0x000000000000250c      0x128 build/tsb0//home/rudolf/node-apps/zoo/FreeRTOS-Kernel/tasks.o
                0x000000000000250c                xTaskResumeAll
 .text.xTaskGetTickCount
                0x0000000000002634       0x20 build/tsb0//home/rudolf/node-apps/zoo/FreeRTOS-Kernel/tasks.o
                0x0000000000002634                xTaskGetTickCount
 .text.xTaskIncrementTick
                0x0000000000002654      0x160 build/tsb0//home/rudolf/node-apps/zoo/FreeRTOS-Kernel/tasks.o
                0x0000000000002654                xTaskIncrementTick
 .text.vTaskSwitchContext
                0x00000000000027b4       0xf4 build/tsb0//home/rudolf/node-apps/zoo/FreeRTOS-Kernel/tasks.o
                0x00000000000027b4                vTaskSwitchContext
 .text.vTaskPlaceOnEventList
                0x00000000000028a8       0x38 build/tsb0//home/rudolf/node-apps/zoo/FreeRTOS-Kernel/tasks.o
                0x00000000000028a8                vTaskPlaceOnEventList
 .text.vTaskPlaceOnEventListRestricted
                0x00000000000028e0       0x44 build/tsb0//home/rudolf/node-apps/zoo/FreeRTOS-Kernel/tasks.o
                0x00000000000028e0                vTaskPlaceOnEventListRestricted
 .text.xTaskRemoveFromEventList
                0x0000000000002924       0xb4 build/tsb0//home/rudolf/node-apps/zoo/FreeRTOS-Kernel/tasks.o
                0x0000000000002924                xTaskRemoveFromEventList
 .text.vTaskInternalSetTimeOutState
                0x00000000000029d8       0x2c build/tsb0//home/rudolf/node-apps/zoo/FreeRTOS-Kernel/tasks.o
                0x00000000000029d8                vTaskInternalSetTimeOutState
 .text.xTaskCheckForTimeOut
                0x0000000000002a04       0xa0 build/tsb0//home/rudolf/node-apps/zoo/FreeRTOS-Kernel/tasks.o
                0x0000000000002a04                xTaskCheckForTimeOut
 .text.vTaskMissedYield
                0x0000000000002aa4       0x18 build/tsb0//home/rudolf/node-apps/zoo/FreeRTOS-Kernel/tasks.o
                0x0000000000002aa4                vTaskMissedYield
 .text.prvIdleTask
                0x0000000000002abc       0x30 build/tsb0//home/rudolf/node-apps/zoo/FreeRTOS-Kernel/tasks.o
 .text.prvInitialiseTaskLists
                0x0000000000002aec       0x80 build/tsb0//home/rudolf/node-apps/zoo/FreeRTOS-Kernel/tasks.o
 .text.prvCheckTasksWaitingTermination
                0x0000000000002b6c       0x5c build/tsb0//home/rudolf/node-apps/zoo/FreeRTOS-Kernel/tasks.o
 .text.prvDeleteTCB
                0x0000000000002bc8       0x4c build/tsb0//home/rudolf/node-apps/zoo/FreeRTOS-Kernel/tasks.o
 .text.prvResetNextTaskUnblockTime
                0x0000000000002c14       0x40 build/tsb0//home/rudolf/node-apps/zoo/FreeRTOS-Kernel/tasks.o
 .text.xTaskGetCurrentTaskHandle
                0x0000000000002c54       0x20 build/tsb0//home/rudolf/node-apps/zoo/FreeRTOS-Kernel/tasks.o
                0x0000000000002c54                xTaskGetCurrentTaskHandle
 .text.xTaskGetSchedulerState
                0x0000000000002c74       0x3c build/tsb0//home/rudolf/node-apps/zoo/FreeRTOS-Kernel/tasks.o
                0x0000000000002c74                xTaskGetSchedulerState
 .text.xTaskPriorityInherit
                0x0000000000002cb0       0xd0 build/tsb0//home/rudolf/node-apps/zoo/FreeRTOS-Kernel/tasks.o
                0x0000000000002cb0                xTaskPriorityInherit
 .text.xTaskPriorityDisinherit
                0x0000000000002d80       0xb8 build/tsb0//home/rudolf/node-apps/zoo/FreeRTOS-Kernel/tasks.o
                0x0000000000002d80                xTaskPriorityDisinherit
 .text.vTaskPriorityDisinheritAfterTimeout
                0x0000000000002e38       0xe0 build/tsb0//home/rudolf/node-apps/zoo/FreeRTOS-Kernel/tasks.o
                0x0000000000002e38                vTaskPriorityDisinheritAfterTimeout
 .text.pvTaskIncrementMutexHeldCount
                0x0000000000002f18       0x28 build/tsb0//home/rudolf/node-apps/zoo/FreeRTOS-Kernel/tasks.o
                0x0000000000002f18                pvTaskIncrementMutexHeldCount
 .text.xTaskNotifyWait
                0x0000000000002f40       0xb4 build/tsb0//home/rudolf/node-apps/zoo/FreeRTOS-Kernel/tasks.o
                0x0000000000002f40                xTaskNotifyWait
 .text.xTaskGenericNotify
                0x0000000000002ff4      0x138 build/tsb0//home/rudolf/node-apps/zoo/FreeRTOS-Kernel/tasks.o
                0x0000000000002ff4                xTaskGenericNotify
 .text.prvAddCurrentTaskToDelayedList
                0x000000000000312c       0xa8 build/tsb0//home/rudolf/node-apps/zoo/FreeRTOS-Kernel/tasks.o
 .text.xTimerCreateTimerTask
                0x00000000000031d4       0x7c build/tsb0//home/rudolf/node-apps/zoo/FreeRTOS-Kernel/timers.o
                0x00000000000031d4                xTimerCreateTimerTask
 .text.xTimerGenericCommand
                0x0000000000003250       0x88 build/tsb0//home/rudolf/node-apps/zoo/FreeRTOS-Kernel/timers.o
                0x0000000000003250                xTimerGenericCommand
 .text.prvProcessExpiredTimer
                0x00000000000032d8       0x88 build/tsb0//home/rudolf/node-apps/zoo/FreeRTOS-Kernel/timers.o
 .text.prvTimerTask
                0x0000000000003360       0x24 build/tsb0//home/rudolf/node-apps/zoo/FreeRTOS-Kernel/timers.o
 .text.prvProcessTimerOrBlockTask
                0x0000000000003384       0x9c build/tsb0//home/rudolf/node-apps/zoo/FreeRTOS-Kernel/timers.o
 .text.prvGetNextExpireTime
                0x0000000000003420       0x48 build/tsb0//home/rudolf/node-apps/zoo/FreeRTOS-Kernel/timers.o
 .text.prvSampleTimeNow
                0x0000000000003468       0x40 build/tsb0//home/rudolf/node-apps/zoo/FreeRTOS-Kernel/timers.o
 .text.prvInsertTimerInActiveList
                0x00000000000034a8       0x84 build/tsb0//home/rudolf/node-apps/zoo/FreeRTOS-Kernel/timers.o
 .text.prvProcessReceivedCommands
                0x000000000000352c      0x190 build/tsb0//home/rudolf/node-apps/zoo/FreeRTOS-Kernel/timers.o
 .text.prvSwitchTimerLists
                0x00000000000036bc       0xb8 build/tsb0//home/rudolf/node-apps/zoo/FreeRTOS-Kernel/timers.o
 .text.prvCheckForValidListAndQueue
                0x0000000000003774       0x68 build/tsb0//home/rudolf/node-apps/zoo/FreeRTOS-Kernel/timers.o
 .text.__NVIC_SetPriority
                0x00000000000037dc       0x54 build/tsb0//home/rudolf/node-apps/zoo/thinnect.cmsis-freertos/CMSIS-FreeRTOS/CMSIS/RTOS2/FreeRTOS/Source/cmsis_os2.o
 .text.SysTick_Handler
                0x0000000000003830       0x20 build/tsb0//home/rudolf/node-apps/zoo/thinnect.cmsis-freertos/CMSIS-FreeRTOS/CMSIS/RTOS2/FreeRTOS/Source/cmsis_os2.o
                0x0000000000003830                SysTick_Handler
 .text.SVC_Setup
                0x0000000000003850       0x12 build/tsb0//home/rudolf/node-apps/zoo/thinnect.cmsis-freertos/CMSIS-FreeRTOS/CMSIS/RTOS2/FreeRTOS/Source/cmsis_os2.o
 *fill*         0x0000000000003862        0x2 
 .text.osKernelInitialize
                0x0000000000003864       0x6c build/tsb0//home/rudolf/node-apps/zoo/thinnect.cmsis-freertos/CMSIS-FreeRTOS/CMSIS/RTOS2/FreeRTOS/Source/cmsis_os2.o
                0x0000000000003864                osKernelInitialize
 .text.osKernelGetState
                0x00000000000038d0       0x44 build/tsb0//home/rudolf/node-apps/zoo/thinnect.cmsis-freertos/CMSIS-FreeRTOS/CMSIS/RTOS2/FreeRTOS/Source/cmsis_os2.o
                0x00000000000038d0                osKernelGetState
 .text.osKernelStart
                0x0000000000003914       0x6c build/tsb0//home/rudolf/node-apps/zoo/thinnect.cmsis-freertos/CMSIS-FreeRTOS/CMSIS/RTOS2/FreeRTOS/Source/cmsis_os2.o
                0x0000000000003914                osKernelStart
 .text.osThreadNew
                0x0000000000003980      0x14c build/tsb0//home/rudolf/node-apps/zoo/thinnect.cmsis-freertos/CMSIS-FreeRTOS/CMSIS/RTOS2/FreeRTOS/Source/cmsis_os2.o
                0x0000000000003980                osThreadNew
 .text.osThreadFlagsClear
                0x0000000000003acc       0xa0 build/tsb0//home/rudolf/node-apps/zoo/thinnect.cmsis-freertos/CMSIS-FreeRTOS/CMSIS/RTOS2/FreeRTOS/Source/cmsis_os2.o
                0x0000000000003acc                osThreadFlagsClear
 .text.osThreadFlagsWait
                0x0000000000003b6c      0x128 build/tsb0//home/rudolf/node-apps/zoo/thinnect.cmsis-freertos/CMSIS-FreeRTOS/CMSIS/RTOS2/FreeRTOS/Source/cmsis_os2.o
                0x0000000000003b6c                osThreadFlagsWait
 .text.osDelay  0x0000000000003c94       0x5c build/tsb0//home/rudolf/node-apps/zoo/thinnect.cmsis-freertos/CMSIS-FreeRTOS/CMSIS/RTOS2/FreeRTOS/Source/cmsis_os2.o
                0x0000000000003c94                osDelay
 .text.osMutexNew
                0x0000000000003cf0      0x110 build/tsb0//home/rudolf/node-apps/zoo/thinnect.cmsis-freertos/CMSIS-FreeRTOS/CMSIS/RTOS2/FreeRTOS/Source/cmsis_os2.o
                0x0000000000003cf0                osMutexNew
 .text.osMutexAcquire
                0x0000000000003e00       0xbc build/tsb0//home/rudolf/node-apps/zoo/thinnect.cmsis-freertos/CMSIS-FreeRTOS/CMSIS/RTOS2/FreeRTOS/Source/cmsis_os2.o
                0x0000000000003e00                osMutexAcquire
 .text.osMutexRelease
                0x0000000000003ebc       0xa0 build/tsb0//home/rudolf/node-apps/zoo/thinnect.cmsis-freertos/CMSIS-FreeRTOS/CMSIS/RTOS2/FreeRTOS/Source/cmsis_os2.o
                0x0000000000003ebc                osMutexRelease
 .text.vApplicationStackOverflowHook
                0x0000000000003f5c        0xe build/tsb0//home/rudolf/node-apps/zoo/thinnect.cmsis-freertos/CMSIS-FreeRTOS/CMSIS/RTOS2/FreeRTOS/Source/cmsis_os2.o
                0x0000000000003f5c                vApplicationStackOverflowHook
 *fill*         0x0000000000003f6a        0x2 
 .text.vApplicationGetIdleTaskMemory
                0x0000000000003f6c       0x34 build/tsb0//home/rudolf/node-apps/zoo/thinnect.cmsis-freertos/CMSIS-FreeRTOS/CMSIS/RTOS2/FreeRTOS/Source/cmsis_os2.o
                0x0000000000003f6c                vApplicationGetIdleTaskMemory
 .text.vApplicationGetTimerTaskMemory
                0x0000000000003fa0       0x34 build/tsb0//home/rudolf/node-apps/zoo/thinnect.cmsis-freertos/CMSIS-FreeRTOS/CMSIS/RTOS2/FreeRTOS/Source/cmsis_os2.o
                0x0000000000003fa0                vApplicationGetTimerTaskMemory
 .text.__NVIC_EnableIRQ
                0x0000000000003fd4       0x3c build/tsb0//opt/gecko_sdk/hardware/kit/common/drivers/retargetserial.o
 .text.__NVIC_ClearPendingIRQ
                0x0000000000004010       0x3c build/tsb0//opt/gecko_sdk/hardware/kit/common/drivers/retargetserial.o
 .text.USART_IntClear
                0x000000000000404c       0x1c build/tsb0//opt/gecko_sdk/hardware/kit/common/drivers/retargetserial.o
 .text.USART_IntDisable
                0x0000000000004068       0x24 build/tsb0//opt/gecko_sdk/hardware/kit/common/drivers/retargetserial.o
 .text.USART_IntEnable
                0x000000000000408c       0x22 build/tsb0//opt/gecko_sdk/hardware/kit/common/drivers/retargetserial.o
 *fill*         0x00000000000040ae        0x2 
 .text.disableRxInterrupt
                0x00000000000040b0       0x14 build/tsb0//opt/gecko_sdk/hardware/kit/common/drivers/retargetserial.o
 .text.enableRxInterrupt
                0x00000000000040c4       0x14 build/tsb0//opt/gecko_sdk/hardware/kit/common/drivers/retargetserial.o
 .text.USART0_RX_IRQHandler
                0x00000000000040d8       0x68 build/tsb0//opt/gecko_sdk/hardware/kit/common/drivers/retargetserial.o
                0x00000000000040d8                USART0_RX_IRQHandler
 .text.RETARGET_SerialInit
                0x0000000000004140       0xd8 build/tsb0//opt/gecko_sdk/hardware/kit/common/drivers/retargetserial.o
                0x0000000000004140                RETARGET_SerialInit
 .text.RETARGET_ReadChar
                0x0000000000004218       0x80 build/tsb0//opt/gecko_sdk/hardware/kit/common/drivers/retargetserial.o
                0x0000000000004218                RETARGET_ReadChar
 .text.RETARGET_WriteChar
                0x0000000000004298       0x54 build/tsb0//opt/gecko_sdk/hardware/kit/common/drivers/retargetserial.o
                0x0000000000004298                RETARGET_WriteChar
 .text._close   0x00000000000042ec       0x16 build/tsb0//opt/gecko_sdk/hardware/kit/common/drivers/retargetio.o
                0x00000000000042ec                _close
 .text._exit    0x0000000000004302        0xa build/tsb0//opt/gecko_sdk/hardware/kit/common/drivers/retargetio.o
                0x0000000000004302                _exit
 .text._fstat   0x000000000000430c       0x20 build/tsb0//opt/gecko_sdk/hardware/kit/common/drivers/retargetio.o
                0x000000000000430c                _fstat
 .text._getpid  0x000000000000432c       0x10 build/tsb0//opt/gecko_sdk/hardware/kit/common/drivers/retargetio.o
                0x000000000000432c                _getpid
 .text._isatty  0x000000000000433c       0x16 build/tsb0//opt/gecko_sdk/hardware/kit/common/drivers/retargetio.o
                0x000000000000433c                _isatty
 .text._kill    0x0000000000004352       0x1a build/tsb0//opt/gecko_sdk/hardware/kit/common/drivers/retargetio.o
                0x0000000000004352                _kill
 .text._lseek   0x000000000000436c       0x1a build/tsb0//opt/gecko_sdk/hardware/kit/common/drivers/retargetio.o
                0x000000000000436c                _lseek
 .text._read    0x0000000000004386       0x56 build/tsb0//opt/gecko_sdk/hardware/kit/common/drivers/retargetio.o
                0x0000000000004386                _read
 .text._write   0x00000000000043dc       0x38 build/tsb0//opt/gecko_sdk/hardware/kit/common/drivers/retargetio.o
                0x00000000000043dc                _write
 .text.CORE_EnterCritical
                0x0000000000004414       0x22 build/tsb0//opt/gecko_sdk/platform/emlib/src/em_core.o
                0x0000000000004414                CORE_EnterCritical
 .text.CORE_ExitCritical
                0x0000000000004436       0x1e build/tsb0//opt/gecko_sdk/platform/emlib/src/em_core.o
                0x0000000000004436                CORE_ExitCritical
 .text.CORE_EnterAtomic
                0x0000000000004454       0x22 build/tsb0//opt/gecko_sdk/platform/emlib/src/em_core.o
                0x0000000000004454                CORE_EnterAtomic
 .text.CORE_ExitAtomic
                0x0000000000004476       0x1e build/tsb0//opt/gecko_sdk/platform/emlib/src/em_core.o
                0x0000000000004476                CORE_ExitAtomic
 .text.BUS_RegBitRead
                0x0000000000004494       0x2e build/tsb0//opt/gecko_sdk/platform/emlib/src/em_emu.o
 *fill*         0x00000000000044c2        0x2 
 .text.EMU_LDOStatusGet
                0x00000000000044c4       0x24 build/tsb0//opt/gecko_sdk/platform/emlib/src/em_emu.o
 .text.EMU_VScaleWait
                0x00000000000044e8       0x30 build/tsb0//opt/gecko_sdk/platform/emlib/src/em_emu.o
 .text.EMU_VScaleGet
                0x0000000000004518       0x1c build/tsb0//opt/gecko_sdk/platform/emlib/src/em_emu.o
 .text.vScaleEM01Cmd
                0x0000000000004534       0x22 build/tsb0//opt/gecko_sdk/platform/emlib/src/em_emu.o
 *fill*         0x0000000000004556        0x2 
 .text.EMU_VScaleEM01ByClock
                0x0000000000004558       0x84 build/tsb0//opt/gecko_sdk/platform/emlib/src/em_emu.o
                0x0000000000004558                EMU_VScaleEM01ByClock
 .text.EMU_VScaleEM01
                0x00000000000045dc       0x98 build/tsb0//opt/gecko_sdk/platform/emlib/src/em_emu.o
                0x00000000000045dc                EMU_VScaleEM01
 .text.SL_Log2ToDiv
                0x0000000000004674       0x1c build/tsb0//opt/gecko_sdk/platform/emlib/src/em_cmu.o
 .text.BUS_RegBitWrite
                0x0000000000004690       0x32 build/tsb0//opt/gecko_sdk/platform/emlib/src/em_cmu.o
 .text.BUS_RegBitRead
                0x00000000000046c2       0x2e build/tsb0//opt/gecko_sdk/platform/emlib/src/em_cmu.o
 .text.EMU_LDOStatusGet
                0x00000000000046f0       0x24 build/tsb0//opt/gecko_sdk/platform/emlib/src/em_cmu.o
 .text.EMU_VScaleWait
                0x0000000000004714       0x30 build/tsb0//opt/gecko_sdk/platform/emlib/src/em_cmu.o
 .text.EMU_VScaleGet
                0x0000000000004744       0x1c build/tsb0//opt/gecko_sdk/platform/emlib/src/em_cmu.o
 .text.setHfLeConfig
                0x0000000000004760       0x64 build/tsb0//opt/gecko_sdk/platform/emlib/src/em_cmu.o
 .text.auxClkGet
                0x00000000000047c4       0x20 build/tsb0//opt/gecko_sdk/platform/emlib/src/em_cmu.o
 .text.hfSrcClkGet
                0x00000000000047e4       0x2c build/tsb0//opt/gecko_sdk/platform/emlib/src/em_cmu.o
 .text.dbgClkGet
                0x0000000000004810       0x40 build/tsb0//opt/gecko_sdk/platform/emlib/src/em_cmu.o
 .text.adcAsyncClkGet
                0x0000000000004850       0x80 build/tsb0//opt/gecko_sdk/platform/emlib/src/em_cmu.o
 .text.flashWaitStateControl
                0x00000000000048d0       0x8c build/tsb0//opt/gecko_sdk/platform/emlib/src/em_cmu.o
 .text.flashWaitStateMax
                0x000000000000495c       0x44 build/tsb0//opt/gecko_sdk/platform/emlib/src/em_cmu.o
 .text.CMU_UpdateWaitStates
                0x00000000000049a0       0x40 build/tsb0//opt/gecko_sdk/platform/emlib/src/em_cmu.o
                0x00000000000049a0                CMU_UpdateWaitStates
 .text.getRegIshUpperVal
                0x00000000000049e0       0x36 build/tsb0//opt/gecko_sdk/platform/emlib/src/em_cmu.o
 *fill*         0x0000000000004a16        0x2 
 .text.getHfxoTuningMode
                0x0000000000004a18       0x1c build/tsb0//opt/gecko_sdk/platform/emlib/src/em_cmu.o
 .text.setHfxoTuningMode
                0x0000000000004a34       0x2c build/tsb0//opt/gecko_sdk/platform/emlib/src/em_cmu.o
 .text.lfClkGet
                0x0000000000004a60      0x110 build/tsb0//opt/gecko_sdk/platform/emlib/src/em_cmu.o
 .text.syncReg  0x0000000000004b70       0x38 build/tsb0//opt/gecko_sdk/platform/emlib/src/em_cmu.o
 .text.hfperClkSafePrescaler
                0x0000000000004ba8        0xe build/tsb0//opt/gecko_sdk/platform/emlib/src/em_cmu.o
 .text.hfperClkOptimizedPrescaler
                0x0000000000004bb6        0xe build/tsb0//opt/gecko_sdk/platform/emlib/src/em_cmu.o
 .text.CMU_ClockDivGet
                0x0000000000004bc4       0x1a build/tsb0//opt/gecko_sdk/platform/emlib/src/em_cmu.o
                0x0000000000004bc4                CMU_ClockDivGet
 *fill*         0x0000000000004bde        0x2 
 .text.CMU_ClockEnable
                0x0000000000004be0       0xcc build/tsb0//opt/gecko_sdk/platform/emlib/src/em_cmu.o
                0x0000000000004be0                CMU_ClockEnable
 .text.CMU_ClockFreqGet
                0x0000000000004cac      0x284 build/tsb0//opt/gecko_sdk/platform/emlib/src/em_cmu.o
                0x0000000000004cac                CMU_ClockFreqGet
 .text.CMU_ClockPrescGet
                0x0000000000004f30      0x198 build/tsb0//opt/gecko_sdk/platform/emlib/src/em_cmu.o
                0x0000000000004f30                CMU_ClockPrescGet
 .text.CMU_ClockSelectGet
                0x00000000000050c8      0x1d0 build/tsb0//opt/gecko_sdk/platform/emlib/src/em_cmu.o
                0x00000000000050c8                CMU_ClockSelectGet
 .text.CMU_ClockSelectSet
                0x0000000000005298      0x2ec build/tsb0//opt/gecko_sdk/platform/emlib/src/em_cmu.o
                0x0000000000005298                CMU_ClockSelectSet
 .text.CMU_HFRCOBandGet
                0x0000000000005584       0x18 build/tsb0//opt/gecko_sdk/platform/emlib/src/em_cmu.o
                0x0000000000005584                CMU_HFRCOBandGet
 .text.CMU_HFXOInit
                0x000000000000559c       0xe4 build/tsb0//opt/gecko_sdk/platform/emlib/src/em_cmu.o
                0x000000000000559c                CMU_HFXOInit
 .text.CMU_OscillatorEnable
                0x0000000000005680      0x1a0 build/tsb0//opt/gecko_sdk/platform/emlib/src/em_cmu.o
                0x0000000000005680                CMU_OscillatorEnable
 .text.CMU_OscillatorTuningGet
                0x0000000000005820       0x74 build/tsb0//opt/gecko_sdk/platform/emlib/src/em_cmu.o
                0x0000000000005820                CMU_OscillatorTuningGet
 .text.CMU_OscillatorTuningSet
                0x0000000000005894      0x100 build/tsb0//opt/gecko_sdk/platform/emlib/src/em_cmu.o
                0x0000000000005894                CMU_OscillatorTuningSet
 .text.CMU_OscillatorTuningWait
                0x0000000000005994       0x98 build/tsb0//opt/gecko_sdk/platform/emlib/src/em_cmu.o
                0x0000000000005994                CMU_OscillatorTuningWait
 .text.CMU_OscillatorTuningOptimize
                0x0000000000005a2c       0x58 build/tsb0//opt/gecko_sdk/platform/emlib/src/em_cmu.o
                0x0000000000005a2c                CMU_OscillatorTuningOptimize
 .text.RMU_ResetCauseClear
                0x0000000000005a84       0x18 build/tsb0//opt/gecko_sdk/platform/emlib/src/em_rmu.o
                0x0000000000005a84                RMU_ResetCauseClear
 .text.RMU_ResetCauseGet
                0x0000000000005a9c       0xb8 build/tsb0//opt/gecko_sdk/platform/emlib/src/em_rmu.o
                0x0000000000005a9c                RMU_ResetCauseGet
 .text.BUS_RegBitWrite
                0x0000000000005b54       0x32 build/tsb0//opt/gecko_sdk/platform/emlib/src/em_gpio.o
 .text.BUS_RegMaskedSet
                0x0000000000005b86       0x24 build/tsb0//opt/gecko_sdk/platform/emlib/src/em_gpio.o
 .text.BUS_RegMaskedClear
                0x0000000000005baa       0x24 build/tsb0//opt/gecko_sdk/platform/emlib/src/em_gpio.o
 .text.BUS_RegMaskedWrite
                0x0000000000005bce       0x36 build/tsb0//opt/gecko_sdk/platform/emlib/src/em_gpio.o
 .text.GPIO_IntClear
                0x0000000000005c04       0x20 build/tsb0//opt/gecko_sdk/platform/emlib/src/em_gpio.o
 .text.GPIO_PinOutClear
                0x0000000000005c24       0x78 build/tsb0//opt/gecko_sdk/platform/emlib/src/em_gpio.o
 .text.GPIO_PinOutSet
                0x0000000000005c9c       0x78 build/tsb0//opt/gecko_sdk/platform/emlib/src/em_gpio.o
 .text.GPIO_ExtIntConfig
                0x0000000000005d14      0x140 build/tsb0//opt/gecko_sdk/platform/emlib/src/em_gpio.o
                0x0000000000005d14                GPIO_ExtIntConfig
 .text.GPIO_PinModeSet
                0x0000000000005e54      0x10a build/tsb0//opt/gecko_sdk/platform/emlib/src/em_gpio.o
                0x0000000000005e54                GPIO_PinModeSet
 .text.prsRxInput
                0x0000000000005f5e       0x26 build/tsb0//opt/gecko_sdk/platform/emlib/src/em_usart.o
 .text.USART_BaudrateAsyncSet
                0x0000000000005f84       0xc0 build/tsb0//opt/gecko_sdk/platform/emlib/src/em_usart.o
                0x0000000000005f84                USART_BaudrateAsyncSet
 .text.USART_Enable
                0x0000000000006044       0x64 build/tsb0//opt/gecko_sdk/platform/emlib/src/em_usart.o
                0x0000000000006044                USART_Enable
 .text.USART_InitAsync
                0x00000000000060a8      0x100 build/tsb0//opt/gecko_sdk/platform/emlib/src/em_usart.o
                0x00000000000060a8                USART_InitAsync
 .text.USART_Reset
                0x00000000000061a8       0xd0 build/tsb0//opt/gecko_sdk/platform/emlib/src/em_usart.o
                0x00000000000061a8                USART_Reset
 .text.USART_Rx
                0x0000000000006278       0x28 build/tsb0//opt/gecko_sdk/platform/emlib/src/em_usart.o
                0x0000000000006278                USART_Rx
 .text.USART_Tx
                0x00000000000062a0       0x2c build/tsb0//opt/gecko_sdk/platform/emlib/src/em_usart.o
                0x00000000000062a0                USART_Tx
 .text.MSC_Init
                0x00000000000062cc       0x34 build/tsb0//opt/gecko_sdk/platform/emlib/src/em_msc.o
                0x00000000000062cc                MSC_Init
 .text.I2C_IntClear
                0x0000000000006300       0x1c build/tsb0//opt/gecko_sdk/platform/emlib/src/em_i2c.o
 .text.BUS_RegBitWrite
                0x000000000000631c       0x32 build/tsb0//opt/gecko_sdk/platform/emlib/src/em_i2c.o
 .text.BUS_RegMaskedWrite
                0x000000000000634e       0x36 build/tsb0//opt/gecko_sdk/platform/emlib/src/em_i2c.o
 .text.flushRx  0x0000000000006384       0x28 build/tsb0//opt/gecko_sdk/platform/emlib/src/em_i2c.o
 .text.I2C_BusFreqSet
                0x00000000000063ac      0x148 build/tsb0//opt/gecko_sdk/platform/emlib/src/em_i2c.o
                0x00000000000063ac                I2C_BusFreqSet
 .text.I2C_Enable
                0x00000000000064f4       0x38 build/tsb0//opt/gecko_sdk/platform/emlib/src/em_i2c.o
                0x00000000000064f4                I2C_Enable
 .text.I2C_Init
                0x000000000000652c       0x70 build/tsb0//opt/gecko_sdk/platform/emlib/src/em_i2c.o
                0x000000000000652c                I2C_Init
 .text.I2C_Transfer
                0x000000000000659c      0x498 build/tsb0//opt/gecko_sdk/platform/emlib/src/em_i2c.o
                0x000000000000659c                I2C_Transfer
 .text.I2C_TransferInit
                0x0000000000006a34       0xe0 build/tsb0//opt/gecko_sdk/platform/emlib/src/em_i2c.o
                0x0000000000006a34                I2C_TransferInit
 .text.logger_fwrite_init
                0x0000000000006b14       0x1c build/tsb0//home/rudolf/node-apps/zoo/thinnect.node-platform/silabs/logger_fwrite.o
                0x0000000000006b14                logger_fwrite_init
 .text.logger_fwrite
                0x0000000000006b30       0x60 build/tsb0//home/rudolf/node-apps/zoo/thinnect.node-platform/silabs/logger_fwrite.o
                0x0000000000006b30                logger_fwrite
 .text.log_init
                0x0000000000006b90       0x64 build/tsb0//home/rudolf/node-apps/zoo/thinnect.lll/logging/loggers_ext.o
                0x0000000000006b90                log_init
 .text.__logger
                0x0000000000006bf4      0x194 build/tsb0//home/rudolf/node-apps/zoo/thinnect.lll/logging/loggers_ext.o
                0x0000000000006bf4                __logger
 .text.log_severity_char
                0x0000000000006d88       0xf6 build/tsb0//home/rudolf/node-apps/zoo/thinnect.lll/logging/loggers_ext.o
 *fill*         0x0000000000006e7e        0x2 
 .text.Reset_Handler
                0x0000000000006e80       0x78 build/tsb0//opt/gecko_sdk/platform/Device/SiliconLabs/EFR32MG12P/Source/GCC/startup_efr32mg12p.o
                0x0000000000006e80                Reset_Handler
 .text.Default_Handler
                0x0000000000006ef8        0x6 build/tsb0//opt/gecko_sdk/platform/Device/SiliconLabs/EFR32MG12P/Source/GCC/startup_efr32mg12p.o
                0x0000000000006ef8                DebugMon_Handler
                0x0000000000006ef8                USART0_TX_IRQHandler
                0x0000000000006ef8                I2C0_IRQHandler
                0x0000000000006ef8                HardFault_Handler
                0x0000000000006ef8                USART1_RX_IRQHandler
                0x0000000000006ef8                NMI_Handler
                0x0000000000006ef8                SYNTH_IRQHandler
                0x0000000000006ef8                I2C1_IRQHandler
                0x0000000000006ef8                WTIMER0_IRQHandler
                0x0000000000006ef8                CRYPTO0_IRQHandler
                0x0000000000006ef8                WDOG0_IRQHandler
                0x0000000000006ef8                USART1_TX_IRQHandler
                0x0000000000006ef8                SMU_IRQHandler
                0x0000000000006ef8                MSC_IRQHandler
                0x0000000000006ef8                ADC0_IRQHandler
                0x0000000000006ef8                UsageFault_Handler
                0x0000000000006ef8                WDOG1_IRQHandler
                0x0000000000006ef8                LEUART0_IRQHandler
                0x0000000000006ef8                FPUEH_IRQHandler
                0x0000000000006ef8                WTIMER1_IRQHandler
                0x0000000000006ef8                GPIO_EVEN_IRQHandler
                0x0000000000006ef8                VDAC0_IRQHandler
                0x0000000000006ef8                LDMA_IRQHandler
                0x0000000000006ef8                CSEN_IRQHandler
                0x0000000000006ef8                CRYPTO1_IRQHandler
                0x0000000000006ef8                TIMER0_IRQHandler
                0x0000000000006ef8                PCNT2_IRQHandler
                0x0000000000006ef8                LETIMER0_IRQHandler
                0x0000000000006ef8                TIMER1_IRQHandler
                0x0000000000006ef8                TRNG0_IRQHandler
                0x0000000000006ef8                RFSENSE_IRQHandler
                0x0000000000006ef8                BUFC_IRQHandler
                0x0000000000006ef8                MODEM_IRQHandler
                0x0000000000006ef8                USART2_RX_IRQHandler
                0x0000000000006ef8                Default_Handler
                0x0000000000006ef8                RAC_SEQ_IRQHandler
                0x0000000000006ef8                FRC_PRI_IRQHandler
                0x0000000000006ef8                EMU_IRQHandler
                0x0000000000006ef8                FRC_IRQHandler
                0x0000000000006ef8                CRYOTIMER_IRQHandler
                0x0000000000006ef8                PCNT0_IRQHandler
                0x0000000000006ef8                AGC_IRQHandler
                0x0000000000006ef8                sl_app_properties
                0x0000000000006ef8                PCNT1_IRQHandler
                0x0000000000006ef8                ACMP0_IRQHandler
                0x0000000000006ef8                MemManage_Handler
                0x0000000000006ef8                USART3_RX_IRQHandler
                0x0000000000006ef8                RTCC_IRQHandler
                0x0000000000006ef8                CMU_IRQHandler
                0x0000000000006ef8                RAC_RSM_IRQHandler
                0x0000000000006ef8                LESENSE_IRQHandler
                0x0000000000006ef8                USART3_TX_IRQHandler
                0x0000000000006ef8                PROTIMER_IRQHandler
                0x0000000000006ef8                BusFault_Handler
                0x0000000000006ef8                USART2_TX_IRQHandler
                0x0000000000006ef8                IDAC0_IRQHandler
 *fill*         0x0000000000006efe        0x2 
 .text.SystemCoreClockGet
                0x0000000000006f00       0x40 build/tsb0//opt/gecko_sdk/platform/Device/SiliconLabs/EFR32MG12P/Source/system_efr32mg12p.o
                0x0000000000006f00                SystemCoreClockGet
 .text.SystemMaxCoreClockGet
                0x0000000000006f40       0x14 build/tsb0//opt/gecko_sdk/platform/Device/SiliconLabs/EFR32MG12P/Source/system_efr32mg12p.o
                0x0000000000006f40                SystemMaxCoreClockGet
 .text.SystemHFClockGet
                0x0000000000006f54       0x88 build/tsb0//opt/gecko_sdk/platform/Device/SiliconLabs/EFR32MG12P/Source/system_efr32mg12p.o
                0x0000000000006f54                SystemHFClockGet
 .text.SystemHFXOClockGet
                0x0000000000006fdc       0x18 build/tsb0//opt/gecko_sdk/platform/Device/SiliconLabs/EFR32MG12P/Source/system_efr32mg12p.o
                0x0000000000006fdc                SystemHFXOClockGet
 .text.SystemInit
                0x0000000000006ff4       0x2c build/tsb0//opt/gecko_sdk/platform/Device/SiliconLabs/EFR32MG12P/Source/system_efr32mg12p.o
                0x0000000000006ff4                SystemInit
 .text.SystemLFRCOClockGet
                0x0000000000007020       0x12 build/tsb0//opt/gecko_sdk/platform/Device/SiliconLabs/EFR32MG12P/Source/system_efr32mg12p.o
                0x0000000000007020                SystemLFRCOClockGet
 .text.SystemULFRCOClockGet
                0x0000000000007032       0x12 build/tsb0//opt/gecko_sdk/platform/Device/SiliconLabs/EFR32MG12P/Source/system_efr32mg12p.o
                0x0000000000007032                SystemULFRCOClockGet
 .text.SystemLFXOClockGet
                0x0000000000007044       0x18 build/tsb0//opt/gecko_sdk/platform/Device/SiliconLabs/EFR32MG12P/Source/system_efr32mg12p.o
                0x0000000000007044                SystemLFXOClockGet
 .text.SystemCoreClockUpdate
                0x000000000000705c        0xc build/tsb0//home/rudolf/node-apps/zoo/thinnect.dev-platforms/make/boards/../../src/boards/tsb0/platform.o
 .text.SYSTEM_GetProdRev
                0x0000000000007068       0x1c build/tsb0//home/rudolf/node-apps/zoo/thinnect.dev-platforms/make/boards/../../src/boards/tsb0/platform.o
 .text.CHIP_Init
                0x0000000000007084       0x90 build/tsb0//home/rudolf/node-apps/zoo/thinnect.dev-platforms/make/boards/../../src/boards/tsb0/platform.o
 .text.PLATFORM_Init
                0x0000000000007114       0x9c build/tsb0//home/rudolf/node-apps/zoo/thinnect.dev-platforms/make/boards/../../src/boards/tsb0/platform.o
                0x0000000000007114                PLATFORM_Init
 .text.PLATFORM_LedsInit
                0x00000000000071b0       0x38 build/tsb0//home/rudolf/node-apps/zoo/thinnect.node-platform/silabs/platform_io.o
                0x00000000000071b0                PLATFORM_LedsInit
 .text          0x00000000000071e8       0x30 /opt/gcc-arm-none-eabi-10.3-2021.10/bin/../lib/gcc/arm-none-eabi/10.3.1/thumb/v7e-m+fp/softfp/libgcc.a(_aeabi_uldivmod.o)
                0x00000000000071e8                __aeabi_uldivmod
 .text          0x0000000000007218      0x2d0 /opt/gcc-arm-none-eabi-10.3-2021.10/bin/../lib/gcc/arm-none-eabi/10.3.1/thumb/v7e-m+fp/softfp/libgcc.a(_udivmoddi4.o)
                0x0000000000007218                __udivmoddi4
 .text          0x00000000000074e8        0x4 /opt/gcc-arm-none-eabi-10.3-2021.10/bin/../lib/gcc/arm-none-eabi/10.3.1/thumb/v7e-m+fp/softfp/libgcc.a(_dvmd_tls.o)
                0x00000000000074e8                __aeabi_ldiv0
                0x00000000000074e8                __aeabi_idiv0
 .text.abs      0x00000000000074ec        0x8 /opt/gcc-arm-none-eabi-10.3-2021.10/bin/../lib/gcc/arm-none-eabi/10.3.1/../../../../arm-none-eabi/lib/thumb/v7e-m+fp/softfp/libg.a(lib_a-abs.o)
                0x00000000000074ec                abs
 .text.__sflush_r
                0x00000000000074f4      0x130 /opt/gcc-arm-none-eabi-10.3-2021.10/bin/../lib/gcc/arm-none-eabi/10.3.1/../../../../arm-none-eabi/lib/thumb/v7e-m+fp/softfp/libg.a(lib_a-fflush.o)
                0x00000000000074f4                __sflush_r
 .text._fflush_r
                0x0000000000007624       0x5c /opt/gcc-arm-none-eabi-10.3-2021.10/bin/../lib/gcc/arm-none-eabi/10.3.1/../../../../arm-none-eabi/lib/thumb/v7e-m+fp/softfp/libg.a(lib_a-fflush.o)
                0x0000000000007624                _fflush_r
 .text.fflush   0x0000000000007680       0x74 /opt/gcc-arm-none-eabi-10.3-2021.10/bin/../lib/gcc/arm-none-eabi/10.3.1/../../../../arm-none-eabi/lib/thumb/v7e-m+fp/softfp/libg.a(lib_a-fflush.o)
                0x0000000000007680                fflush
 .text._cleanup_r
                0x00000000000076f4        0xc /opt/gcc-arm-none-eabi-10.3-2021.10/bin/../lib/gcc/arm-none-eabi/10.3.1/../../../../arm-none-eabi/lib/thumb/v7e-m+fp/softfp/libg.a(lib_a-findfp.o)
                0x00000000000076f4                _cleanup_r
 .text.__sinit  0x0000000000007700      0x10c /opt/gcc-arm-none-eabi-10.3-2021.10/bin/../lib/gcc/arm-none-eabi/10.3.1/../../../../arm-none-eabi/lib/thumb/v7e-m+fp/softfp/libg.a(lib_a-findfp.o)
                0x0000000000007700                __sinit
 .text.__sfp_lock_acquire
                0x000000000000780c        0xc /opt/gcc-arm-none-eabi-10.3-2021.10/bin/../lib/gcc/arm-none-eabi/10.3.1/../../../../arm-none-eabi/lib/thumb/v7e-m+fp/softfp/libg.a(lib_a-findfp.o)
                0x000000000000780c                __sfp_lock_acquire
 .text.__sfp_lock_release
                0x0000000000007818        0xc /opt/gcc-arm-none-eabi-10.3-2021.10/bin/../lib/gcc/arm-none-eabi/10.3.1/../../../../arm-none-eabi/lib/thumb/v7e-m+fp/softfp/libg.a(lib_a-findfp.o)
                0x0000000000007818                __sfp_lock_release
 .text._malloc_trim_r
                0x0000000000007824       0xa0 /opt/gcc-arm-none-eabi-10.3-2021.10/bin/../lib/gcc/arm-none-eabi/10.3.1/../../../../arm-none-eabi/lib/thumb/v7e-m+fp/softfp/libg.a(lib_a-freer.o)
                0x0000000000007824                _malloc_trim_r
 .text._free_r  0x00000000000078c4      0x20c /opt/gcc-arm-none-eabi-10.3-2021.10/bin/../lib/gcc/arm-none-eabi/10.3.1/../../../../arm-none-eabi/lib/thumb/v7e-m+fp/softfp/libg.a(lib_a-freer.o)
                0x00000000000078c4                _free_r
 .text._fwalk_reent
                0x0000000000007ad0       0x48 /opt/gcc-arm-none-eabi-10.3-2021.10/bin/../lib/gcc/arm-none-eabi/10.3.1/../../../../arm-none-eabi/lib/thumb/v7e-m+fp/softfp/libg.a(lib_a-fwalk.o)
                0x0000000000007ad0                _fwalk_reent
 .text._fwrite_r
                0x0000000000007b18       0xa8 /opt/gcc-arm-none-eabi-10.3-2021.10/bin/../lib/gcc/arm-none-eabi/10.3.1/../../../../arm-none-eabi/lib/thumb/v7e-m+fp/softfp/libg.a(lib_a-fwrite.o)
                0x0000000000007b18                _fwrite_r
 .text.fwrite   0x0000000000007bc0       0x20 /opt/gcc-arm-none-eabi-10.3-2021.10/bin/../lib/gcc/arm-none-eabi/10.3.1/../../../../arm-none-eabi/lib/thumb/v7e-m+fp/softfp/libg.a(lib_a-fwrite.o)
                0x0000000000007bc0                fwrite
 .text.__retarget_lock_init_recursive
                0x0000000000007be0        0x4 /opt/gcc-arm-none-eabi-10.3-2021.10/bin/../lib/gcc/arm-none-eabi/10.3.1/../../../../arm-none-eabi/lib/thumb/v7e-m+fp/softfp/libg.a(lib_a-lock.o)
                0x0000000000007be0                __retarget_lock_init_recursive
 .text.__retarget_lock_close_recursive
                0x0000000000007be4        0x4 /opt/gcc-arm-none-eabi-10.3-2021.10/bin/../lib/gcc/arm-none-eabi/10.3.1/../../../../arm-none-eabi/lib/thumb/v7e-m+fp/softfp/libg.a(lib_a-lock.o)
                0x0000000000007be4                __retarget_lock_close_recursive
 .text.__retarget_lock_acquire_recursive
                0x0000000000007be8        0x4 /opt/gcc-arm-none-eabi-10.3-2021.10/bin/../lib/gcc/arm-none-eabi/10.3.1/../../../../arm-none-eabi/lib/thumb/v7e-m+fp/softfp/libg.a(lib_a-lock.o)
                0x0000000000007be8                __retarget_lock_acquire_recursive
 .text.__retarget_lock_release_recursive
                0x0000000000007bec        0x4 /opt/gcc-arm-none-eabi-10.3-2021.10/bin/../lib/gcc/arm-none-eabi/10.3.1/../../../../arm-none-eabi/lib/thumb/v7e-m+fp/softfp/libg.a(lib_a-lock.o)
                0x0000000000007bec                __retarget_lock_release_recursive
 .text._malloc_r
                0x0000000000007bf0      0x560 /opt/gcc-arm-none-eabi-10.3-2021.10/bin/../lib/gcc/arm-none-eabi/10.3.1/../../../../arm-none-eabi/lib/thumb/v7e-m+fp/softfp/libg.a(lib_a-mallocr.o)
                0x0000000000007bf0                _malloc_r
 .text          0x0000000000008150      0x134 /opt/gcc-arm-none-eabi-10.3-2021.10/bin/../lib/gcc/arm-none-eabi/10.3.1/../../../../arm-none-eabi/lib/thumb/v7e-m+fp/softfp/libg.a(lib_a-memcpy.o)
                0x0000000000008150                memcpy
 .text.memset   0x0000000000008284       0xa4 /opt/gcc-arm-none-eabi-10.3-2021.10/bin/../lib/gcc/arm-none-eabi/10.3.1/../../../../arm-none-eabi/lib/thumb/v7e-m+fp/softfp/libg.a(lib_a-memset.o)
                0x0000000000008284                memset
 .text.__malloc_lock
                0x0000000000008328        0xc /opt/gcc-arm-none-eabi-10.3-2021.10/bin/../lib/gcc/arm-none-eabi/10.3.1/../../../../arm-none-eabi/lib/thumb/v7e-m+fp/softfp/libg.a(lib_a-mlock.o)
                0x0000000000008328                __malloc_lock
 .text.__malloc_unlock
                0x0000000000008334        0xc /opt/gcc-arm-none-eabi-10.3-2021.10/bin/../lib/gcc/arm-none-eabi/10.3.1/../../../../arm-none-eabi/lib/thumb/v7e-m+fp/softfp/libg.a(lib_a-mlock.o)
                0x0000000000008334                __malloc_unlock
 .text._sbrk_r  0x0000000000008340       0x24 /opt/gcc-arm-none-eabi-10.3-2021.10/bin/../lib/gcc/arm-none-eabi/10.3.1/../../../../arm-none-eabi/lib/thumb/v7e-m+fp/softfp/libg.a(lib_a-sbrkr.o)
                0x0000000000008340                _sbrk_r
 .text.setvbuf  0x0000000000008364      0x1b0 /opt/gcc-arm-none-eabi-10.3-2021.10/bin/../lib/gcc/arm-none-eabi/10.3.1/../../../../arm-none-eabi/lib/thumb/v7e-m+fp/softfp/libg.a(lib_a-setvbuf.o)
                0x0000000000008364                setvbuf
 .text.snprintf
                0x0000000000008514       0x88 /opt/gcc-arm-none-eabi-10.3-2021.10/bin/../lib/gcc/arm-none-eabi/10.3.1/../../../../arm-none-eabi/lib/thumb/v7e-m+fp/softfp/libg.a(lib_a-snprintf.o)
                0x0000000000008514                snprintf
 .text.__sread  0x000000000000859c       0x24 /opt/gcc-arm-none-eabi-10.3-2021.10/bin/../lib/gcc/arm-none-eabi/10.3.1/../../../../arm-none-eabi/lib/thumb/v7e-m+fp/softfp/libg.a(lib_a-stdio.o)
                0x000000000000859c                __sread
 .text.__swrite
                0x00000000000085c0       0x40 /opt/gcc-arm-none-eabi-10.3-2021.10/bin/../lib/gcc/arm-none-eabi/10.3.1/../../../../arm-none-eabi/lib/thumb/v7e-m+fp/softfp/libg.a(lib_a-stdio.o)
                0x00000000000085c0                __swrite
 .text.__sseek  0x0000000000008600       0x20 /opt/gcc-arm-none-eabi-10.3-2021.10/bin/../lib/gcc/arm-none-eabi/10.3.1/../../../../arm-none-eabi/lib/thumb/v7e-m+fp/softfp/libg.a(lib_a-stdio.o)
                0x0000000000008600                __sseek
 .text.__sclose
                0x0000000000008620        0x8 /opt/gcc-arm-none-eabi-10.3-2021.10/bin/../lib/gcc/arm-none-eabi/10.3.1/../../../../arm-none-eabi/lib/thumb/v7e-m+fp/softfp/libg.a(lib_a-stdio.o)
                0x0000000000008620                __sclose
 .text._svfprintf_r
                0x0000000000008628     0x1ac8 /opt/gcc-arm-none-eabi-10.3-2021.10/bin/../lib/gcc/arm-none-eabi/10.3.1/../../../../arm-none-eabi/lib/thumb/v7e-m+fp/softfp/libg.a(lib_a-svfprintf.o)
                0x0000000000008628                _svfprintf_r
 .text.vsnprintf
                0x000000000000a0f0       0x70 /opt/gcc-arm-none-eabi-10.3-2021.10/bin/../lib/gcc/arm-none-eabi/10.3.1/../../../../arm-none-eabi/lib/thumb/v7e-m+fp/softfp/libg.a(lib_a-vsnprintf.o)
                0x000000000000a0f0                vsnprintf
 .text._write_r
                0x000000000000a160       0x2c /opt/gcc-arm-none-eabi-10.3-2021.10/bin/../lib/gcc/arm-none-eabi/10.3.1/../../../../arm-none-eabi/lib/thumb/v7e-m+fp/softfp/libg.a(lib_a-writer.o)
                0x000000000000a160                _write_r
 .text._close_r
                0x000000000000a18c       0x24 /opt/gcc-arm-none-eabi-10.3-2021.10/bin/../lib/gcc/arm-none-eabi/10.3.1/../../../../arm-none-eabi/lib/thumb/v7e-m+fp/softfp/libg.a(lib_a-closer.o)
                0x000000000000a18c                _close_r
 .text.quorem   0x000000000000a1b0      0x128 /opt/gcc-arm-none-eabi-10.3-2021.10/bin/../lib/gcc/arm-none-eabi/10.3.1/../../../../arm-none-eabi/lib/thumb/v7e-m+fp/softfp/libg.a(lib_a-dtoa.o)
 .text._dtoa_r  0x000000000000a2d8      0xf34 /opt/gcc-arm-none-eabi-10.3-2021.10/bin/../lib/gcc/arm-none-eabi/10.3.1/../../../../arm-none-eabi/lib/thumb/v7e-m+fp/softfp/libg.a(lib_a-dtoa.o)
                0x000000000000a2d8                _dtoa_r
 .text._fclose_r
                0x000000000000b20c       0xcc /opt/gcc-arm-none-eabi-10.3-2021.10/bin/../lib/gcc/arm-none-eabi/10.3.1/../../../../arm-none-eabi/lib/thumb/v7e-m+fp/softfp/libg.a(lib_a-fclose.o)
                0x000000000000b20c                _fclose_r
 .text.__sfvwrite_r
                0x000000000000b2d8      0x2f0 /opt/gcc-arm-none-eabi-10.3-2021.10/bin/../lib/gcc/arm-none-eabi/10.3.1/../../../../arm-none-eabi/lib/thumb/v7e-m+fp/softfp/libg.a(lib_a-fvwrite.o)
                0x000000000000b2d8                __sfvwrite_r
 .text._localeconv_r
                0x000000000000b5c8        0x8 /opt/gcc-arm-none-eabi-10.3-2021.10/bin/../lib/gcc/arm-none-eabi/10.3.1/../../../../arm-none-eabi/lib/thumb/v7e-m+fp/softfp/libg.a(lib_a-localeconv.o)
                0x000000000000b5c8                _localeconv_r
 .text._lseek_r
                0x000000000000b5d0       0x2c /opt/gcc-arm-none-eabi-10.3-2021.10/bin/../lib/gcc/arm-none-eabi/10.3.1/../../../../arm-none-eabi/lib/thumb/v7e-m+fp/softfp/libg.a(lib_a-lseekr.o)
                0x000000000000b5d0                _lseek_r
 .text.__smakebuf_r
                0x000000000000b5fc       0xe0 /opt/gcc-arm-none-eabi-10.3-2021.10/bin/../lib/gcc/arm-none-eabi/10.3.1/../../../../arm-none-eabi/lib/thumb/v7e-m+fp/softfp/libg.a(lib_a-makebuf.o)
                0x000000000000b5fc                __smakebuf_r
 .text.__swhatbuf_r
                0x000000000000b6dc       0x60 /opt/gcc-arm-none-eabi-10.3-2021.10/bin/../lib/gcc/arm-none-eabi/10.3.1/../../../../arm-none-eabi/lib/thumb/v7e-m+fp/softfp/libg.a(lib_a-makebuf.o)
                0x000000000000b6dc                __swhatbuf_r
 .text.malloc   0x000000000000b73c       0x10 /opt/gcc-arm-none-eabi-10.3-2021.10/bin/../lib/gcc/arm-none-eabi/10.3.1/../../../../arm-none-eabi/lib/thumb/v7e-m+fp/softfp/libg.a(lib_a-malloc.o)
                0x000000000000b73c                malloc
 *fill*         0x000000000000b74c        0x4 
 .text          0x000000000000b750       0xa0 /opt/gcc-arm-none-eabi-10.3-2021.10/bin/../lib/gcc/arm-none-eabi/10.3.1/../../../../arm-none-eabi/lib/thumb/v7e-m+fp/softfp/libg.a(lib_a-memchr.o)
                0x000000000000b750                memchr
 .text.memmove  0x000000000000b7f0       0xf8 /opt/gcc-arm-none-eabi-10.3-2021.10/bin/../lib/gcc/arm-none-eabi/10.3.1/../../../../arm-none-eabi/lib/thumb/v7e-m+fp/softfp/libg.a(lib_a-memmove.o)
                0x000000000000b7f0                memmove
 .text._Balloc  0x000000000000b8e8       0x4c /opt/gcc-arm-none-eabi-10.3-2021.10/bin/../lib/gcc/arm-none-eabi/10.3.1/../../../../arm-none-eabi/lib/thumb/v7e-m+fp/softfp/libg.a(lib_a-mprec.o)
                0x000000000000b8e8                _Balloc
 .text._Bfree   0x000000000000b934       0x14 /opt/gcc-arm-none-eabi-10.3-2021.10/bin/../lib/gcc/arm-none-eabi/10.3.1/../../../../arm-none-eabi/lib/thumb/v7e-m+fp/softfp/libg.a(lib_a-mprec.o)
                0x000000000000b934                _Bfree
 .text.__multadd
                0x000000000000b948       0xa8 /opt/gcc-arm-none-eabi-10.3-2021.10/bin/../lib/gcc/arm-none-eabi/10.3.1/../../../../arm-none-eabi/lib/thumb/v7e-m+fp/softfp/libg.a(lib_a-mprec.o)
                0x000000000000b948                __multadd
 .text.__hi0bits
                0x000000000000b9f0       0x40 /opt/gcc-arm-none-eabi-10.3-2021.10/bin/../lib/gcc/arm-none-eabi/10.3.1/../../../../arm-none-eabi/lib/thumb/v7e-m+fp/softfp/libg.a(lib_a-mprec.o)
                0x000000000000b9f0                __hi0bits
 .text.__lo0bits
                0x000000000000ba30       0x60 /opt/gcc-arm-none-eabi-10.3-2021.10/bin/../lib/gcc/arm-none-eabi/10.3.1/../../../../arm-none-eabi/lib/thumb/v7e-m+fp/softfp/libg.a(lib_a-mprec.o)
                0x000000000000ba30                __lo0bits
 .text.__i2b    0x000000000000ba90       0x5c /opt/gcc-arm-none-eabi-10.3-2021.10/bin/../lib/gcc/arm-none-eabi/10.3.1/../../../../arm-none-eabi/lib/thumb/v7e-m+fp/softfp/libg.a(lib_a-mprec.o)
                0x000000000000ba90                __i2b
 .text.__multiply
                0x000000000000baec      0x15c /opt/gcc-arm-none-eabi-10.3-2021.10/bin/../lib/gcc/arm-none-eabi/10.3.1/../../../../arm-none-eabi/lib/thumb/v7e-m+fp/softfp/libg.a(lib_a-mprec.o)
                0x000000000000baec                __multiply
 .text.__pow5mult
                0x000000000000bc48       0xc0 /opt/gcc-arm-none-eabi-10.3-2021.10/bin/../lib/gcc/arm-none-eabi/10.3.1/../../../../arm-none-eabi/lib/thumb/v7e-m+fp/softfp/libg.a(lib_a-mprec.o)
                0x000000000000bc48                __pow5mult
 .text.__lshift
                0x000000000000bd08       0xf0 /opt/gcc-arm-none-eabi-10.3-2021.10/bin/../lib/gcc/arm-none-eabi/10.3.1/../../../../arm-none-eabi/lib/thumb/v7e-m+fp/softfp/libg.a(lib_a-mprec.o)
                0x000000000000bd08                __lshift
 .text.__mcmp   0x000000000000bdf8       0x44 /opt/gcc-arm-none-eabi-10.3-2021.10/bin/../lib/gcc/arm-none-eabi/10.3.1/../../../../arm-none-eabi/lib/thumb/v7e-m+fp/softfp/libg.a(lib_a-mprec.o)
                0x000000000000bdf8                __mcmp
 .text.__mdiff  0x000000000000be3c      0x14c /opt/gcc-arm-none-eabi-10.3-2021.10/bin/../lib/gcc/arm-none-eabi/10.3.1/../../../../arm-none-eabi/lib/thumb/v7e-m+fp/softfp/libg.a(lib_a-mprec.o)
                0x000000000000be3c                __mdiff
 .text.__d2b    0x000000000000bf88       0xc4 /opt/gcc-arm-none-eabi-10.3-2021.10/bin/../lib/gcc/arm-none-eabi/10.3.1/../../../../arm-none-eabi/lib/thumb/v7e-m+fp/softfp/libg.a(lib_a-mprec.o)
                0x000000000000bf88                __d2b
 .text._read_r  0x000000000000c04c       0x2c /opt/gcc-arm-none-eabi-10.3-2021.10/bin/../lib/gcc/arm-none-eabi/10.3.1/../../../../arm-none-eabi/lib/thumb/v7e-m+fp/softfp/libg.a(lib_a-readr.o)
                0x000000000000c04c                _read_r
 .text._realloc_r
                0x000000000000c078      0x3d8 /opt/gcc-arm-none-eabi-10.3-2021.10/bin/../lib/gcc/arm-none-eabi/10.3.1/../../../../arm-none-eabi/lib/thumb/v7e-m+fp/softfp/libg.a(lib_a-reallocr.o)
                0x000000000000c078                _realloc_r
 .text.frexp    0x000000000000c450       0x70 /opt/gcc-arm-none-eabi-10.3-2021.10/bin/../lib/gcc/arm-none-eabi/10.3.1/../../../../arm-none-eabi/lib/thumb/v7e-m+fp/softfp/libg.a(lib_a-s_frexp.o)
                0x000000000000c450                frexp
 .text          0x000000000000c4c0       0xdc /opt/gcc-arm-none-eabi-10.3-2021.10/bin/../lib/gcc/arm-none-eabi/10.3.1/../../../../arm-none-eabi/lib/thumb/v7e-m+fp/softfp/libg.a(lib_a-strlen.o)
                0x000000000000c4c0                strlen
 .text.strncpy  0x000000000000c59c       0x64 /opt/gcc-arm-none-eabi-10.3-2021.10/bin/../lib/gcc/arm-none-eabi/10.3.1/../../../../arm-none-eabi/lib/thumb/v7e-m+fp/softfp/libg.a(lib_a-strncpy.o)
                0x000000000000c59c                strncpy
 .text.__ssprint_r
                0x000000000000c600       0xf8 /opt/gcc-arm-none-eabi-10.3-2021.10/bin/../lib/gcc/arm-none-eabi/10.3.1/../../../../arm-none-eabi/lib/thumb/v7e-m+fp/softfp/libg.a(lib_a-svfiprintf.o)
                0x000000000000c600                __ssprint_r
 .text.__swsetup_r
                0x000000000000c6f8       0xd4 /opt/gcc-arm-none-eabi-10.3-2021.10/bin/../lib/gcc/arm-none-eabi/10.3.1/../../../../arm-none-eabi/lib/thumb/v7e-m+fp/softfp/libg.a(lib_a-wsetup.o)
                0x000000000000c6f8                __swsetup_r
 .text.__assert_func
                0x000000000000c7cc       0x40 /opt/gcc-arm-none-eabi-10.3-2021.10/bin/../lib/gcc/arm-none-eabi/10.3.1/../../../../arm-none-eabi/lib/thumb/v7e-m+fp/softfp/libg.a(lib_a-assert.o)
                0x000000000000c7cc                __assert_func
 .text._calloc_r
                0x000000000000c80c       0x78 /opt/gcc-arm-none-eabi-10.3-2021.10/bin/../lib/gcc/arm-none-eabi/10.3.1/../../../../arm-none-eabi/lib/thumb/v7e-m+fp/softfp/libg.a(lib_a-callocr.o)
                0x000000000000c80c                _calloc_r
 .text.__errno  0x000000000000c884        0xc /opt/gcc-arm-none-eabi-10.3-2021.10/bin/../lib/gcc/arm-none-eabi/10.3.1/../../../../arm-none-eabi/lib/thumb/v7e-m+fp/softfp/libg.a(lib_a-errno.o)
                0x000000000000c884                __errno
 .text.fiprintf
                0x000000000000c890       0x28 /opt/gcc-arm-none-eabi-10.3-2021.10/bin/../lib/gcc/arm-none-eabi/10.3.1/../../../../arm-none-eabi/lib/thumb/v7e-m+fp/softfp/libg.a(lib_a-fiprintf.o)
                0x000000000000c890                fiprintf
 .text._fstat_r
                0x000000000000c8b8       0x2c /opt/gcc-arm-none-eabi-10.3-2021.10/bin/../lib/gcc/arm-none-eabi/10.3.1/../../../../arm-none-eabi/lib/thumb/v7e-m+fp/softfp/libg.a(lib_a-fstatr.o)
                0x000000000000c8b8                _fstat_r
 .text._isatty_r
                0x000000000000c8e4       0x24 /opt/gcc-arm-none-eabi-10.3-2021.10/bin/../lib/gcc/arm-none-eabi/10.3.1/../../../../arm-none-eabi/lib/thumb/v7e-m+fp/softfp/libg.a(lib_a-isattyr.o)
                0x000000000000c8e4                _isatty_r
 .text.__locale_mb_cur_max
                0x000000000000c908        0xc /opt/gcc-arm-none-eabi-10.3-2021.10/bin/../lib/gcc/arm-none-eabi/10.3.1/../../../../arm-none-eabi/lib/thumb/v7e-m+fp/softfp/libg.a(lib_a-locale.o)
                0x000000000000c908                __locale_mb_cur_max
 .text.__ascii_mbtowc
                0x000000000000c914       0x2c /opt/gcc-arm-none-eabi-10.3-2021.10/bin/../lib/gcc/arm-none-eabi/10.3.1/../../../../arm-none-eabi/lib/thumb/v7e-m+fp/softfp/libg.a(lib_a-mbtowc_r.o)
                0x000000000000c914                __ascii_mbtowc
 .text.__sprint_r.part.0
                0x000000000000c940       0x78 /opt/gcc-arm-none-eabi-10.3-2021.10/bin/../lib/gcc/arm-none-eabi/10.3.1/../../../../arm-none-eabi/lib/thumb/v7e-m+fp/softfp/libg.a(lib_a-vfiprintf.o)
 .text._vfiprintf_r
                0x000000000000c9b8      0xdfc /opt/gcc-arm-none-eabi-10.3-2021.10/bin/../lib/gcc/arm-none-eabi/10.3.1/../../../../arm-none-eabi/lib/thumb/v7e-m+fp/softfp/libg.a(lib_a-vfiprintf.o)
                0x000000000000c9b8                _vfiprintf_r
 .text.__sbprintf
                0x000000000000d7b4       0x80 /opt/gcc-arm-none-eabi-10.3-2021.10/bin/../lib/gcc/arm-none-eabi/10.3.1/../../../../arm-none-eabi/lib/thumb/v7e-m+fp/softfp/libg.a(lib_a-vfiprintf.o)
 .text.__ascii_wctomb
                0x000000000000d834       0x1c /opt/gcc-arm-none-eabi-10.3-2021.10/bin/../lib/gcc/arm-none-eabi/10.3.1/../../../../arm-none-eabi/lib/thumb/v7e-m+fp/softfp/libg.a(lib_a-wctomb_r.o)
                0x000000000000d834                __ascii_wctomb
 .text.abort    0x000000000000d850       0x10 /opt/gcc-arm-none-eabi-10.3-2021.10/bin/../lib/gcc/arm-none-eabi/10.3.1/../../../../arm-none-eabi/lib/thumb/v7e-m+fp/softfp/libg.a(lib_a-abort.o)
                0x000000000000d850                abort
 .text.__fputwc
                0x000000000000d860       0xa8 /opt/gcc-arm-none-eabi-10.3-2021.10/bin/../lib/gcc/arm-none-eabi/10.3.1/../../../../arm-none-eabi/lib/thumb/v7e-m+fp/softfp/libg.a(lib_a-fputwc.o)
                0x000000000000d860                __fputwc
 .text._fputwc_r
                0x000000000000d908       0x68 /opt/gcc-arm-none-eabi-10.3-2021.10/bin/../lib/gcc/arm-none-eabi/10.3.1/../../../../arm-none-eabi/lib/thumb/v7e-m+fp/softfp/libg.a(lib_a-fputwc.o)
                0x000000000000d908                _fputwc_r
 .text.raise    0x000000000000d970       0x5c /opt/gcc-arm-none-eabi-10.3-2021.10/bin/../lib/gcc/arm-none-eabi/10.3.1/../../../../arm-none-eabi/lib/thumb/v7e-m+fp/softfp/libg.a(lib_a-signal.o)
                0x000000000000d970                raise
 .text._kill_r  0x000000000000d9cc       0x2c /opt/gcc-arm-none-eabi-10.3-2021.10/bin/../lib/gcc/arm-none-eabi/10.3.1/../../../../arm-none-eabi/lib/thumb/v7e-m+fp/softfp/libg.a(lib_a-signalr.o)
                0x000000000000d9cc                _kill_r
 .text._getpid_r
                0x000000000000d9f8        0x4 /opt/gcc-arm-none-eabi-10.3-2021.10/bin/../lib/gcc/arm-none-eabi/10.3.1/../../../../arm-none-eabi/lib/thumb/v7e-m+fp/softfp/libg.a(lib_a-signalr.o)
                0x000000000000d9f8                _getpid_r
 .text.__swbuf_r
                0x000000000000d9fc       0xb0 /opt/gcc-arm-none-eabi-10.3-2021.10/bin/../lib/gcc/arm-none-eabi/10.3.1/../../../../arm-none-eabi/lib/thumb/v7e-m+fp/softfp/libg.a(lib_a-wbuf.o)
                0x000000000000d9fc                __swbuf_r
 .text._wcrtomb_r
                0x000000000000daac       0x3c /opt/gcc-arm-none-eabi-10.3-2021.10/bin/../lib/gcc/arm-none-eabi/10.3.1/../../../../arm-none-eabi/lib/thumb/v7e-m+fp/softfp/libg.a(lib_a-wcrtomb.o)
                0x000000000000daac                _wcrtomb_r
 .text          0x000000000000dae8      0x378 /opt/gcc-arm-none-eabi-10.3-2021.10/bin/../lib/gcc/arm-none-eabi/10.3.1/thumb/v7e-m+fp/softfp/libgcc.a(_arm_addsubdf3.o)
                0x000000000000dae8                __aeabi_drsub
                0x000000000000daf0                __aeabi_dsub
                0x000000000000daf0                __subdf3
                0x000000000000daf4                __adddf3
                0x000000000000daf4                __aeabi_dadd
                0x000000000000dd6c                __aeabi_ui2d
                0x000000000000dd6c                __floatunsidf
                0x000000000000dd8c                __floatsidf
                0x000000000000dd8c                __aeabi_i2d
                0x000000000000ddb0                __extendsfdf2
                0x000000000000ddb0                __aeabi_f2d
                0x000000000000ddf4                __aeabi_ul2d
                0x000000000000ddf4                __floatundidf
                0x000000000000de04                __floatdidf
                0x000000000000de04                __aeabi_l2d
 .text          0x000000000000de60      0x424 /opt/gcc-arm-none-eabi-10.3-2021.10/bin/../lib/gcc/arm-none-eabi/10.3.1/thumb/v7e-m+fp/softfp/libgcc.a(_arm_muldivdf3.o)
                0x000000000000de60                __aeabi_dmul
                0x000000000000de60                __muldf3
                0x000000000000e0b4                __aeabi_ddiv
                0x000000000000e0b4                __divdf3
 .text          0x000000000000e284      0x110 /opt/gcc-arm-none-eabi-10.3-2021.10/bin/../lib/gcc/arm-none-eabi/10.3.1/thumb/v7e-m+fp/softfp/libgcc.a(_arm_cmpdf2.o)
                0x000000000000e284                __gtdf2
                0x000000000000e284                __gedf2
                0x000000000000e28c                __ltdf2
                0x000000000000e28c                __ledf2
                0x000000000000e294                __cmpdf2
                0x000000000000e294                __eqdf2
                0x000000000000e294                __nedf2
                0x000000000000e310                __aeabi_cdrcmple
                0x000000000000e320                __aeabi_cdcmple
                0x000000000000e320                __aeabi_cdcmpeq
                0x000000000000e330                __aeabi_dcmpeq
                0x000000000000e344                __aeabi_dcmplt
                0x000000000000e358                __aeabi_dcmple
                0x000000000000e36c                __aeabi_dcmpge
                0x000000000000e380                __aeabi_dcmpgt
 .text          0x000000000000e394       0x2c /opt/gcc-arm-none-eabi-10.3-2021.10/bin/../lib/gcc/arm-none-eabi/10.3.1/thumb/v7e-m+fp/softfp/libgcc.a(_arm_unorddf2.o)
                0x000000000000e394                __aeabi_dcmpun
                0x000000000000e394                __unorddf2
 .text          0x000000000000e3c0       0x50 /opt/gcc-arm-none-eabi-10.3-2021.10/bin/../lib/gcc/arm-none-eabi/10.3.1/thumb/v7e-m+fp/softfp/libgcc.a(_arm_fixdfsi.o)
                0x000000000000e3c0                __fixdfsi
                0x000000000000e3c0                __aeabi_d2iz
 .text._sbrk    0x000000000000e410       0x1c /opt/gcc-arm-none-eabi-10.3-2021.10/bin/../lib/gcc/arm-none-eabi/10.3.1/../../../../arm-none-eabi/lib/thumb/v7e-m+fp/softfp/libnosys.a(sbrk.o)
                0x000000000000e410                _sbrk
 *(.init)
 *(.fini)
 *crtbegin.o(.ctors)
 *crtbegin?.o(.ctors)
 *(EXCLUDE_FILE(*crtend.o *crtend?.o) .ctors)
 *(SORT_BY_NAME(.ctors.*))
 *(.ctors)
 *crtbegin.o(.dtors)
 *crtbegin?.o(.dtors)
 *(EXCLUDE_FILE(*crtend.o *crtend?.o) .dtors)
 *(SORT_BY_NAME(.dtors.*))
 *(.dtors)
 *(.rodata*)
 .rodata        0x000000000000e42c       0xb6 build/tsb0/app_main.o
                0x000000000000e42c                gHeaderData
                0x000000000000e4bc                gHeaderEnd
                0x000000000000e4c0                gHeaderSize
 *fill*         0x000000000000e4e2        0x2 
 .rodata.moduulROM.21
                0x000000000000e4e4        0x5 build/tsb0/app_main.o
 *fill*         0x000000000000e4e9        0x3 
 .rodata.strROM.20
                0x000000000000e4ec        0xa build/tsb0/app_main.o
 *fill*         0x000000000000e4f6        0x2 
 .rodata.moduulROM.19
                0x000000000000e4f8        0x5 build/tsb0/app_main.o
 *fill*         0x000000000000e4fd        0x3 
 .rodata.strROM.18
                0x000000000000e500        0xe build/tsb0/app_main.o
 *fill*         0x000000000000e50e        0x2 
 .rodata.moduulROM.17
                0x000000000000e510        0x5 build/tsb0/app_main.o
 *fill*         0x000000000000e515        0x3 
 .rodata.strROM.16
                0x000000000000e518        0xf build/tsb0/app_main.o
 *fill*         0x000000000000e527        0x1 
 .rodata.moduulROM.15
                0x000000000000e528        0x5 build/tsb0/app_main.o
 *fill*         0x000000000000e52d        0x3 
 .rodata.strROM.14
                0x000000000000e530        0xe build/tsb0/app_main.o
 *fill*         0x000000000000e53e        0x2 
 .rodata.moduulROM.13
                0x000000000000e540        0x5 build/tsb0/app_main.o
 *fill*         0x000000000000e545        0x3 
 .rodata.strROM.12
                0x000000000000e548        0x8 build/tsb0/app_main.o
 .rodata.moduulROM.11
                0x000000000000e550        0x5 build/tsb0/app_main.o
 *fill*         0x000000000000e555        0x3 
 .rodata.strROM.10
                0x000000000000e558        0x8 build/tsb0/app_main.o
 .rodata.moduulROM.9
                0x000000000000e560        0x5 build/tsb0/app_main.o
 *fill*         0x000000000000e565        0x3 
 .rodata.strROM.8
                0x000000000000e568        0x8 build/tsb0/app_main.o
 .rodata.moduulROM.7
                0x000000000000e570        0x5 build/tsb0/app_main.o
 *fill*         0x000000000000e575        0x3 
 .rodata.strROM.6
                0x000000000000e578       0x26 build/tsb0/app_main.o
 *fill*         0x000000000000e59e        0x2 
 .rodata.moduulROM.5
                0x000000000000e5a0        0x5 build/tsb0/app_main.o
 *fill*         0x000000000000e5a5        0x3 
 .rodata.strROM.4
                0x000000000000e5a8        0xf build/tsb0/app_main.o
 *fill*         0x000000000000e5b7        0x1 
 .rodata        0x000000000000e5b8       0x10 build/tsb0/i2c_handler.o
 .rodata.moduulROM.3
                0x000000000000e5c8        0x5 build/tsb0/gpio_handler.o
 *fill*         0x000000000000e5cd        0x3 
 .rodata.strROM.2
                0x000000000000e5d0       0x1a build/tsb0/gpio_handler.o
 *fill*         0x000000000000e5ea        0x2 
 .rodata.moduulROM.1
                0x000000000000e5ec        0x5 build/tsb0/gpio_handler.o
 *fill*         0x000000000000e5f1        0x3 
 .rodata.strROM.0
                0x000000000000e5f4        0xa build/tsb0/gpio_handler.o
 *fill*         0x000000000000e5fe        0x2 
 .rodata.moduulROM.7
                0x000000000000e600        0x5 build/tsb0/mma8653fc_driver.o
 *fill*         0x000000000000e605        0x3 
 .rodata.strROM.6
                0x000000000000e608       0x17 build/tsb0/mma8653fc_driver.o
 *fill*         0x000000000000e61f        0x1 
 .rodata.moduulROM.1
                0x000000000000e620        0x5 build/tsb0/mma8653fc_driver.o
 *fill*         0x000000000000e625        0x3 
 .rodata.strROM.0
                0x000000000000e628        0x6 build/tsb0/mma8653fc_driver.o
 *fill*         0x000000000000e62e        0x2 
 .rodata        0x000000000000e630        0x5 build/tsb0//home/rudolf/node-apps/zoo/FreeRTOS-Kernel/tasks.o
 *fill*         0x000000000000e635        0x3 
 .rodata        0x000000000000e638        0x8 build/tsb0//home/rudolf/node-apps/zoo/FreeRTOS-Kernel/timers.o
 .rodata        0x000000000000e640       0x1c build/tsb0//opt/gecko_sdk/hardware/kit/common/drivers/retargetserial.o
 .rodata.flashWsTable
                0x000000000000e65c       0x28 build/tsb0//opt/gecko_sdk/platform/emlib/src/em_cmu.o
 .rodata.resetCauseMasks
                0x000000000000e684       0x48 build/tsb0//opt/gecko_sdk/platform/emlib/src/em_rmu.o
 .rodata.i2cNSum
                0x000000000000e6cc        0x4 build/tsb0//opt/gecko_sdk/platform/emlib/src/em_i2c.o
 .rodata        0x000000000000e6d0       0x3d build/tsb0//home/rudolf/node-apps/zoo/thinnect.lll/logging/loggers_ext.o
 *fill*         0x000000000000e70d        0x3 
 .rodata        0x000000000000e710       0x12 build/tsb0//home/rudolf/node-apps/zoo/thinnect.dev-platforms/make/boards/../../src/boards/tsb0/platform.o
 *fill*         0x000000000000e722        0x2 
 .rodata._global_impure_ptr
                0x000000000000e724        0x4 /opt/gcc-arm-none-eabi-10.3-2021.10/bin/../lib/gcc/arm-none-eabi/10.3.1/../../../../arm-none-eabi/lib/thumb/v7e-m+fp/softfp/libg.a(lib_a-impure.o)
                0x000000000000e724                _global_impure_ptr
 .rodata._svfprintf_r.str1.4
                0x000000000000e728       0x42 /opt/gcc-arm-none-eabi-10.3-2021.10/bin/../lib/gcc/arm-none-eabi/10.3.1/../../../../arm-none-eabi/lib/thumb/v7e-m+fp/softfp/libg.a(lib_a-svfprintf.o)
 *fill*         0x000000000000e76a        0x2 
 .rodata.blanks.1
                0x000000000000e76c       0x10 /opt/gcc-arm-none-eabi-10.3-2021.10/bin/../lib/gcc/arm-none-eabi/10.3.1/../../../../arm-none-eabi/lib/thumb/v7e-m+fp/softfp/libg.a(lib_a-svfprintf.o)
 .rodata.zeroes.0
                0x000000000000e77c       0x10 /opt/gcc-arm-none-eabi-10.3-2021.10/bin/../lib/gcc/arm-none-eabi/10.3.1/../../../../arm-none-eabi/lib/thumb/v7e-m+fp/softfp/libg.a(lib_a-svfprintf.o)
 .rodata._dtoa_r.str1.4
                0x000000000000e78c       0xa2 /opt/gcc-arm-none-eabi-10.3-2021.10/bin/../lib/gcc/arm-none-eabi/10.3.1/../../../../arm-none-eabi/lib/thumb/v7e-m+fp/softfp/libg.a(lib_a-dtoa.o)
                                         0xa6 (size before relaxing)
 *fill*         0x000000000000e82e        0x2 
 .rodata.__multadd.str1.4
                0x000000000000e830       0x7f /opt/gcc-arm-none-eabi-10.3-2021.10/bin/../lib/gcc/arm-none-eabi/10.3.1/../../../../arm-none-eabi/lib/thumb/v7e-m+fp/softfp/libg.a(lib_a-mprec.o)
                                         0x93 (size before relaxing)
 *fill*         0x000000000000e8af        0x1 
 .rodata.__mprec_bigtens
                0x000000000000e8b0       0x28 /opt/gcc-arm-none-eabi-10.3-2021.10/bin/../lib/gcc/arm-none-eabi/10.3.1/../../../../arm-none-eabi/lib/thumb/v7e-m+fp/softfp/libg.a(lib_a-mprec.o)
                0x000000000000e8b0                __mprec_bigtens
 .rodata.__mprec_tens
                0x000000000000e8d8       0xc8 /opt/gcc-arm-none-eabi-10.3-2021.10/bin/../lib/gcc/arm-none-eabi/10.3.1/../../../../arm-none-eabi/lib/thumb/v7e-m+fp/softfp/libg.a(lib_a-mprec.o)
                0x000000000000e8d8                __mprec_tens
 .rodata.p05.0  0x000000000000e9a0        0xc /opt/gcc-arm-none-eabi-10.3-2021.10/bin/../lib/gcc/arm-none-eabi/10.3.1/../../../../arm-none-eabi/lib/thumb/v7e-m+fp/softfp/libg.a(lib_a-mprec.o)
 .rodata.__assert_func.str1.4
                0x000000000000e9ac       0x3f /opt/gcc-arm-none-eabi-10.3-2021.10/bin/../lib/gcc/arm-none-eabi/10.3.1/../../../../arm-none-eabi/lib/thumb/v7e-m+fp/softfp/libg.a(lib_a-assert.o)
                                         0x43 (size before relaxing)
 *fill*         0x000000000000e9eb        0x1 
 .rodata._setlocale_r.str1.4
                0x000000000000e9ec        0xa /opt/gcc-arm-none-eabi-10.3-2021.10/bin/../lib/gcc/arm-none-eabi/10.3.1/../../../../arm-none-eabi/lib/thumb/v7e-m+fp/softfp/libg.a(lib_a-locale.o)
                                          0xd (size before relaxing)
 *fill*         0x000000000000e9f6        0x2 
 .rodata.str1.4
                0x000000000000e9f8        0x2 /opt/gcc-arm-none-eabi-10.3-2021.10/bin/../lib/gcc/arm-none-eabi/10.3.1/../../../../arm-none-eabi/lib/thumb/v7e-m+fp/softfp/libg.a(lib_a-locale.o)
 .rodata._vfiprintf_r.str1.4
                0x000000000000e9fa       0x2f /opt/gcc-arm-none-eabi-10.3-2021.10/bin/../lib/gcc/arm-none-eabi/10.3.1/../../../../arm-none-eabi/lib/thumb/v7e-m+fp/softfp/libg.a(lib_a-vfiprintf.o)
 *fill*         0x000000000000e9fa        0x2 
 .rodata.blanks.1
                0x000000000000e9fc       0x10 /opt/gcc-arm-none-eabi-10.3-2021.10/bin/../lib/gcc/arm-none-eabi/10.3.1/../../../../arm-none-eabi/lib/thumb/v7e-m+fp/softfp/libg.a(lib_a-vfiprintf.o)
 .rodata.zeroes.0
                0x000000000000ea0c       0x10 /opt/gcc-arm-none-eabi-10.3-2021.10/bin/../lib/gcc/arm-none-eabi/10.3.1/../../../../arm-none-eabi/lib/thumb/v7e-m+fp/softfp/libg.a(lib_a-vfiprintf.o)
 .rodata._ctype_
                0x000000000000ea1c      0x101 /opt/gcc-arm-none-eabi-10.3-2021.10/bin/../lib/gcc/arm-none-eabi/10.3.1/../../../../arm-none-eabi/lib/thumb/v7e-m+fp/softfp/libg.a(lib_a-ctype_.o)
                0x000000000000ea1c                _ctype_
 *(.eh_frame*)

.glue_7         0x000000000000eb20        0x0
 .glue_7        0x000000000000eb20        0x0 linker stubs

.glue_7t        0x000000000000eb20        0x0
 .glue_7t       0x000000000000eb20        0x0 linker stubs

.vfp11_veneer   0x000000000000eb20        0x0
 .vfp11_veneer  0x000000000000eb20        0x0 linker stubs

.v4_bx          0x000000000000eb20        0x0
 .v4_bx         0x000000000000eb20        0x0 linker stubs

.iplt           0x000000000000eb20        0x0
 .iplt          0x000000000000eb20        0x0 build/tsb0/app_main.o

.ARM.extab
 *(.ARM.extab* .gnu.linkonce.armextab.*)
                0x000000000000eb1d                __exidx_start = .

.ARM.exidx      0x000000000000eb20        0x8
 *(.ARM.exidx* .gnu.linkonce.armexidx.*)
 .ARM.exidx     0x000000000000eb20        0x8 /opt/gcc-arm-none-eabi-10.3-2021.10/bin/../lib/gcc/arm-none-eabi/10.3.1/thumb/v7e-m+fp/softfp/libgcc.a(_udivmoddi4.o)
                0x000000000000eb28                __exidx_end = .
                0x000000000000eb28                __etext = .

.rel.dyn        0x000000000000eb28        0x0
 .rel.iplt      0x000000000000eb28        0x0 build/tsb0/app_main.o

.data           0x0000000020000000      0x9d4 load address 0x000000000000eb28
                0x0000000020000000                __data_start__ = .
 *(vtable)
 *(.data*)
 .data.uxCriticalNesting
                0x0000000020000000        0x4 build/tsb0//home/rudolf/node-apps/zoo/FreeRTOS-Kernel/portable/GCC/ARM_CM4F/port.o
 .data.xHeapRegions
                0x0000000020000004       0x10 build/tsb0//home/rudolf/node-apps/zoo/thinnect.cmsis-freertos/CMSIS-FreeRTOS/CMSIS/RTOS2/FreeRTOS/Source/cmsis_os2.o
 .data.auxHfrcoFreq
                0x0000000020000014        0x4 build/tsb0//opt/gecko_sdk/platform/emlib/src/em_cmu.o
 .data.SystemHFXOClock
                0x0000000020000018        0x4 build/tsb0//opt/gecko_sdk/platform/Device/SiliconLabs/EFR32MG12P/Source/system_efr32mg12p.o
 .data.SystemLFXOClock
                0x000000002000001c        0x4 build/tsb0//opt/gecko_sdk/platform/Device/SiliconLabs/EFR32MG12P/Source/system_efr32mg12p.o
 .data.SystemCoreClock
                0x0000000020000020        0x4 build/tsb0//opt/gecko_sdk/platform/Device/SiliconLabs/EFR32MG12P/Source/system_efr32mg12p.o
                0x0000000020000020                SystemCoreClock
 .data.SystemHfrcoFreq
                0x0000000020000024        0x4 build/tsb0//opt/gecko_sdk/platform/Device/SiliconLabs/EFR32MG12P/Source/system_efr32mg12p.o
                0x0000000020000024                SystemHfrcoFreq
 .data._impure_ptr
                0x0000000020000028        0x4 /opt/gcc-arm-none-eabi-10.3-2021.10/bin/../lib/gcc/arm-none-eabi/10.3.1/../../../../arm-none-eabi/lib/thumb/v7e-m+fp/softfp/libg.a(lib_a-impure.o)
                0x0000000020000028                _impure_ptr
 *fill*         0x000000002000002c        0x4 
 .data.impure_data
                0x0000000020000030      0x428 /opt/gcc-arm-none-eabi-10.3-2021.10/bin/../lib/gcc/arm-none-eabi/10.3.1/../../../../arm-none-eabi/lib/thumb/v7e-m+fp/softfp/libg.a(lib_a-impure.o)
 .data.__malloc_av_
                0x0000000020000458      0x408 /opt/gcc-arm-none-eabi-10.3-2021.10/bin/../lib/gcc/arm-none-eabi/10.3.1/../../../../arm-none-eabi/lib/thumb/v7e-m+fp/softfp/libg.a(lib_a-mallocr.o)
                0x0000000020000458                __malloc_av_
 .data.__malloc_sbrk_base
                0x0000000020000860        0x4 /opt/gcc-arm-none-eabi-10.3-2021.10/bin/../lib/gcc/arm-none-eabi/10.3.1/../../../../arm-none-eabi/lib/thumb/v7e-m+fp/softfp/libg.a(lib_a-mallocr.o)
                0x0000000020000860                __malloc_sbrk_base
 .data.__malloc_trim_threshold
                0x0000000020000864        0x4 /opt/gcc-arm-none-eabi-10.3-2021.10/bin/../lib/gcc/arm-none-eabi/10.3.1/../../../../arm-none-eabi/lib/thumb/v7e-m+fp/softfp/libg.a(lib_a-mallocr.o)
                0x0000000020000864                __malloc_trim_threshold
 .data.__global_locale
                0x0000000020000868      0x16c /opt/gcc-arm-none-eabi-10.3-2021.10/bin/../lib/gcc/arm-none-eabi/10.3.1/../../../../arm-none-eabi/lib/thumb/v7e-m+fp/softfp/libg.a(lib_a-locale.o)
                0x0000000020000868                __global_locale
                0x00000000200009d4                . = ALIGN (0x4)
                [!provide]                        PROVIDE (__ram_func_section_start = .)
 *(.ram)
                [!provide]                        PROVIDE (__ram_func_section_end = .)
                0x00000000200009d4                . = ALIGN (0x4)
                [!provide]                        PROVIDE (__preinit_array_start = .)
 *(.preinit_array)
                [!provide]                        PROVIDE (__preinit_array_end = .)
                0x00000000200009d4                . = ALIGN (0x4)
                [!provide]                        PROVIDE (__init_array_start = .)
 *(SORT_BY_NAME(.init_array.*))
 *(.init_array)
                [!provide]                        PROVIDE (__init_array_end = .)
                0x00000000200009d4                . = ALIGN (0x4)
                [!provide]                        PROVIDE (__fini_array_start = .)
 *(SORT_BY_NAME(.fini_array.*))
 *(.fini_array)
                [!provide]                        PROVIDE (__fini_array_end = .)
 *(.jcr*)
                0x00000000200009d4                . = ALIGN (0x4)
                0x00000000200009d4                __data_end__ = .

.igot.plt       0x00000000200009d4        0x0 load address 0x000000000000f4fc
 .igot.plt      0x00000000200009d4        0x0 build/tsb0/app_main.o

.bss            0x00000000200009d4     0xbc2c load address 0x000000000000f4fc
                0x00000000200009d4                . = ALIGN (0x4)
                0x00000000200009d4                __bss_start__ = .
 *(.bss*)
 .bss.dataReadyThreadId
                0x00000000200009d4        0x4 build/tsb0/app_main.o
 .bss.res.3     0x00000000200009d8        0x4 build/tsb0/app_main.o
 .bss.signal_energy.2
                0x00000000200009dc        0x4 build/tsb0/app_main.o
 .bss.signal_bias.1
                0x00000000200009e0        0x4 build/tsb0/app_main.o
 .bss.i.0       0x00000000200009e4        0x4 build/tsb0/app_main.o
 .bss.resumeThreadID
                0x00000000200009e8        0x4 build/tsb0/gpio_handler.o
 .bss.resumeThreadFlagID
                0x00000000200009ec        0x4 build/tsb0/gpio_handler.o
 .bss.tx_buf.5  0x00000000200009f0        0x1 build/tsb0/mma8653fc_driver.o
 *fill*         0x00000000200009f1        0x3 
 .bss.rx_buf.4  0x00000000200009f4        0x1 build/tsb0/mma8653fc_driver.o
 *fill*         0x00000000200009f5        0x3 
 .bss.tx_buf.3  0x00000000200009f8        0x2 build/tsb0/mma8653fc_driver.o
 *fill*         0x00000000200009fa        0x2 
 .bss.rx_buf.2  0x00000000200009fc        0x1 build/tsb0/mma8653fc_driver.o
 .bss.ucMaxSysCallPriority
                0x00000000200009fd        0x1 build/tsb0//home/rudolf/node-apps/zoo/FreeRTOS-Kernel/portable/GCC/ARM_CM4F/port.o
 *fill*         0x00000000200009fe        0x2 
 .bss.ulMaxPRIGROUPValue
                0x0000000020000a00        0x4 build/tsb0//home/rudolf/node-apps/zoo/FreeRTOS-Kernel/portable/GCC/ARM_CM4F/port.o
 .bss.xStart    0x0000000020000a04        0x8 build/tsb0//home/rudolf/node-apps/zoo/FreeRTOS-Kernel/portable/MemMang/heap_5.o
 .bss.pxEnd     0x0000000020000a0c        0x4 build/tsb0//home/rudolf/node-apps/zoo/FreeRTOS-Kernel/portable/MemMang/heap_5.o
 .bss.xFreeBytesRemaining
                0x0000000020000a10        0x4 build/tsb0//home/rudolf/node-apps/zoo/FreeRTOS-Kernel/portable/MemMang/heap_5.o
 .bss.xMinimumEverFreeBytesRemaining
                0x0000000020000a14        0x4 build/tsb0//home/rudolf/node-apps/zoo/FreeRTOS-Kernel/portable/MemMang/heap_5.o
 .bss.xNumberOfSuccessfulAllocations
                0x0000000020000a18        0x4 build/tsb0//home/rudolf/node-apps/zoo/FreeRTOS-Kernel/portable/MemMang/heap_5.o
 .bss.xNumberOfSuccessfulFrees
                0x0000000020000a1c        0x4 build/tsb0//home/rudolf/node-apps/zoo/FreeRTOS-Kernel/portable/MemMang/heap_5.o
 .bss.xBlockAllocatedBit
                0x0000000020000a20        0x4 build/tsb0//home/rudolf/node-apps/zoo/FreeRTOS-Kernel/portable/MemMang/heap_5.o
 .bss.pxCurrentTCB
                0x0000000020000a24        0x4 build/tsb0//home/rudolf/node-apps/zoo/FreeRTOS-Kernel/tasks.o
                0x0000000020000a24                pxCurrentTCB
 .bss.pxReadyTasksLists
                0x0000000020000a28      0x460 build/tsb0//home/rudolf/node-apps/zoo/FreeRTOS-Kernel/tasks.o
 .bss.xDelayedTaskList1
                0x0000000020000e88       0x14 build/tsb0//home/rudolf/node-apps/zoo/FreeRTOS-Kernel/tasks.o
 .bss.xDelayedTaskList2
                0x0000000020000e9c       0x14 build/tsb0//home/rudolf/node-apps/zoo/FreeRTOS-Kernel/tasks.o
 .bss.pxDelayedTaskList
                0x0000000020000eb0        0x4 build/tsb0//home/rudolf/node-apps/zoo/FreeRTOS-Kernel/tasks.o
 .bss.pxOverflowDelayedTaskList