Archive member included to satisfy reference by file (symbol)

/opt/gcc-arm-none-eabi-10.3-2021.10/bin/../lib/gcc/arm-none-eabi/10.3.1/thumb/v7e-m+fp/softfp/libgcc.a(_aeabi_uldivmod.o)
                              build/tsb0//opt/gecko_sdk/platform/emlib/src/em_usart.o (__aeabi_uldivmod)
/opt/gcc-arm-none-eabi-10.3-2021.10/bin/../lib/gcc/arm-none-eabi/10.3.1/thumb/v7e-m+fp/softfp/libgcc.a(_udivmoddi4.o)
                              /opt/gcc-arm-none-eabi-10.3-2021.10/bin/../lib/gcc/arm-none-eabi/10.3.1/thumb/v7e-m+fp/softfp/libgcc.a(_aeabi_uldivmod.o) (__udivmoddi4)
/opt/gcc-arm-none-eabi-10.3-2021.10/bin/../lib/gcc/arm-none-eabi/10.3.1/thumb/v7e-m+fp/softfp/libgcc.a(_dvmd_tls.o)
                              /opt/gcc-arm-none-eabi-10.3-2021.10/bin/../lib/gcc/arm-none-eabi/10.3.1/thumb/v7e-m+fp/softfp/libgcc.a(_aeabi_uldivmod.o) (__aeabi_ldiv0)
/opt/gcc-arm-none-eabi-10.3-2021.10/bin/../lib/gcc/arm-none-eabi/10.3.1/../../../../arm-none-eabi/lib/thumb/v7e-m+fp/softfp/libg.a(lib_a-fflush.o)
                              build/tsb0/main.o (fflush)
/opt/gcc-arm-none-eabi-10.3-2021.10/bin/../lib/gcc/arm-none-eabi/10.3.1/../../../../arm-none-eabi/lib/thumb/v7e-m+fp/softfp/libg.a(lib_a-findfp.o)
                              /opt/gcc-arm-none-eabi-10.3-2021.10/bin/../lib/gcc/arm-none-eabi/10.3.1/../../../../arm-none-eabi/lib/thumb/v7e-m+fp/softfp/libg.a(lib_a-fflush.o) (__sinit)
/opt/gcc-arm-none-eabi-10.3-2021.10/bin/../lib/gcc/arm-none-eabi/10.3.1/../../../../arm-none-eabi/lib/thumb/v7e-m+fp/softfp/libg.a(lib_a-freer.o)
                              /opt/gcc-arm-none-eabi-10.3-2021.10/bin/../lib/gcc/arm-none-eabi/10.3.1/../../../../arm-none-eabi/lib/thumb/v7e-m+fp/softfp/libg.a(lib_a-fflush.o) (_free_r)
/opt/gcc-arm-none-eabi-10.3-2021.10/bin/../lib/gcc/arm-none-eabi/10.3.1/../../../../arm-none-eabi/lib/thumb/v7e-m+fp/softfp/libg.a(lib_a-fwalk.o)
                              /opt/gcc-arm-none-eabi-10.3-2021.10/bin/../lib/gcc/arm-none-eabi/10.3.1/../../../../arm-none-eabi/lib/thumb/v7e-m+fp/softfp/libg.a(lib_a-findfp.o) (_fwalk)
/opt/gcc-arm-none-eabi-10.3-2021.10/bin/../lib/gcc/arm-none-eabi/10.3.1/../../../../arm-none-eabi/lib/thumb/v7e-m+fp/softfp/libg.a(lib_a-fwrite.o)
                              build/tsb0/main.o (fwrite)
/opt/gcc-arm-none-eabi-10.3-2021.10/bin/../lib/gcc/arm-none-eabi/10.3.1/../../../../arm-none-eabi/lib/thumb/v7e-m+fp/softfp/libg.a(lib_a-impure.o)
                              /opt/gcc-arm-none-eabi-10.3-2021.10/bin/../lib/gcc/arm-none-eabi/10.3.1/../../../../arm-none-eabi/lib/thumb/v7e-m+fp/softfp/libg.a(lib_a-fflush.o) (_global_impure_ptr)
/opt/gcc-arm-none-eabi-10.3-2021.10/bin/../lib/gcc/arm-none-eabi/10.3.1/../../../../arm-none-eabi/lib/thumb/v7e-m+fp/softfp/libg.a(lib_a-lock.o)
                              /opt/gcc-arm-none-eabi-10.3-2021.10/bin/../lib/gcc/arm-none-eabi/10.3.1/../../../../arm-none-eabi/lib/thumb/v7e-m+fp/softfp/libg.a(lib_a-findfp.o) (__retarget_lock_init_recursive)
/opt/gcc-arm-none-eabi-10.3-2021.10/bin/../lib/gcc/arm-none-eabi/10.3.1/../../../../arm-none-eabi/lib/thumb/v7e-m+fp/softfp/libg.a(lib_a-mallocr.o)
                              /opt/gcc-arm-none-eabi-10.3-2021.10/bin/../lib/gcc/arm-none-eabi/10.3.1/../../../../arm-none-eabi/lib/thumb/v7e-m+fp/softfp/libg.a(lib_a-findfp.o) (_malloc_r)
/opt/gcc-arm-none-eabi-10.3-2021.10/bin/../lib/gcc/arm-none-eabi/10.3.1/../../../../arm-none-eabi/lib/thumb/v7e-m+fp/softfp/libg.a(lib_a-memcpy.o)
                              build/tsb0//home/rudolf/node-apps/zoo/FreeRTOS-Kernel/stream_buffer.o (memcpy)
/opt/gcc-arm-none-eabi-10.3-2021.10/bin/../lib/gcc/arm-none-eabi/10.3.1/../../../../arm-none-eabi/lib/thumb/v7e-m+fp/softfp/libg.a(lib_a-memset.o)
                              build/tsb0/main.o (memset)
/opt/gcc-arm-none-eabi-10.3-2021.10/bin/../lib/gcc/arm-none-eabi/10.3.1/../../../../arm-none-eabi/lib/thumb/v7e-m+fp/softfp/libg.a(lib_a-mlock.o)
                              /opt/gcc-arm-none-eabi-10.3-2021.10/bin/../lib/gcc/arm-none-eabi/10.3.1/../../../../arm-none-eabi/lib/thumb/v7e-m+fp/softfp/libg.a(lib_a-freer.o) (__malloc_lock)
/opt/gcc-arm-none-eabi-10.3-2021.10/bin/../lib/gcc/arm-none-eabi/10.3.1/../../../../arm-none-eabi/lib/thumb/v7e-m+fp/softfp/libg.a(lib_a-sbrkr.o)
                              /opt/gcc-arm-none-eabi-10.3-2021.10/bin/../lib/gcc/arm-none-eabi/10.3.1/../../../../arm-none-eabi/lib/thumb/v7e-m+fp/softfp/libg.a(lib_a-freer.o) (_sbrk_r)
/opt/gcc-arm-none-eabi-10.3-2021.10/bin/../lib/gcc/arm-none-eabi/10.3.1/../../../../arm-none-eabi/lib/thumb/v7e-m+fp/softfp/libg.a(lib_a-setvbuf.o)
                              build/tsb0//opt/gecko_sdk/hardware/kit/common/drivers/retargetserial.o (setvbuf)
/opt/gcc-arm-none-eabi-10.3-2021.10/bin/../lib/gcc/arm-none-eabi/10.3.1/../../../../arm-none-eabi/lib/thumb/v7e-m+fp/softfp/libg.a(lib_a-snprintf.o)
                              build/tsb0//home/rudolf/node-apps/zoo/thinnect.lll/logging/loggers_ext.o (snprintf)
[...]
Memory Configuration

Name             Origin             Length             Attributes
FLASH            0x0000000000000000 0x0000000000100000 xr
RAM              0x0000000020000000 0x0000000000040000 xrw
*default*        0x0000000000000000 0xffffffffffffffff

Linker script and memory map

LOAD build/tsb0/main.o
LOAD build/tsb0//home/rudolf/node-apps/zoo/FreeRTOS-Kernel/portable/GCC/ARM_CM4F/port.o
LOAD build/tsb0//home/rudolf/node-apps/zoo/FreeRTOS-Kernel/portable/MemMang/heap_5.o
LOAD build/tsb0//home/rudolf/node-apps/zoo/FreeRTOS-Kernel/stream_buffer.o
LOAD build/tsb0//home/rudolf/node-apps/zoo/FreeRTOS-Kernel/queue.o
LOAD build/tsb0//home/rudolf/node-apps/zoo/FreeRTOS-Kernel/croutine.o
LOAD build/tsb0//home/rudolf/node-apps/zoo/FreeRTOS-Kernel/list.o
LOAD build/tsb0//home/rudolf/node-apps/zoo/FreeRTOS-Kernel/event_groups.o
LOAD build/tsb0//home/rudolf/node-apps/zoo/FreeRTOS-Kernel/tasks.o
LOAD build/tsb0//home/rudolf/node-apps/zoo/FreeRTOS-Kernel/timers.o
LOAD build/tsb0//home/rudolf/node-apps/zoo/thinnect.cmsis-freertos/CMSIS-FreeRTOS/CMSIS/RTOS2/FreeRTOS/Source/cmsis_os2.o
LOAD build/tsb0//opt/gecko_sdk/hardware/kit/common/drivers/retargetserial.o
LOAD build/tsb0//opt/gecko_sdk/hardware/kit/common/drivers/retargetio.o
LOAD build/tsb0//opt/gecko_sdk/platform/emlib/src/em_system.o
LOAD build/tsb0//opt/gecko_sdk/platform/emlib/src/em_core.o
LOAD build/tsb0//opt/gecko_sdk/platform/emlib/src/em_emu.o
LOAD build/tsb0//opt/gecko_sdk/platform/emlib/src/em_cmu.o
LOAD build/tsb0//opt/gecko_sdk/platform/emlib/src/em_rmu.o
LOAD build/tsb0//opt/gecko_sdk/platform/emlib/src/em_gpio.o
LOAD build/tsb0//opt/gecko_sdk/platform/emlib/src/em_usart.o
LOAD build/tsb0//opt/gecko_sdk/platform/emlib/src/em_msc.o
LOAD build/tsb0//home/rudolf/node-apps/zoo/thinnect.node-platform/silabs/logger_fwrite.o
LOAD build/tsb0//home/rudolf/node-apps/zoo/thinnect.lll/logging/loggers_ext.o
LOAD build/tsb0//home/rudolf/node-apps/zoo/thinnect.device-signature/signature/DeviceSignature.o
LOAD build/tsb0//home/rudolf/node-apps/zoo/thinnect.device-signature/area/silabs/SignatureArea.o
LOAD build/tsb0//home/rudolf/node-apps/zoo/lammertb.libcrc/src/crcccitt.o
LOAD build/tsb0//opt/gecko_sdk/platform/Device/SiliconLabs/EFR32MG12P/Source/GCC/startup_efr32mg12p.o
LOAD build/tsb0//opt/gecko_sdk/platform/Device/SiliconLabs/EFR32MG12P/Source/system_efr32mg12p.o
LOAD build/tsb0//home/rudolf/node-apps/zoo/thinnect.dev-platforms/make/boards/../../src/boards/tsb0/platform.o
LOAD build/tsb0//home/rudolf/node-apps/zoo/thinnect.node-platform/silabs/platform_io.o
LOAD /opt/gcc-arm-none-eabi-10.3-2021.10/bin/../lib/gcc/arm-none-eabi/10.3.1/thumb/v7e-m+fp/softfp/libgcc.a
LOAD /opt/gcc-arm-none-eabi-10.3-2021.10/bin/../lib/gcc/arm-none-eabi/10.3.1/../../../../arm-none-eabi/lib/thumb/v7e-m+fp/softfp/libm.a
LOAD /opt/gecko_sdk/platform/CMSIS/Lib/GCC/libarm_cortexM4lf_math.a
LOAD /opt/gecko_sdk/platform/radio/rail_lib/autogen/librail_release/librail_efr32xg12_gcc_release.a

.text           0x0000000000000000     0xdfa5
 *(.vectors)
 .vectors       0x0000000000000000      0x10c build/tsb0//opt/gecko_sdk/platform/Device/SiliconLabs/EFR32MG12P/Source/GCC/startup_efr32mg12p.o
                0x0000000000000000                __Vectors
                0x000000000000010c                __Vectors_End = .
                0x000000000000010c                __Vectors_Size = (__Vectors_End - __Vectors)
                0x000000002000c5c8                __end__ = .
 *(.text*)
 .text.__NVIC_EnableIRQ
                0x000000000000010c       0x3c build/tsb0/main.o
 .text.__NVIC_SetPriority
                0x0000000000000148       0x54 build/tsb0/main.o
 .text.BUS_RegMaskedSet
                0x000000000000019c       0x24 build/tsb0/main.o
 .text.BUS_RegMaskedClear
                0x00000000000001c0       0x24 build/tsb0/main.o
 .text.BUS_RegMaskedWrite
                0x00000000000001e4       0x36 build/tsb0/main.o
 *fill*         0x000000000000021a        0x2 
 .text.GPIO_InputSenseSet
                0x000000000000021c       0x20 build/tsb0/main.o
 .text.GPIO_IntClear
                0x000000000000023c       0x20 build/tsb0/main.o
 .text.GPIO_IntDisable
                0x000000000000025c       0x1c build/tsb0/main.o
 .text.GPIO_IntEnable
                0x0000000000000278       0x1c build/tsb0/main.o
 .text.GPIO_IntGetEnabled
                0x0000000000000294       0x28 build/tsb0/main.o
 .text.GPIO_PinOutClear
                0x00000000000002bc       0x78 build/tsb0/main.o
 .text.GPIO_PinOutSet
                0x0000000000000334       0x78 build/tsb0/main.o
 .text.hp_loop  0x00000000000003ac       0xc8 build/tsb0/main.o
                0x00000000000003ac                hp_loop
 .text.buzzer_loop
                0x0000000000000474       0xa8 build/tsb0/main.o
 .text.button_loop
                0x000000000000051c       0x50 build/tsb0/main.o
 .text.logger_fwrite_boot
                0x000000000000056c       0x34 build/tsb0/main.o
                0x000000000000056c                logger_fwrite_boot
 .text.main     0x00000000000005a0       0xa4 build/tsb0/main.o
                0x00000000000005a0                main
 .text.gpio_external_interrupt_init
                0x0000000000000644       0x4a build/tsb0/main.o
 .text.gpio_external_interrupt_enable
                0x000000000000068e       0x2a build/tsb0/main.o
 .text.GPIO_EVEN_IRQHandler
                0x00000000000006b8       0x38 build/tsb0/main.o
                0x00000000000006b8                GPIO_EVEN_IRQHandler
 .text.pxPortInitialiseStack
                0x00000000000006f0       0x68 build/tsb0//home/rudolf/node-apps/zoo/FreeRTOS-Kernel/portable/GCC/ARM_CM4F/port.o
                0x00000000000006f0                pxPortInitialiseStack
 .text.prvTaskExitError
                0x0000000000000758       0x48 build/tsb0//home/rudolf/node-apps/zoo/FreeRTOS-Kernel/portable/GCC/ARM_CM4F/port.o
 .text.SVC_Handler
                0x00000000000007a0       0x28 build/tsb0//home/rudolf/node-apps/zoo/FreeRTOS-Kernel/portable/GCC/ARM_CM4F/port.o
                0x00000000000007a0                SVC_Handler
 .text.prvPortStartFirstTask
                0x00000000000007c8       0x28 build/tsb0//home/rudolf/node-apps/zoo/FreeRTOS-Kernel/portable/GCC/ARM_CM4F/port.o
 .text.xPortStartScheduler
                0x00000000000007f0      0x10c build/tsb0//home/rudolf/node-apps/zoo/FreeRTOS-Kernel/portable/GCC/ARM_CM4F/port.o
                0x00000000000007f0                xPortStartScheduler
 .text.vPortEnterCritical
                0x00000000000008fc       0x50 build/tsb0//home/rudolf/node-apps/zoo/FreeRTOS-Kernel/portable/GCC/ARM_CM4F/port.o
                0x00000000000008fc                vPortEnterCritical
 .text.vPortExitCritical
                0x000000000000094c       0x40 build/tsb0//home/rudolf/node-apps/zoo/FreeRTOS-Kernel/portable/GCC/ARM_CM4F/port.o
                0x000000000000094c                vPortExitCritical
 *fill*         0x000000000000098c        0x4 
 .text.PendSV_Handler
                0x0000000000000990       0x68 build/tsb0//home/rudolf/node-apps/zoo/FreeRTOS-Kernel/portable/GCC/ARM_CM4F/port.o
                0x0000000000000990                PendSV_Handler
 .text.xPortSysTickHandler
                0x00000000000009f8       0x44 build/tsb0//home/rudolf/node-apps/zoo/FreeRTOS-Kernel/portable/GCC/ARM_CM4F/port.o
                0x00000000000009f8                xPortSysTickHandler
 .text.vPortSetupTimerInterrupt
                0x0000000000000a3c       0x48 build/tsb0//home/rudolf/node-apps/zoo/FreeRTOS-Kernel/portable/GCC/ARM_CM4F/port.o
                0x0000000000000a3c                vPortSetupTimerInterrupt
 .text.vPortEnableVFP
                0x0000000000000a84       0x14 build/tsb0//home/rudolf/node-apps/zoo/FreeRTOS-Kernel/portable/GCC/ARM_CM4F/port.o
 .text.vPortValidateInterruptPriority
                0x0000000000000a98       0x5c build/tsb0//home/rudolf/node-apps/zoo/FreeRTOS-Kernel/portable/GCC/ARM_CM4F/port.o
                0x0000000000000a98                vPortValidateInterruptPriority
 .text.pvPortMalloc
                0x0000000000000af4      0x134 build/tsb0//home/rudolf/node-apps/zoo/FreeRTOS-Kernel/portable/MemMang/heap_5.o
                0x0000000000000af4                pvPortMalloc
 .text.vPortFree
                0x0000000000000c28       0xa0 build/tsb0//home/rudolf/node-apps/zoo/FreeRTOS-Kernel/portable/MemMang/heap_5.o
                0x0000000000000c28                vPortFree
 .text.prvInsertBlockIntoFreeList
                0x0000000000000cc8       0xb4 build/tsb0//home/rudolf/node-apps/zoo/FreeRTOS-Kernel/portable/MemMang/heap_5.o
 .text.vPortDefineHeapRegions
                0x0000000000000d7c      0x14c build/tsb0//home/rudolf/node-apps/zoo/FreeRTOS-Kernel/portable/MemMang/heap_5.o
                0x0000000000000d7c                vPortDefineHeapRegions
 .text.xQueueGenericReset
                0x0000000000000ec8       0xc0 build/tsb0//home/rudolf/node-apps/zoo/FreeRTOS-Kernel/queue.o
                0x0000000000000ec8                xQueueGenericReset
 .text.xQueueGenericCreateStatic
                0x0000000000000f88       0x96 build/tsb0//home/rudolf/node-apps/zoo/FreeRTOS-Kernel/queue.o
                0x0000000000000f88                xQueueGenericCreateStatic
 .text.xQueueGenericCreate
                0x000000000000101e       0x62 build/tsb0//home/rudolf/node-apps/zoo/FreeRTOS-Kernel/queue.o
                0x000000000000101e                xQueueGenericCreate
 .text.prvInitialiseNewQueue
                0x0000000000001080       0x46 build/tsb0//home/rudolf/node-apps/zoo/FreeRTOS-Kernel/queue.o
 .text.prvInitialiseMutex
                0x00000000000010c6       0x34 build/tsb0//home/rudolf/node-apps/zoo/FreeRTOS-Kernel/queue.o
 .text.xQueueCreateMutex
                0x00000000000010fa       0x30 build/tsb0//home/rudolf/node-apps/zoo/FreeRTOS-Kernel/queue.o
                0x00000000000010fa                xQueueCreateMutex
 .text.xQueueCreateMutexStatic
                0x000000000000112a       0x36 build/tsb0//home/rudolf/node-apps/zoo/FreeRTOS-Kernel/queue.o
                0x000000000000112a                xQueueCreateMutexStatic
 .text.xQueueGiveMutexRecursive
                0x0000000000001160       0x56 build/tsb0//home/rudolf/node-apps/zoo/FreeRTOS-Kernel/queue.o
                0x0000000000001160                xQueueGiveMutexRecursive
 .text.xQueueTakeMutexRecursive
                0x00000000000011b6       0x5a build/tsb0//home/rudolf/node-apps/zoo/FreeRTOS-Kernel/queue.o
                0x00000000000011b6                xQueueTakeMutexRecursive
 .text.xQueueGenericSend
                0x0000000000001210      0x1b4 build/tsb0//home/rudolf/node-apps/zoo/FreeRTOS-Kernel/queue.o
                0x0000000000001210                xQueueGenericSend
 .text.xQueueGenericSendFromISR
                0x00000000000013c4      0x100 build/tsb0//home/rudolf/node-apps/zoo/FreeRTOS-Kernel/queue.o
                0x00000000000013c4                xQueueGenericSendFromISR
 .text.xQueueReceive
                0x00000000000014c4      0x188 build/tsb0//home/rudolf/node-apps/zoo/FreeRTOS-Kernel/queue.o
                0x00000000000014c4                xQueueReceive
 .text.xQueueSemaphoreTake
                0x000000000000164c      0x1d0 build/tsb0//home/rudolf/node-apps/zoo/FreeRTOS-Kernel/queue.o
                0x000000000000164c                xQueueSemaphoreTake
 .text.prvGetDisinheritPriorityAfterTimeout
                0x000000000000181c       0x30 build/tsb0//home/rudolf/node-apps/zoo/FreeRTOS-Kernel/queue.o
 .text.prvCopyDataToQueue
                0x000000000000184c       0xd4 build/tsb0//home/rudolf/node-apps/zoo/FreeRTOS-Kernel/queue.o
 .text.prvCopyDataFromQueue
                0x0000000000001920       0x4c build/tsb0//home/rudolf/node-apps/zoo/FreeRTOS-Kernel/queue.o
 .text.prvUnlockQueue
                0x000000000000196c       0xa4 build/tsb0//home/rudolf/node-apps/zoo/FreeRTOS-Kernel/queue.o
 .text.prvIsQueueEmpty
                0x0000000000001a10       0x2c build/tsb0//home/rudolf/node-apps/zoo/FreeRTOS-Kernel/queue.o
 .text.prvIsQueueFull
                0x0000000000001a3c       0x30 build/tsb0//home/rudolf/node-apps/zoo/FreeRTOS-Kernel/queue.o
 .text.vQueueWaitForMessageRestricted
                0x0000000000001a6c       0x68 build/tsb0//home/rudolf/node-apps/zoo/FreeRTOS-Kernel/queue.o
                0x0000000000001a6c                vQueueWaitForMessageRestricted
 .text.vListInitialise
                0x0000000000001ad4       0x40 build/tsb0//home/rudolf/node-apps/zoo/FreeRTOS-Kernel/list.o
                0x0000000000001ad4                vListInitialise
 .text.vListInitialiseItem
                0x0000000000001b14       0x1a build/tsb0//home/rudolf/node-apps/zoo/FreeRTOS-Kernel/list.o
                0x0000000000001b14                vListInitialiseItem
 .text.vListInsertEnd
                0x0000000000001b2e       0x48 build/tsb0//home/rudolf/node-apps/zoo/FreeRTOS-Kernel/list.o
                0x0000000000001b2e                vListInsertEnd
 .text.vListInsert
                0x0000000000001b76       0x72 build/tsb0//home/rudolf/node-apps/zoo/FreeRTOS-Kernel/list.o
                0x0000000000001b76                vListInsert
 .text.uxListRemove
                0x0000000000001be8       0x54 build/tsb0//home/rudolf/node-apps/zoo/FreeRTOS-Kernel/list.o
                0x0000000000001be8                uxListRemove
 .text.xTaskCreateStatic
                0x0000000000001c3c       0x84 build/tsb0//home/rudolf/node-apps/zoo/FreeRTOS-Kernel/tasks.o
                0x0000000000001c3c                xTaskCreateStatic
 .text.xTaskCreate
                0x0000000000001cc0       0x8a build/tsb0//home/rudolf/node-apps/zoo/FreeRTOS-Kernel/tasks.o
                0x0000000000001cc0                xTaskCreate
 .text.prvInitialiseNewTask
                0x0000000000001d4a      0x112 build/tsb0//home/rudolf/node-apps/zoo/FreeRTOS-Kernel/tasks.o
 .text.prvAddNewTaskToReadyList
                0x0000000000001e5c       0xe0 build/tsb0//home/rudolf/node-apps/zoo/FreeRTOS-Kernel/tasks.o
 .text.vTaskDelay
                0x0000000000001f3c       0x58 build/tsb0//home/rudolf/node-apps/zoo/FreeRTOS-Kernel/tasks.o
                0x0000000000001f3c                vTaskDelay
 .text.vTaskStartScheduler
                0x0000000000001f94       0xbc build/tsb0//home/rudolf/node-apps/zoo/FreeRTOS-Kernel/tasks.o
                0x0000000000001f94                vTaskStartScheduler
 .text.vTaskSuspendAll
                0x0000000000002050       0x1c build/tsb0//home/rudolf/node-apps/zoo/FreeRTOS-Kernel/tasks.o
                0x0000000000002050                vTaskSuspendAll
 .text.xTaskResumeAll
                0x000000000000206c      0x128 build/tsb0//home/rudolf/node-apps/zoo/FreeRTOS-Kernel/tasks.o
                0x000000000000206c                xTaskResumeAll
 .text.xTaskGetTickCount
                0x0000000000002194       0x20 build/tsb0//home/rudolf/node-apps/zoo/FreeRTOS-Kernel/tasks.o
                0x0000000000002194                xTaskGetTickCount
 .text.xTaskIncrementTick
                0x00000000000021b4      0x160 build/tsb0//home/rudolf/node-apps/zoo/FreeRTOS-Kernel/tasks.o
                0x00000000000021b4                xTaskIncrementTick
 .text.vTaskSwitchContext
                0x0000000000002314       0xf4 build/tsb0//home/rudolf/node-apps/zoo/FreeRTOS-Kernel/tasks.o
                0x0000000000002314                vTaskSwitchContext
 .text.vTaskPlaceOnEventList
                0x0000000000002408       0x38 build/tsb0//home/rudolf/node-apps/zoo/FreeRTOS-Kernel/tasks.o
                0x0000000000002408                vTaskPlaceOnEventList
 .text.vTaskPlaceOnEventListRestricted
                0x0000000000002440       0x44 build/tsb0//home/rudolf/node-apps/zoo/FreeRTOS-Kernel/tasks.o
                0x0000000000002440                vTaskPlaceOnEventListRestricted
 .text.xTaskRemoveFromEventList
                0x0000000000002484       0xb4 build/tsb0//home/rudolf/node-apps/zoo/FreeRTOS-Kernel/tasks.o
                0x0000000000002484                xTaskRemoveFromEventList
 .text.vTaskInternalSetTimeOutState
                0x0000000000002538       0x2c build/tsb0//home/rudolf/node-apps/zoo/FreeRTOS-Kernel/tasks.o
                0x0000000000002538                vTaskInternalSetTimeOutState
 .text.xTaskCheckForTimeOut
                0x0000000000002564       0xa0 build/tsb0//home/rudolf/node-apps/zoo/FreeRTOS-Kernel/tasks.o
                0x0000000000002564                xTaskCheckForTimeOut
 .text.vTaskMissedYield
                0x0000000000002604       0x18 build/tsb0//home/rudolf/node-apps/zoo/FreeRTOS-Kernel/tasks.o
                0x0000000000002604                vTaskMissedYield
 .text.prvIdleTask
                0x000000000000261c       0x30 build/tsb0//home/rudolf/node-apps/zoo/FreeRTOS-Kernel/tasks.o
 .text.prvInitialiseTaskLists
                0x000000000000264c       0x80 build/tsb0//home/rudolf/node-apps/zoo/FreeRTOS-Kernel/tasks.o
 .text.prvCheckTasksWaitingTermination
                0x00000000000026cc       0x5c build/tsb0//home/rudolf/node-apps/zoo/FreeRTOS-Kernel/tasks.o
 .text.prvDeleteTCB
                0x0000000000002728       0x4c build/tsb0//home/rudolf/node-apps/zoo/FreeRTOS-Kernel/tasks.o
 .text.prvResetNextTaskUnblockTime
                0x0000000000002774       0x40 build/tsb0//home/rudolf/node-apps/zoo/FreeRTOS-Kernel/tasks.o
 .text.xTaskGetCurrentTaskHandle
                0x00000000000027b4       0x20 build/tsb0//home/rudolf/node-apps/zoo/FreeRTOS-Kernel/tasks.o
                0x00000000000027b4                xTaskGetCurrentTaskHandle
 .text.xTaskGetSchedulerState
                0x00000000000027d4       0x3c build/tsb0//home/rudolf/node-apps/zoo/FreeRTOS-Kernel/tasks.o
                0x00000000000027d4                xTaskGetSchedulerState
 .text.xTaskPriorityInherit
                0x0000000000002810       0xd0 build/tsb0//home/rudolf/node-apps/zoo/FreeRTOS-Kernel/tasks.o
                0x0000000000002810                xTaskPriorityInherit
 .text.xTaskPriorityDisinherit
                0x00000000000028e0       0xb8 build/tsb0//home/rudolf/node-apps/zoo/FreeRTOS-Kernel/tasks.o
                0x00000000000028e0                xTaskPriorityDisinherit
 .text.vTaskPriorityDisinheritAfterTimeout
                0x0000000000002998       0xe0 build/tsb0//home/rudolf/node-apps/zoo/FreeRTOS-Kernel/tasks.o
                0x0000000000002998                vTaskPriorityDisinheritAfterTimeout
 .text.pvTaskIncrementMutexHeldCount
                0x0000000000002a78       0x28 build/tsb0//home/rudolf/node-apps/zoo/FreeRTOS-Kernel/tasks.o
                0x0000000000002a78                pvTaskIncrementMutexHeldCount
 .text.xTaskNotifyWait
                0x0000000000002aa0       0xb4 build/tsb0//home/rudolf/node-apps/zoo/FreeRTOS-Kernel/tasks.o
                0x0000000000002aa0                xTaskNotifyWait
 .text.xTaskGenericNotify
                0x0000000000002b54      0x138 build/tsb0//home/rudolf/node-apps/zoo/FreeRTOS-Kernel/tasks.o
                0x0000000000002b54                xTaskGenericNotify
 .text.xTaskGenericNotifyFromISR
                0x0000000000002c8c      0x184 build/tsb0//home/rudolf/node-apps/zoo/FreeRTOS-Kernel/tasks.o
                0x0000000000002c8c                xTaskGenericNotifyFromISR
 .text.prvAddCurrentTaskToDelayedList
                0x0000000000002e10       0xa8 build/tsb0//home/rudolf/node-apps/zoo/FreeRTOS-Kernel/tasks.o
 .text.xTimerCreateTimerTask
                0x0000000000002eb8       0x7c build/tsb0//home/rudolf/node-apps/zoo/FreeRTOS-Kernel/timers.o
                0x0000000000002eb8                xTimerCreateTimerTask
 .text.xTimerGenericCommand
                0x0000000000002f34       0x88 build/tsb0//home/rudolf/node-apps/zoo/FreeRTOS-Kernel/timers.o
                0x0000000000002f34                xTimerGenericCommand
 .text.prvProcessExpiredTimer
                0x0000000000002fbc       0x88 build/tsb0//home/rudolf/node-apps/zoo/FreeRTOS-Kernel/timers.o
 .text.prvTimerTask
                0x0000000000003044       0x24 build/tsb0//home/rudolf/node-apps/zoo/FreeRTOS-Kernel/timers.o
 .text.prvProcessTimerOrBlockTask
                0x0000000000003068       0x9c build/tsb0//home/rudolf/node-apps/zoo/FreeRTOS-Kernel/timers.o
 .text.prvGetNextExpireTime
                0x0000000000003104       0x48 build/tsb0//home/rudolf/node-apps/zoo/FreeRTOS-Kernel/timers.o
 .text.prvSampleTimeNow
                0x000000000000314c       0x40 build/tsb0//home/rudolf/node-apps/zoo/FreeRTOS-Kernel/timers.o
 .text.prvInsertTimerInActiveList
                0x000000000000318c       0x84 build/tsb0//home/rudolf/node-apps/zoo/FreeRTOS-Kernel/timers.o
 .text.prvProcessReceivedCommands
                0x0000000000003210      0x190 build/tsb0//home/rudolf/node-apps/zoo/FreeRTOS-Kernel/timers.o
 .text.prvSwitchTimerLists
                0x00000000000033a0       0xb8 build/tsb0//home/rudolf/node-apps/zoo/FreeRTOS-Kernel/timers.o
 .text.prvCheckForValidListAndQueue
                0x0000000000003458       0x68 build/tsb0//home/rudolf/node-apps/zoo/FreeRTOS-Kernel/timers.o
 .text.__NVIC_SetPriority
                0x00000000000034c0       0x54 build/tsb0//home/rudolf/node-apps/zoo/thinnect.cmsis-freertos/CMSIS-FreeRTOS/CMSIS/RTOS2/FreeRTOS/Source/cmsis_os2.o
 .text.SysTick_Handler
                0x0000000000003514       0x20 build/tsb0//home/rudolf/node-apps/zoo/thinnect.cmsis-freertos/CMSIS-FreeRTOS/CMSIS/RTOS2/FreeRTOS/Source/cmsis_os2.o
                0x0000000000003514                SysTick_Handler
 .text.SVC_Setup
                0x0000000000003534       0x12 build/tsb0//home/rudolf/node-apps/zoo/thinnect.cmsis-freertos/CMSIS-FreeRTOS/CMSIS/RTOS2/FreeRTOS/Source/cmsis_os2.o
 *fill*         0x0000000000003546        0x2 
 .text.osKernelInitialize
                0x0000000000003548       0x6c build/tsb0//home/rudolf/node-apps/zoo/thinnect.cmsis-freertos/CMSIS-FreeRTOS/CMSIS/RTOS2/FreeRTOS/Source/cmsis_os2.o
                0x0000000000003548                osKernelInitialize
 .text.osKernelGetState
                0x00000000000035b4       0x44 build/tsb0//home/rudolf/node-apps/zoo/thinnect.cmsis-freertos/CMSIS-FreeRTOS/CMSIS/RTOS2/FreeRTOS/Source/cmsis_os2.o
                0x00000000000035b4                osKernelGetState
 .text.osKernelStart
                0x00000000000035f8       0x6c build/tsb0//home/rudolf/node-apps/zoo/thinnect.cmsis-freertos/CMSIS-FreeRTOS/CMSIS/RTOS2/FreeRTOS/Source/cmsis_os2.o
                0x00000000000035f8                osKernelStart
 .text.osKernelGetTickFreq
                0x0000000000003664       0x12 build/tsb0//home/rudolf/node-apps/zoo/thinnect.cmsis-freertos/CMSIS-FreeRTOS/CMSIS/RTOS2/FreeRTOS/Source/cmsis_os2.o
                0x0000000000003664                osKernelGetTickFreq
 *fill*         0x0000000000003676        0x2 
 .text.osThreadNew
                0x0000000000003678      0x14c build/tsb0//home/rudolf/node-apps/zoo/thinnect.cmsis-freertos/CMSIS-FreeRTOS/CMSIS/RTOS2/FreeRTOS/Source/cmsis_os2.o
                0x0000000000003678                osThreadNew
 .text.osThreadFlagsSet
                0x00000000000037c4       0xc0 build/tsb0//home/rudolf/node-apps/zoo/thinnect.cmsis-freertos/CMSIS-FreeRTOS/CMSIS/RTOS2/FreeRTOS/Source/cmsis_os2.o
                0x00000000000037c4                osThreadFlagsSet
 .text.osThreadFlagsClear
                0x0000000000003884       0xa0 build/tsb0//home/rudolf/node-apps/zoo/thinnect.cmsis-freertos/CMSIS-FreeRTOS/CMSIS/RTOS2/FreeRTOS/Source/cmsis_os2.o
                0x0000000000003884                osThreadFlagsClear
 .text.osThreadFlagsWait
                0x0000000000003924      0x128 build/tsb0//home/rudolf/node-apps/zoo/thinnect.cmsis-freertos/CMSIS-FreeRTOS/CMSIS/RTOS2/FreeRTOS/Source/cmsis_os2.o
                0x0000000000003924                osThreadFlagsWait
 .text.osDelay  0x0000000000003a4c       0x5c build/tsb0//home/rudolf/node-apps/zoo/thinnect.cmsis-freertos/CMSIS-FreeRTOS/CMSIS/RTOS2/FreeRTOS/Source/cmsis_os2.o
                0x0000000000003a4c                osDelay
 .text.osMutexNew
                0x0000000000003aa8      0x110 build/tsb0//home/rudolf/node-apps/zoo/thinnect.cmsis-freertos/CMSIS-FreeRTOS/CMSIS/RTOS2/FreeRTOS/Source/cmsis_os2.o
                0x0000000000003aa8                osMutexNew
 .text.osMutexAcquire
                0x0000000000003bb8       0xbc build/tsb0//home/rudolf/node-apps/zoo/thinnect.cmsis-freertos/CMSIS-FreeRTOS/CMSIS/RTOS2/FreeRTOS/Source/cmsis_os2.o
                0x0000000000003bb8                osMutexAcquire
 .text.osMutexRelease
                0x0000000000003c74       0xa0 build/tsb0//home/rudolf/node-apps/zoo/thinnect.cmsis-freertos/CMSIS-FreeRTOS/CMSIS/RTOS2/FreeRTOS/Source/cmsis_os2.o
                0x0000000000003c74                osMutexRelease
 .text.vApplicationStackOverflowHook
                0x0000000000003d14        0xe build/tsb0//home/rudolf/node-apps/zoo/thinnect.cmsis-freertos/CMSIS-FreeRTOS/CMSIS/RTOS2/FreeRTOS/Source/cmsis_os2.o
                0x0000000000003d14                vApplicationStackOverflowHook
 *fill*         0x0000000000003d22        0x2 
 .text.vApplicationGetIdleTaskMemory
                0x0000000000003d24       0x34 build/tsb0//home/rudolf/node-apps/zoo/thinnect.cmsis-freertos/CMSIS-FreeRTOS/CMSIS/RTOS2/FreeRTOS/Source/cmsis_os2.o
                0x0000000000003d24                vApplicationGetIdleTaskMemory
 .text.vApplicationGetTimerTaskMemory
                0x0000000000003d58       0x34 build/tsb0//home/rudolf/node-apps/zoo/thinnect.cmsis-freertos/CMSIS-FreeRTOS/CMSIS/RTOS2/FreeRTOS/Source/cmsis_os2.o
                0x0000000000003d58                vApplicationGetTimerTaskMemory
 .text.__NVIC_EnableIRQ
                0x0000000000003d8c       0x3c build/tsb0//opt/gecko_sdk/hardware/kit/common/drivers/retargetserial.o
 .text.__NVIC_ClearPendingIRQ
                0x0000000000003dc8       0x3c build/tsb0//opt/gecko_sdk/hardware/kit/common/drivers/retargetserial.o
 .text.USART_IntClear
                0x0000000000003e04       0x1c build/tsb0//opt/gecko_sdk/hardware/kit/common/drivers/retargetserial.o
 .text.USART_IntDisable
                0x0000000000003e20       0x24 build/tsb0//opt/gecko_sdk/hardware/kit/common/drivers/retargetserial.o
 .text.USART_IntEnable
                0x0000000000003e44       0x22 build/tsb0//opt/gecko_sdk/hardware/kit/common/drivers/retargetserial.o
 *fill*         0x0000000000003e66        0x2 
 .text.disableRxInterrupt
                0x0000000000003e68       0x14 build/tsb0//opt/gecko_sdk/hardware/kit/common/drivers/retargetserial.o
 .text.enableRxInterrupt
                0x0000000000003e7c       0x14 build/tsb0//opt/gecko_sdk/hardware/kit/common/drivers/retargetserial.o
 .text.USART0_RX_IRQHandler
                0x0000000000003e90       0x68 build/tsb0//opt/gecko_sdk/hardware/kit/common/drivers/retargetserial.o
                0x0000000000003e90                USART0_RX_IRQHandler
 .text.RETARGET_SerialInit
                0x0000000000003ef8       0xd8 build/tsb0//opt/gecko_sdk/hardware/kit/common/drivers/retargetserial.o
                0x0000000000003ef8                RETARGET_SerialInit
 .text.RETARGET_ReadChar
                0x0000000000003fd0       0x80 build/tsb0//opt/gecko_sdk/hardware/kit/common/drivers/retargetserial.o
                0x0000000000003fd0                RETARGET_ReadChar
 .text.RETARGET_WriteChar
                0x0000000000004050       0x54 build/tsb0//opt/gecko_sdk/hardware/kit/common/drivers/retargetserial.o
                0x0000000000004050                RETARGET_WriteChar
 .text._close   0x00000000000040a4       0x16 build/tsb0//opt/gecko_sdk/hardware/kit/common/drivers/retargetio.o
                0x00000000000040a4                _close
 .text._exit    0x00000000000040ba        0xa build/tsb0//opt/gecko_sdk/hardware/kit/common/drivers/retargetio.o
                0x00000000000040ba                _exit
 .text._fstat   0x00000000000040c4       0x20 build/tsb0//opt/gecko_sdk/hardware/kit/common/drivers/retargetio.o
                0x00000000000040c4                _fstat
 .text._getpid  0x00000000000040e4       0x10 build/tsb0//opt/gecko_sdk/hardware/kit/common/drivers/retargetio.o
                0x00000000000040e4                _getpid
 .text._isatty  0x00000000000040f4       0x16 build/tsb0//opt/gecko_sdk/hardware/kit/common/drivers/retargetio.o
                0x00000000000040f4                _isatty
 .text._kill    0x000000000000410a       0x1a build/tsb0//opt/gecko_sdk/hardware/kit/common/drivers/retargetio.o
                0x000000000000410a                _kill
 .text._lseek   0x0000000000004124       0x1a build/tsb0//opt/gecko_sdk/hardware/kit/common/drivers/retargetio.o
                0x0000000000004124                _lseek
 .text._read    0x000000000000413e       0x56 build/tsb0//opt/gecko_sdk/hardware/kit/common/drivers/retargetio.o
                0x000000000000413e                _read
 .text._write   0x0000000000004194       0x38 build/tsb0//opt/gecko_sdk/hardware/kit/common/drivers/retargetio.o
                0x0000000000004194                _write
 .text.CORE_EnterCritical
                0x00000000000041cc       0x22 build/tsb0//opt/gecko_sdk/platform/emlib/src/em_core.o
                0x00000000000041cc                CORE_EnterCritical
 .text.CORE_ExitCritical
                0x00000000000041ee       0x1e build/tsb0//opt/gecko_sdk/platform/emlib/src/em_core.o
                0x00000000000041ee                CORE_ExitCritical
 .text.CORE_EnterAtomic
                0x000000000000420c       0x22 build/tsb0//opt/gecko_sdk/platform/emlib/src/em_core.o
                0x000000000000420c                CORE_EnterAtomic
 .text.CORE_ExitAtomic
                0x000000000000422e       0x1e build/tsb0//opt/gecko_sdk/platform/emlib/src/em_core.o
                0x000000000000422e                CORE_ExitAtomic
 .text.BUS_RegBitRead
                0x000000000000424c       0x2e build/tsb0//opt/gecko_sdk/platform/emlib/src/em_emu.o
 *fill*         0x000000000000427a        0x2 
 .text.EMU_LDOStatusGet
                0x000000000000427c       0x24 build/tsb0//opt/gecko_sdk/platform/emlib/src/em_emu.o
 .text.EMU_VScaleWait
                0x00000000000042a0       0x30 build/tsb0//opt/gecko_sdk/platform/emlib/src/em_emu.o
 .text.EMU_VScaleGet
                0x00000000000042d0       0x1c build/tsb0//opt/gecko_sdk/platform/emlib/src/em_emu.o
 .text.vScaleEM01Cmd
                0x00000000000042ec       0x22 build/tsb0//opt/gecko_sdk/platform/emlib/src/em_emu.o
 *fill*         0x000000000000430e        0x2 
 .text.EMU_VScaleEM01ByClock
                0x0000000000004310       0x84 build/tsb0//opt/gecko_sdk/platform/emlib/src/em_emu.o
                0x0000000000004310                EMU_VScaleEM01ByClock
 .text.EMU_VScaleEM01
                0x0000000000004394       0x98 build/tsb0//opt/gecko_sdk/platform/emlib/src/em_emu.o
                0x0000000000004394                EMU_VScaleEM01
 .text.SL_Log2ToDiv
                0x000000000000442c       0x1c build/tsb0//opt/gecko_sdk/platform/emlib/src/em_cmu.o
 .text.BUS_RegBitWrite
                0x0000000000004448       0x32 build/tsb0//opt/gecko_sdk/platform/emlib/src/em_cmu.o
 .text.BUS_RegBitRead
                0x000000000000447a       0x2e build/tsb0//opt/gecko_sdk/platform/emlib/src/em_cmu.o
 .text.EMU_LDOStatusGet
                0x00000000000044a8       0x24 build/tsb0//opt/gecko_sdk/platform/emlib/src/em_cmu.o
 .text.EMU_VScaleWait
                0x00000000000044cc       0x30 build/tsb0//opt/gecko_sdk/platform/emlib/src/em_cmu.o
 .text.EMU_VScaleGet
                0x00000000000044fc       0x1c build/tsb0//opt/gecko_sdk/platform/emlib/src/em_cmu.o
 .text.setHfLeConfig
                0x0000000000004518       0x64 build/tsb0//opt/gecko_sdk/platform/emlib/src/em_cmu.o
 .text.auxClkGet
                0x000000000000457c       0x20 build/tsb0//opt/gecko_sdk/platform/emlib/src/em_cmu.o
 .text.hfSrcClkGet
                0x000000000000459c       0x2c build/tsb0//opt/gecko_sdk/platform/emlib/src/em_cmu.o
 .text.dbgClkGet
                0x00000000000045c8       0x40 build/tsb0//opt/gecko_sdk/platform/emlib/src/em_cmu.o
 .text.adcAsyncClkGet
                0x0000000000004608       0x80 build/tsb0//opt/gecko_sdk/platform/emlib/src/em_cmu.o
 .text.flashWaitStateControl
                0x0000000000004688       0x8c build/tsb0//opt/gecko_sdk/platform/emlib/src/em_cmu.o
 .text.flashWaitStateMax
                0x0000000000004714       0x44 build/tsb0//opt/gecko_sdk/platform/emlib/src/em_cmu.o
 .text.CMU_UpdateWaitStates
                0x0000000000004758       0x40 build/tsb0//opt/gecko_sdk/platform/emlib/src/em_cmu.o
                0x0000000000004758                CMU_UpdateWaitStates
 .text.getRegIshUpperVal
                0x0000000000004798       0x36 build/tsb0//opt/gecko_sdk/platform/emlib/src/em_cmu.o
 *fill*         0x00000000000047ce        0x2 
 .text.getHfxoTuningMode
                0x00000000000047d0       0x1c build/tsb0//opt/gecko_sdk/platform/emlib/src/em_cmu.o
 .text.setHfxoTuningMode
                0x00000000000047ec       0x2c build/tsb0//opt/gecko_sdk/platform/emlib/src/em_cmu.o
 .text.lfClkGet
                0x0000000000004818      0x110 build/tsb0//opt/gecko_sdk/platform/emlib/src/em_cmu.o
 .text.syncReg  0x0000000000004928       0x38 build/tsb0//opt/gecko_sdk/platform/emlib/src/em_cmu.o
 .text.hfperClkSafePrescaler
                0x0000000000004960        0xe build/tsb0//opt/gecko_sdk/platform/emlib/src/em_cmu.o
 .text.hfperClkOptimizedPrescaler
                0x000000000000496e        0xe build/tsb0//opt/gecko_sdk/platform/emlib/src/em_cmu.o
 .text.CMU_ClockDivGet
                0x000000000000497c       0x1a build/tsb0//opt/gecko_sdk/platform/emlib/src/em_cmu.o
                0x000000000000497c                CMU_ClockDivGet
 *fill*         0x0000000000004996        0x2 
 .text.CMU_ClockEnable
                0x0000000000004998       0xcc build/tsb0//opt/gecko_sdk/platform/emlib/src/em_cmu.o
                0x0000000000004998                CMU_ClockEnable
 .text.CMU_ClockFreqGet
                0x0000000000004a64      0x284 build/tsb0//opt/gecko_sdk/platform/emlib/src/em_cmu.o
                0x0000000000004a64                CMU_ClockFreqGet
 .text.CMU_ClockPrescGet
                0x0000000000004ce8      0x198 build/tsb0//opt/gecko_sdk/platform/emlib/src/em_cmu.o
                0x0000000000004ce8                CMU_ClockPrescGet
 .text.CMU_ClockSelectGet
                0x0000000000004e80      0x1d0 build/tsb0//opt/gecko_sdk/platform/emlib/src/em_cmu.o
                0x0000000000004e80                CMU_ClockSelectGet
 .text.CMU_ClockSelectSet
                0x0000000000005050      0x2ec build/tsb0//opt/gecko_sdk/platform/emlib/src/em_cmu.o
                0x0000000000005050                CMU_ClockSelectSet
 .text.CMU_HFRCOBandGet
                0x000000000000533c       0x18 build/tsb0//opt/gecko_sdk/platform/emlib/src/em_cmu.o
                0x000000000000533c                CMU_HFRCOBandGet
 .text.CMU_HFXOInit
                0x0000000000005354       0xe4 build/tsb0//opt/gecko_sdk/platform/emlib/src/em_cmu.o
                0x0000000000005354                CMU_HFXOInit
 .text.CMU_OscillatorEnable
                0x0000000000005438      0x1a0 build/tsb0//opt/gecko_sdk/platform/emlib/src/em_cmu.o
                0x0000000000005438                CMU_OscillatorEnable
 .text.CMU_OscillatorTuningGet
                0x00000000000055d8       0x74 build/tsb0//opt/gecko_sdk/platform/emlib/src/em_cmu.o
                0x00000000000055d8                CMU_OscillatorTuningGet
 .text.CMU_OscillatorTuningSet
                0x000000000000564c      0x100 build/tsb0//opt/gecko_sdk/platform/emlib/src/em_cmu.o
                0x000000000000564c                CMU_OscillatorTuningSet
 .text.CMU_OscillatorTuningWait
                0x000000000000574c       0x98 build/tsb0//opt/gecko_sdk/platform/emlib/src/em_cmu.o
                0x000000000000574c                CMU_OscillatorTuningWait
 .text.CMU_OscillatorTuningOptimize
                0x00000000000057e4       0x58 build/tsb0//opt/gecko_sdk/platform/emlib/src/em_cmu.o
                0x00000000000057e4                CMU_OscillatorTuningOptimize
 .text.RMU_ResetCauseClear
                0x000000000000583c       0x18 build/tsb0//opt/gecko_sdk/platform/emlib/src/em_rmu.o
                0x000000000000583c                RMU_ResetCauseClear
 .text.RMU_ResetCauseGet
                0x0000000000005854       0xb8 build/tsb0//opt/gecko_sdk/platform/emlib/src/em_rmu.o
                0x0000000000005854                RMU_ResetCauseGet
 .text.BUS_RegBitWrite
                0x000000000000590c       0x32 build/tsb0//opt/gecko_sdk/platform/emlib/src/em_gpio.o
 .text.BUS_RegMaskedSet
                0x000000000000593e       0x24 build/tsb0//opt/gecko_sdk/platform/emlib/src/em_gpio.o
 .text.BUS_RegMaskedClear
                0x0000000000005962       0x24 build/tsb0//opt/gecko_sdk/platform/emlib/src/em_gpio.o
 .text.BUS_RegMaskedWrite
                0x0000000000005986       0x36 build/tsb0//opt/gecko_sdk/platform/emlib/src/em_gpio.o
 .text.GPIO_IntClear
                0x00000000000059bc       0x20 build/tsb0//opt/gecko_sdk/platform/emlib/src/em_gpio.o
 .text.GPIO_PinOutClear
                0x00000000000059dc       0x78 build/tsb0//opt/gecko_sdk/platform/emlib/src/em_gpio.o
 .text.GPIO_PinOutSet
                0x0000000000005a54       0x78 build/tsb0//opt/gecko_sdk/platform/emlib/src/em_gpio.o
 .text.GPIO_ExtIntConfig
                0x0000000000005acc      0x140 build/tsb0//opt/gecko_sdk/platform/emlib/src/em_gpio.o
                0x0000000000005acc                GPIO_ExtIntConfig
 .text.GPIO_PinModeSet
                0x0000000000005c0c      0x10a build/tsb0//opt/gecko_sdk/platform/emlib/src/em_gpio.o
                0x0000000000005c0c                GPIO_PinModeSet
 .text.prsRxInput
                0x0000000000005d16       0x26 build/tsb0//opt/gecko_sdk/platform/emlib/src/em_usart.o
 .text.USART_BaudrateAsyncSet
                0x0000000000005d3c       0xc0 build/tsb0//opt/gecko_sdk/platform/emlib/src/em_usart.o
                0x0000000000005d3c                USART_BaudrateAsyncSet
 .text.USART_Enable
                0x0000000000005dfc       0x64 build/tsb0//opt/gecko_sdk/platform/emlib/src/em_usart.o
                0x0000000000005dfc                USART_Enable
 .text.USART_InitAsync
                0x0000000000005e60      0x100 build/tsb0//opt/gecko_sdk/platform/emlib/src/em_usart.o
                0x0000000000005e60                USART_InitAsync
 .text.USART_Reset
                0x0000000000005f60       0xd0 build/tsb0//opt/gecko_sdk/platform/emlib/src/em_usart.o
                0x0000000000005f60                USART_Reset
 .text.USART_Rx
                0x0000000000006030       0x28 build/tsb0//opt/gecko_sdk/platform/emlib/src/em_usart.o
                0x0000000000006030                USART_Rx
 .text.USART_Tx
                0x0000000000006058       0x2c build/tsb0//opt/gecko_sdk/platform/emlib/src/em_usart.o
                0x0000000000006058                USART_Tx
 .text.MSC_Init
                0x0000000000006084       0x34 build/tsb0//opt/gecko_sdk/platform/emlib/src/em_msc.o
                0x0000000000006084                MSC_Init
 .text.logger_fwrite_init
                0x00000000000060b8       0x1c build/tsb0//home/rudolf/node-apps/zoo/thinnect.node-platform/silabs/logger_fwrite.o
                0x00000000000060b8                logger_fwrite_init
 .text.logger_fwrite
                0x00000000000060d4       0x60 build/tsb0//home/rudolf/node-apps/zoo/thinnect.node-platform/silabs/logger_fwrite.o
                0x00000000000060d4                logger_fwrite
 .text.log_init
                0x0000000000006134       0x64 build/tsb0//home/rudolf/node-apps/zoo/thinnect.lll/logging/loggers_ext.o
                0x0000000000006134                log_init
 .text.__logger
                0x0000000000006198      0x194 build/tsb0//home/rudolf/node-apps/zoo/thinnect.lll/logging/loggers_ext.o
                0x0000000000006198                __logger
 .text.log_severity_char
                0x000000000000632c       0xf6 build/tsb0//home/rudolf/node-apps/zoo/thinnect.lll/logging/loggers_ext.o
 *fill*         0x0000000000006422        0x2 
 .text.Reset_Handler
                0x0000000000006424       0x78 build/tsb0//opt/gecko_sdk/platform/Device/SiliconLabs/EFR32MG12P/Source/GCC/startup_efr32mg12p.o
                0x0000000000006424                Reset_Handler
 .text.Default_Handler
                0x000000000000649c        0x6 build/tsb0//opt/gecko_sdk/platform/Device/SiliconLabs/EFR32MG12P/Source/GCC/startup_efr32mg12p.o
                0x000000000000649c                DebugMon_Handler
                0x000000000000649c                USART0_TX_IRQHandler
                0x000000000000649c                I2C0_IRQHandler
                0x000000000000649c                HardFault_Handler
                0x000000000000649c                USART1_RX_IRQHandler
                0x000000000000649c                NMI_Handler
                0x000000000000649c                SYNTH_IRQHandler
                0x000000000000649c                I2C1_IRQHandler
                0x000000000000649c                WTIMER0_IRQHandler
                0x000000000000649c                CRYPTO0_IRQHandler
                0x000000000000649c                WDOG0_IRQHandler
                0x000000000000649c                USART1_TX_IRQHandler
                0x000000000000649c                SMU_IRQHandler
                0x000000000000649c                MSC_IRQHandler
                0x000000000000649c                ADC0_IRQHandler
                0x000000000000649c                UsageFault_Handler
                0x000000000000649c                WDOG1_IRQHandler
                0x000000000000649c                LEUART0_IRQHandler
                0x000000000000649c                FPUEH_IRQHandler
                0x000000000000649c                WTIMER1_IRQHandler
                0x000000000000649c                VDAC0_IRQHandler
                0x000000000000649c                LDMA_IRQHandler
                0x000000000000649c                CSEN_IRQHandler
                0x000000000000649c                CRYPTO1_IRQHandler
                0x000000000000649c                TIMER0_IRQHandler
                0x000000000000649c                PCNT2_IRQHandler
                0x000000000000649c                LETIMER0_IRQHandler
                0x000000000000649c                TIMER1_IRQHandler
                0x000000000000649c                TRNG0_IRQHandler
                0x000000000000649c                RFSENSE_IRQHandler
                0x000000000000649c                BUFC_IRQHandler
                0x000000000000649c                MODEM_IRQHandler
                0x000000000000649c                USART2_RX_IRQHandler
                0x000000000000649c                Default_Handler
                0x000000000000649c                RAC_SEQ_IRQHandler
                0x000000000000649c                FRC_PRI_IRQHandler
                0x000000000000649c                EMU_IRQHandler
                0x000000000000649c                FRC_IRQHandler
                0x000000000000649c                CRYOTIMER_IRQHandler
                0x000000000000649c                PCNT0_IRQHandler
                0x000000000000649c                AGC_IRQHandler
                0x000000000000649c                sl_app_properties
                0x000000000000649c                PCNT1_IRQHandler
                0x000000000000649c                ACMP0_IRQHandler
                0x000000000000649c                MemManage_Handler
                0x000000000000649c                USART3_RX_IRQHandler
                0x000000000000649c                RTCC_IRQHandler
                0x000000000000649c                CMU_IRQHandler
                0x000000000000649c                RAC_RSM_IRQHandler
                0x000000000000649c                LESENSE_IRQHandler
                0x000000000000649c                GPIO_ODD_IRQHandler
                0x000000000000649c                USART3_TX_IRQHandler
                0x000000000000649c                PROTIMER_IRQHandler
                0x000000000000649c                BusFault_Handler
                0x000000000000649c                USART2_TX_IRQHandler
                0x000000000000649c                IDAC0_IRQHandler
 *fill*         0x00000000000064a2        0x2 
 .text.SystemCoreClockGet
                0x00000000000064a4       0x40 build/tsb0//opt/gecko_sdk/platform/Device/SiliconLabs/EFR32MG12P/Source/system_efr32mg12p.o
                0x00000000000064a4                SystemCoreClockGet
 .text.SystemMaxCoreClockGet
                0x00000000000064e4       0x14 build/tsb0//opt/gecko_sdk/platform/Device/SiliconLabs/EFR32MG12P/Source/system_efr32mg12p.o
                0x00000000000064e4                SystemMaxCoreClockGet
 .text.SystemHFClockGet
                0x00000000000064f8       0x88 build/tsb0//opt/gecko_sdk/platform/Device/SiliconLabs/EFR32MG12P/Source/system_efr32mg12p.o
                0x00000000000064f8                SystemHFClockGet
 .text.SystemHFXOClockGet
                0x0000000000006580       0x18 build/tsb0//opt/gecko_sdk/platform/Device/SiliconLabs/EFR32MG12P/Source/system_efr32mg12p.o
                0x0000000000006580                SystemHFXOClockGet
 .text.SystemInit
                0x0000000000006598       0x2c build/tsb0//opt/gecko_sdk/platform/Device/SiliconLabs/EFR32MG12P/Source/system_efr32mg12p.o
                0x0000000000006598                SystemInit
 .text.SystemLFRCOClockGet
                0x00000000000065c4       0x12 build/tsb0//opt/gecko_sdk/platform/Device/SiliconLabs/EFR32MG12P/Source/system_efr32mg12p.o
                0x00000000000065c4                SystemLFRCOClockGet
 .text.SystemULFRCOClockGet
                0x00000000000065d6       0x12 build/tsb0//opt/gecko_sdk/platform/Device/SiliconLabs/EFR32MG12P/Source/system_efr32mg12p.o
                0x00000000000065d6                SystemULFRCOClockGet
 .text.SystemLFXOClockGet
                0x00000000000065e8       0x18 build/tsb0//opt/gecko_sdk/platform/Device/SiliconLabs/EFR32MG12P/Source/system_efr32mg12p.o
                0x00000000000065e8                SystemLFXOClockGet
 .text.SystemCoreClockUpdate
                0x0000000000006600        0xc build/tsb0//home/rudolf/node-apps/zoo/thinnect.dev-platforms/make/boards/../../src/boards/tsb0/platform.o
 .text.SYSTEM_GetProdRev
                0x000000000000660c       0x1c build/tsb0//home/rudolf/node-apps/zoo/thinnect.dev-platforms/make/boards/../../src/boards/tsb0/platform.o
 .text.CHIP_Init
                0x0000000000006628       0x90 build/tsb0//home/rudolf/node-apps/zoo/thinnect.dev-platforms/make/boards/../../src/boards/tsb0/platform.o
 .text.PLATFORM_Init
                0x00000000000066b8       0x9c build/tsb0//home/rudolf/node-apps/zoo/thinnect.dev-platforms/make/boards/../../src/boards/tsb0/platform.o
                0x00000000000066b8                PLATFORM_Init
 .text          0x0000000000006754       0x30 /opt/gcc-arm-none-eabi-10.3-2021.10/bin/../lib/gcc/arm-none-eabi/10.3.1/thumb/v7e-m+fp/softfp/libgcc.a(_aeabi_uldivmod.o)
                0x0000000000006754                __aeabi_uldivmod
 .text          0x0000000000006784      0x2d0 /opt/gcc-arm-none-eabi-10.3-2021.10/bin/../lib/gcc/arm-none-eabi/10.3.1/thumb/v7e-m+fp/softfp/libgcc.a(_udivmoddi4.o)
                0x0000000000006784                __udivmoddi4
 .text          0x0000000000006a54        0x4 /opt/gcc-arm-none-eabi-10.3-2021.10/bin/../lib/gcc/arm-none-eabi/10.3.1/thumb/v7e-m+fp/softfp/libgcc.a(_dvmd_tls.o)
                0x0000000000006a54                __aeabi_ldiv0
                0x0000000000006a54                __aeabi_idiv0
 .text.__sflush_r
                0x0000000000006a58      0x130 /opt/gcc-arm-none-eabi-10.3-2021.10/bin/../lib/gcc/arm-none-eabi/10.3.1/../../../../arm-none-eabi/lib/thumb/v7e-m+fp/softfp/libg.a(lib_a-fflush.o)
                0x0000000000006a58                __sflush_r
 .text._fflush_r
                0x0000000000006b88       0x5c /opt/gcc-arm-none-eabi-10.3-2021.10/bin/../lib/gcc/arm-none-eabi/10.3.1/../../../../arm-none-eabi/lib/thumb/v7e-m+fp/softfp/libg.a(lib_a-fflush.o)
                0x0000000000006b88                _fflush_r
 .text.fflush   0x0000000000006be4       0x74 /opt/gcc-arm-none-eabi-10.3-2021.10/bin/../lib/gcc/arm-none-eabi/10.3.1/../../../../arm-none-eabi/lib/thumb/v7e-m+fp/softfp/libg.a(lib_a-fflush.o)
                0x0000000000006be4                fflush
 .text._cleanup_r
                0x0000000000006c58        0xc /opt/gcc-arm-none-eabi-10.3-2021.10/bin/../lib/gcc/arm-none-eabi/10.3.1/../../../../arm-none-eabi/lib/thumb/v7e-m+fp/softfp/libg.a(lib_a-findfp.o)
                0x0000000000006c58                _cleanup_r
 .text.__sinit  0x0000000000006c64      0x10c /opt/gcc-arm-none-eabi-10.3-2021.10/bin/../lib/gcc/arm-none-eabi/10.3.1/../../../../arm-none-eabi/lib/thumb/v7e-m+fp/softfp/libg.a(lib_a-findfp.o)
                0x0000000000006c64                __sinit
 .text.__sfp_lock_acquire
                0x0000000000006d70        0xc /opt/gcc-arm-none-eabi-10.3-2021.10/bin/../lib/gcc/arm-none-eabi/10.3.1/../../../../arm-none-eabi/lib/thumb/v7e-m+fp/softfp/libg.a(lib_a-findfp.o)
                0x0000000000006d70                __sfp_lock_acquire
 .text.__sfp_lock_release
                0x0000000000006d7c        0xc /opt/gcc-arm-none-eabi-10.3-2021.10/bin/../lib/gcc/arm-none-eabi/10.3.1/../../../../arm-none-eabi/lib/thumb/v7e-m+fp/softfp/libg.a(lib_a-findfp.o)
                0x0000000000006d7c                __sfp_lock_release
 .text._malloc_trim_r
                0x0000000000006d88       0xa0 /opt/gcc-arm-none-eabi-10.3-2021.10/bin/../lib/gcc/arm-none-eabi/10.3.1/../../../../arm-none-eabi/lib/thumb/v7e-m+fp/softfp/libg.a(lib_a-freer.o)
                0x0000000000006d88                _malloc_trim_r
 .text._free_r  0x0000000000006e28      0x20c /opt/gcc-arm-none-eabi-10.3-2021.10/bin/../lib/gcc/arm-none-eabi/10.3.1/../../../../arm-none-eabi/lib/thumb/v7e-m+fp/softfp/libg.a(lib_a-freer.o)
                0x0000000000006e28                _free_r
 .text._fwalk_reent
                0x0000000000007034       0x48 /opt/gcc-arm-none-eabi-10.3-2021.10/bin/../lib/gcc/arm-none-eabi/10.3.1/../../../../arm-none-eabi/lib/thumb/v7e-m+fp/softfp/libg.a(lib_a-fwalk.o)
                0x0000000000007034                _fwalk_reent
 .text._fwrite_r
                0x000000000000707c       0xa8 /opt/gcc-arm-none-eabi-10.3-2021.10/bin/../lib/gcc/arm-none-eabi/10.3.1/../../../../arm-none-eabi/lib/thumb/v7e-m+fp/softfp/libg.a(lib_a-fwrite.o)
                0x000000000000707c                _fwrite_r
 .text.fwrite   0x0000000000007124       0x20 /opt/gcc-arm-none-eabi-10.3-2021.10/bin/../lib/gcc/arm-none-eabi/10.3.1/../../../../arm-none-eabi/lib/thumb/v7e-m+fp/softfp/libg.a(lib_a-fwrite.o)
                0x0000000000007124                fwrite
 .text.__retarget_lock_init_recursive
                0x0000000000007144        0x4 /opt/gcc-arm-none-eabi-10.3-2021.10/bin/../lib/gcc/arm-none-eabi/10.3.1/../../../../arm-none-eabi/lib/thumb/v7e-m+fp/softfp/libg.a(lib_a-lock.o)
                0x0000000000007144                __retarget_lock_init_recursive
 .text.__retarget_lock_close_recursive
                0x0000000000007148        0x4 /opt/gcc-arm-none-eabi-10.3-2021.10/bin/../lib/gcc/arm-none-eabi/10.3.1/../../../../arm-none-eabi/lib/thumb/v7e-m+fp/softfp/libg.a(lib_a-lock.o)
                0x0000000000007148                __retarget_lock_close_recursive
 .text.__retarget_lock_acquire_recursive
                0x000000000000714c        0x4 /opt/gcc-arm-none-eabi-10.3-2021.10/bin/../lib/gcc/arm-none-eabi/10.3.1/../../../../arm-none-eabi/lib/thumb/v7e-m+fp/softfp/libg.a(lib_a-lock.o)
                0x000000000000714c                __retarget_lock_acquire_recursive
 .text.__retarget_lock_release_recursive
                0x0000000000007150        0x4 /opt/gcc-arm-none-eabi-10.3-2021.10/bin/../lib/gcc/arm-none-eabi/10.3.1/../../../../arm-none-eabi/lib/thumb/v7e-m+fp/softfp/libg.a(lib_a-lock.o)
                0x0000000000007150                __retarget_lock_release_recursive
 .text._malloc_r
                0x0000000000007154      0x560 /opt/gcc-arm-none-eabi-10.3-2021.10/bin/../lib/gcc/arm-none-eabi/10.3.1/../../../../arm-none-eabi/lib/thumb/v7e-m+fp/softfp/libg.a(lib_a-mallocr.o)
                0x0000000000007154                _malloc_r
 .text          0x00000000000076b4      0x134 /opt/gcc-arm-none-eabi-10.3-2021.10/bin/../lib/gcc/arm-none-eabi/10.3.1/../../../../arm-none-eabi/lib/thumb/v7e-m+fp/softfp/libg.a(lib_a-memcpy.o)
                0x00000000000076b4                memcpy
 .text.memset   0x00000000000077e8       0xa4 /opt/gcc-arm-none-eabi-10.3-2021.10/bin/../lib/gcc/arm-none-eabi/10.3.1/../../../../arm-none-eabi/lib/thumb/v7e-m+fp/softfp/libg.a(lib_a-memset.o)
                0x00000000000077e8                memset
 .text.__malloc_lock
                0x000000000000788c        0xc /opt/gcc-arm-none-eabi-10.3-2021.10/bin/../lib/gcc/arm-none-eabi/10.3.1/../../../../arm-none-eabi/lib/thumb/v7e-m+fp/softfp/libg.a(lib_a-mlock.o)
                0x000000000000788c                __malloc_lock
 .text.__malloc_unlock
                0x0000000000007898        0xc /opt/gcc-arm-none-eabi-10.3-2021.10/bin/../lib/gcc/arm-none-eabi/10.3.1/../../../../arm-none-eabi/lib/thumb/v7e-m+fp/softfp/libg.a(lib_a-mlock.o)
                0x0000000000007898                __malloc_unlock
 .text._sbrk_r  0x00000000000078a4       0x24 /opt/gcc-arm-none-eabi-10.3-2021.10/bin/../lib/gcc/arm-none-eabi/10.3.1/../../../../arm-none-eabi/lib/thumb/v7e-m+fp/softfp/libg.a(lib_a-sbrkr.o)
                0x00000000000078a4                _sbrk_r
 .text.setvbuf  0x00000000000078c8      0x1b0 /opt/gcc-arm-none-eabi-10.3-2021.10/bin/../lib/gcc/arm-none-eabi/10.3.1/../../../../arm-none-eabi/lib/thumb/v7e-m+fp/softfp/libg.a(lib_a-setvbuf.o)
                0x00000000000078c8                setvbuf
 .text.snprintf
                0x0000000000007a78       0x88 /opt/gcc-arm-none-eabi-10.3-2021.10/bin/../lib/gcc/arm-none-eabi/10.3.1/../../../../arm-none-eabi/lib/thumb/v7e-m+fp/softfp/libg.a(lib_a-snprintf.o)
                0x0000000000007a78                snprintf
 .text.__sread  0x0000000000007b00       0x24 /opt/gcc-arm-none-eabi-10.3-2021.10/bin/../lib/gcc/arm-none-eabi/10.3.1/../../../../arm-none-eabi/lib/thumb/v7e-m+fp/softfp/libg.a(lib_a-stdio.o)
                0x0000000000007b00                __sread
 .text.__swrite
                0x0000000000007b24       0x40 /opt/gcc-arm-none-eabi-10.3-2021.10/bin/../lib/gcc/arm-none-eabi/10.3.1/../../../../arm-none-eabi/lib/thumb/v7e-m+fp/softfp/libg.a(lib_a-stdio.o)
                0x0000000000007b24                __swrite
 .text.__sseek  0x0000000000007b64       0x20 /opt/gcc-arm-none-eabi-10.3-2021.10/bin/../lib/gcc/arm-none-eabi/10.3.1/../../../../arm-none-eabi/lib/thumb/v7e-m+fp/softfp/libg.a(lib_a-stdio.o)
                0x0000000000007b64                __sseek
 .text.__sclose
                0x0000000000007b84        0x8 /opt/gcc-arm-none-eabi-10.3-2021.10/bin/../lib/gcc/arm-none-eabi/10.3.1/../../../../arm-none-eabi/lib/thumb/v7e-m+fp/softfp/libg.a(lib_a-stdio.o)
                0x0000000000007b84                __sclose
 *fill*         0x0000000000007b8c        0x4 
 .text._svfprintf_r
                0x0000000000007b90     0x1ac8 /opt/gcc-arm-none-eabi-10.3-2021.10/bin/../lib/gcc/arm-none-eabi/10.3.1/../../../../arm-none-eabi/lib/thumb/v7e-m+fp/softfp/libg.a(lib_a-svfprintf.o)
                0x0000000000007b90                _svfprintf_r
 .text.vsnprintf
                0x0000000000009658       0x70 /opt/gcc-arm-none-eabi-10.3-2021.10/bin/../lib/gcc/arm-none-eabi/10.3.1/../../../../arm-none-eabi/lib/thumb/v7e-m+fp/softfp/libg.a(lib_a-vsnprintf.o)
                0x0000000000009658                vsnprintf
 .text._write_r
                0x00000000000096c8       0x2c /opt/gcc-arm-none-eabi-10.3-2021.10/bin/../lib/gcc/arm-none-eabi/10.3.1/../../../../arm-none-eabi/lib/thumb/v7e-m+fp/softfp/libg.a(lib_a-writer.o)
                0x00000000000096c8                _write_r
 .text._close_r
                0x00000000000096f4       0x24 /opt/gcc-arm-none-eabi-10.3-2021.10/bin/../lib/gcc/arm-none-eabi/10.3.1/../../../../arm-none-eabi/lib/thumb/v7e-m+fp/softfp/libg.a(lib_a-closer.o)
                0x00000000000096f4                _close_r
 .text.quorem   0x0000000000009718      0x128 /opt/gcc-arm-none-eabi-10.3-2021.10/bin/../lib/gcc/arm-none-eabi/10.3.1/../../../../arm-none-eabi/lib/thumb/v7e-m+fp/softfp/libg.a(lib_a-dtoa.o)
 .text._dtoa_r  0x0000000000009840      0xf34 /opt/gcc-arm-none-eabi-10.3-2021.10/bin/../lib/gcc/arm-none-eabi/10.3.1/../../../../arm-none-eabi/lib/thumb/v7e-m+fp/softfp/libg.a(lib_a-dtoa.o)
                0x0000000000009840                _dtoa_r
 .text._fclose_r
                0x000000000000a774       0xcc /opt/gcc-arm-none-eabi-10.3-2021.10/bin/../lib/gcc/arm-none-eabi/10.3.1/../../../../arm-none-eabi/lib/thumb/v7e-m+fp/softfp/libg.a(lib_a-fclose.o)
                0x000000000000a774                _fclose_r
 .text.__sfvwrite_r
                0x000000000000a840      0x2f0 /opt/gcc-arm-none-eabi-10.3-2021.10/bin/../lib/gcc/arm-none-eabi/10.3.1/../../../../arm-none-eabi/lib/thumb/v7e-m+fp/softfp/libg.a(lib_a-fvwrite.o)
                0x000000000000a840                __sfvwrite_r
 .text._localeconv_r
                0x000000000000ab30        0x8 /opt/gcc-arm-none-eabi-10.3-2021.10/bin/../lib/gcc/arm-none-eabi/10.3.1/../../../../arm-none-eabi/lib/thumb/v7e-m+fp/softfp/libg.a(lib_a-localeconv.o)
                0x000000000000ab30                _localeconv_r
 .text._lseek_r
                0x000000000000ab38       0x2c /opt/gcc-arm-none-eabi-10.3-2021.10/bin/../lib/gcc/arm-none-eabi/10.3.1/../../../../arm-none-eabi/lib/thumb/v7e-m+fp/softfp/libg.a(lib_a-lseekr.o)
                0x000000000000ab38                _lseek_r
 .text.__smakebuf_r
                0x000000000000ab64       0xe0 /opt/gcc-arm-none-eabi-10.3-2021.10/bin/../lib/gcc/arm-none-eabi/10.3.1/../../../../arm-none-eabi/lib/thumb/v7e-m+fp/softfp/libg.a(lib_a-makebuf.o)
                0x000000000000ab64                __smakebuf_r
 .text.__swhatbuf_r
                0x000000000000ac44       0x60 /opt/gcc-arm-none-eabi-10.3-2021.10/bin/../lib/gcc/arm-none-eabi/10.3.1/../../../../arm-none-eabi/lib/thumb/v7e-m+fp/softfp/libg.a(lib_a-makebuf.o)
                0x000000000000ac44                __swhatbuf_r
 .text.malloc   0x000000000000aca4       0x10 /opt/gcc-arm-none-eabi-10.3-2021.10/bin/../lib/gcc/arm-none-eabi/10.3.1/../../../../arm-none-eabi/lib/thumb/v7e-m+fp/softfp/libg.a(lib_a-malloc.o)
                0x000000000000aca4                malloc
 *fill*         0x000000000000acb4        0xc 
 .text          0x000000000000acc0       0xa0 /opt/gcc-arm-none-eabi-10.3-2021.10/bin/../lib/gcc/arm-none-eabi/10.3.1/../../../../arm-none-eabi/lib/thumb/v7e-m+fp/softfp/libg.a(lib_a-memchr.o)
                0x000000000000acc0                memchr
 .text.memmove  0x000000000000ad60       0xf8 /opt/gcc-arm-none-eabi-10.3-2021.10/bin/../lib/gcc/arm-none-eabi/10.3.1/../../../../arm-none-eabi/lib/thumb/v7e-m+fp/softfp/libg.a(lib_a-memmove.o)
                0x000000000000ad60                memmove
 .text._Balloc  0x000000000000ae58       0x4c /opt/gcc-arm-none-eabi-10.3-2021.10/bin/../lib/gcc/arm-none-eabi/10.3.1/../../../../arm-none-eabi/lib/thumb/v7e-m+fp/softfp/libg.a(lib_a-mprec.o)
                0x000000000000ae58                _Balloc
 .text._Bfree   0x000000000000aea4       0x14 /opt/gcc-arm-none-eabi-10.3-2021.10/bin/../lib/gcc/arm-none-eabi/10.3.1/../../../../arm-none-eabi/lib/thumb/v7e-m+fp/softfp/libg.a(lib_a-mprec.o)
                0x000000000000aea4                _Bfree
 .text.__multadd
                0x000000000000aeb8       0xa8 /opt/gcc-arm-none-eabi-10.3-2021.10/bin/../lib/gcc/arm-none-eabi/10.3.1/../../../../arm-none-eabi/lib/thumb/v7e-m+fp/softfp/libg.a(lib_a-mprec.o)
                0x000000000000aeb8                __multadd
 .text.__hi0bits
                0x000000000000af60       0x40 /opt/gcc-arm-none-eabi-10.3-2021.10/bin/../lib/gcc/arm-none-eabi/10.3.1/../../../../arm-none-eabi/lib/thumb/v7e-m+fp/softfp/libg.a(lib_a-mprec.o)
                0x000000000000af60                __hi0bits
 .text.__lo0bits
                0x000000000000afa0       0x60 /opt/gcc-arm-none-eabi-10.3-2021.10/bin/../lib/gcc/arm-none-eabi/10.3.1/../../../../arm-none-eabi/lib/thumb/v7e-m+fp/softfp/libg.a(lib_a-mprec.o)
                0x000000000000afa0                __lo0bits
 .text.__i2b    0x000000000000b000       0x5c /opt/gcc-arm-none-eabi-10.3-2021.10/bin/../lib/gcc/arm-none-eabi/10.3.1/../../../../arm-none-eabi/lib/thumb/v7e-m+fp/softfp/libg.a(lib_a-mprec.o)
                0x000000000000b000                __i2b
 .text.__multiply
                0x000000000000b05c      0x15c /opt/gcc-arm-none-eabi-10.3-2021.10/bin/../lib/gcc/arm-none-eabi/10.3.1/../../../../arm-none-eabi/lib/thumb/v7e-m+fp/softfp/libg.a(lib_a-mprec.o)
                0x000000000000b05c                __multiply
 .text.__pow5mult
                0x000000000000b1b8       0xc0 /opt/gcc-arm-none-eabi-10.3-2021.10/bin/../lib/gcc/arm-none-eabi/10.3.1/../../../../arm-none-eabi/lib/thumb/v7e-m+fp/softfp/libg.a(lib_a-mprec.o)
                0x000000000000b1b8                __pow5mult
 .text.__lshift
                0x000000000000b278       0xf0 /opt/gcc-arm-none-eabi-10.3-2021.10/bin/../lib/gcc/arm-none-eabi/10.3.1/../../../../arm-none-eabi/lib/thumb/v7e-m+fp/softfp/libg.a(lib_a-mprec.o)
                0x000000000000b278                __lshift
 .text.__mcmp   0x000000000000b368       0x44 /opt/gcc-arm-none-eabi-10.3-2021.10/bin/../lib/gcc/arm-none-eabi/10.3.1/../../../../arm-none-eabi/lib/thumb/v7e-m+fp/softfp/libg.a(lib_a-mprec.o)
                0x000000000000b368                __mcmp
 .text.__mdiff  0x000000000000b3ac      0x14c /opt/gcc-arm-none-eabi-10.3-2021.10/bin/../lib/gcc/arm-none-eabi/10.3.1/../../../../arm-none-eabi/lib/thumb/v7e-m+fp/softfp/libg.a(lib_a-mprec.o)
                0x000000000000b3ac                __mdiff
 .text.__d2b    0x000000000000b4f8       0xc4 /opt/gcc-arm-none-eabi-10.3-2021.10/bin/../lib/gcc/arm-none-eabi/10.3.1/../../../../arm-none-eabi/lib/thumb/v7e-m+fp/softfp/libg.a(lib_a-mprec.o)
                0x000000000000b4f8                __d2b
 .text._read_r  0x000000000000b5bc       0x2c /opt/gcc-arm-none-eabi-10.3-2021.10/bin/../lib/gcc/arm-none-eabi/10.3.1/../../../../arm-none-eabi/lib/thumb/v7e-m+fp/softfp/libg.a(lib_a-readr.o)
                0x000000000000b5bc                _read_r
 .text._realloc_r
                0x000000000000b5e8      0x3d8 /opt/gcc-arm-none-eabi-10.3-2021.10/bin/../lib/gcc/arm-none-eabi/10.3.1/../../../../arm-none-eabi/lib/thumb/v7e-m+fp/softfp/libg.a(lib_a-reallocr.o)
                0x000000000000b5e8                _realloc_r
 .text.frexp    0x000000000000b9c0       0x70 /opt/gcc-arm-none-eabi-10.3-2021.10/bin/../lib/gcc/arm-none-eabi/10.3.1/../../../../arm-none-eabi/lib/thumb/v7e-m+fp/softfp/libg.a(lib_a-s_frexp.o)
                0x000000000000b9c0                frexp
 *fill*         0x000000000000ba30       0x10 
 .text          0x000000000000ba40       0xdc /opt/gcc-arm-none-eabi-10.3-2021.10/bin/../lib/gcc/arm-none-eabi/10.3.1/../../../../arm-none-eabi/lib/thumb/v7e-m+fp/softfp/libg.a(lib_a-strlen.o)
                0x000000000000ba40                strlen
 .text.strncpy  0x000000000000bb1c       0x64 /opt/gcc-arm-none-eabi-10.3-2021.10/bin/../lib/gcc/arm-none-eabi/10.3.1/../../../../arm-none-eabi/lib/thumb/v7e-m+fp/softfp/libg.a(lib_a-strncpy.o)
                0x000000000000bb1c                strncpy
 .text.__ssprint_r
                0x000000000000bb80       0xf8 /opt/gcc-arm-none-eabi-10.3-2021.10/bin/../lib/gcc/arm-none-eabi/10.3.1/../../../../arm-none-eabi/lib/thumb/v7e-m+fp/softfp/libg.a(lib_a-svfiprintf.o)
                0x000000000000bb80                __ssprint_r
 .text.__swsetup_r
                0x000000000000bc78       0xd4 /opt/gcc-arm-none-eabi-10.3-2021.10/bin/../lib/gcc/arm-none-eabi/10.3.1/../../../../arm-none-eabi/lib/thumb/v7e-m+fp/softfp/libg.a(lib_a-wsetup.o)
                0x000000000000bc78                __swsetup_r
 .text.__assert_func
                0x000000000000bd4c       0x40 /opt/gcc-arm-none-eabi-10.3-2021.10/bin/../lib/gcc/arm-none-eabi/10.3.1/../../../../arm-none-eabi/lib/thumb/v7e-m+fp/softfp/libg.a(lib_a-assert.o)
                0x000000000000bd4c                __assert_func
 .text._calloc_r
                0x000000000000bd8c       0x78 /opt/gcc-arm-none-eabi-10.3-2021.10/bin/../lib/gcc/arm-none-eabi/10.3.1/../../../../arm-none-eabi/lib/thumb/v7e-m+fp/softfp/libg.a(lib_a-callocr.o)
                0x000000000000bd8c                _calloc_r
 .text.__errno  0x000000000000be04        0xc /opt/gcc-arm-none-eabi-10.3-2021.10/bin/../lib/gcc/arm-none-eabi/10.3.1/../../../../arm-none-eabi/lib/thumb/v7e-m+fp/softfp/libg.a(lib_a-errno.o)
                0x000000000000be04                __errno
 .text.fiprintf
                0x000000000000be10       0x28 /opt/gcc-arm-none-eabi-10.3-2021.10/bin/../lib/gcc/arm-none-eabi/10.3.1/../../../../arm-none-eabi/lib/thumb/v7e-m+fp/softfp/libg.a(lib_a-fiprintf.o)
                0x000000000000be10                fiprintf
 .text._fstat_r
                0x000000000000be38       0x2c /opt/gcc-arm-none-eabi-10.3-2021.10/bin/../lib/gcc/arm-none-eabi/10.3.1/../../../../arm-none-eabi/lib/thumb/v7e-m+fp/softfp/libg.a(lib_a-fstatr.o)
                0x000000000000be38                _fstat_r
 .text._isatty_r
                0x000000000000be64       0x24 /opt/gcc-arm-none-eabi-10.3-2021.10/bin/../lib/gcc/arm-none-eabi/10.3.1/../../../../arm-none-eabi/lib/thumb/v7e-m+fp/softfp/libg.a(lib_a-isattyr.o)
                0x000000000000be64                _isatty_r
 .text.__locale_mb_cur_max
                0x000000000000be88        0xc /opt/gcc-arm-none-eabi-10.3-2021.10/bin/../lib/gcc/arm-none-eabi/10.3.1/../../../../arm-none-eabi/lib/thumb/v7e-m+fp/softfp/libg.a(lib_a-locale.o)
                0x000000000000be88                __locale_mb_cur_max
 .text.__ascii_mbtowc
                0x000000000000be94       0x2c /opt/gcc-arm-none-eabi-10.3-2021.10/bin/../lib/gcc/arm-none-eabi/10.3.1/../../../../arm-none-eabi/lib/thumb/v7e-m+fp/softfp/libg.a(lib_a-mbtowc_r.o)
                0x000000000000be94                __ascii_mbtowc
 .text.__sprint_r.part.0
                0x000000000000bec0       0x78 /opt/gcc-arm-none-eabi-10.3-2021.10/bin/../lib/gcc/arm-none-eabi/10.3.1/../../../../arm-none-eabi/lib/thumb/v7e-m+fp/softfp/libg.a(lib_a-vfiprintf.o)
 .text._vfiprintf_r
                0x000000000000bf38      0xdfc /opt/gcc-arm-none-eabi-10.3-2021.10/bin/../lib/gcc/arm-none-eabi/10.3.1/../../../../arm-none-eabi/lib/thumb/v7e-m+fp/softfp/libg.a(lib_a-vfiprintf.o)
                0x000000000000bf38                _vfiprintf_r
 .text.__sbprintf
                0x000000000000cd34       0x80 /opt/gcc-arm-none-eabi-10.3-2021.10/bin/../lib/gcc/arm-none-eabi/10.3.1/../../../../arm-none-eabi/lib/thumb/v7e-m+fp/softfp/libg.a(lib_a-vfiprintf.o)
 .text.__ascii_wctomb
                0x000000000000cdb4       0x1c /opt/gcc-arm-none-eabi-10.3-2021.10/bin/../lib/gcc/arm-none-eabi/10.3.1/../../../../arm-none-eabi/lib/thumb/v7e-m+fp/softfp/libg.a(lib_a-wctomb_r.o)
                0x000000000000cdb4                __ascii_wctomb
 .text.abort    0x000000000000cdd0       0x10 /opt/gcc-arm-none-eabi-10.3-2021.10/bin/../lib/gcc/arm-none-eabi/10.3.1/../../../../arm-none-eabi/lib/thumb/v7e-m+fp/softfp/libg.a(lib_a-abort.o)
                0x000000000000cdd0                abort
 .text.__fputwc
                0x000000000000cde0       0xa8 /opt/gcc-arm-none-eabi-10.3-2021.10/bin/../lib/gcc/arm-none-eabi/10.3.1/../../../../arm-none-eabi/lib/thumb/v7e-m+fp/softfp/libg.a(lib_a-fputwc.o)
                0x000000000000cde0                __fputwc
 .text._fputwc_r
                0x000000000000ce88       0x68 /opt/gcc-arm-none-eabi-10.3-2021.10/bin/../lib/gcc/arm-none-eabi/10.3.1/../../../../arm-none-eabi/lib/thumb/v7e-m+fp/softfp/libg.a(lib_a-fputwc.o)
                0x000000000000ce88                _fputwc_r
 .text.raise    0x000000000000cef0       0x5c /opt/gcc-arm-none-eabi-10.3-2021.10/bin/../lib/gcc/arm-none-eabi/10.3.1/../../../../arm-none-eabi/lib/thumb/v7e-m+fp/softfp/libg.a(lib_a-signal.o)
                0x000000000000cef0                raise
 .text._kill_r  0x000000000000cf4c       0x2c /opt/gcc-arm-none-eabi-10.3-2021.10/bin/../lib/gcc/arm-none-eabi/10.3.1/../../../../arm-none-eabi/lib/thumb/v7e-m+fp/softfp/libg.a(lib_a-signalr.o)
                0x000000000000cf4c                _kill_r
 .text._getpid_r
                0x000000000000cf78        0x4 /opt/gcc-arm-none-eabi-10.3-2021.10/bin/../lib/gcc/arm-none-eabi/10.3.1/../../../../arm-none-eabi/lib/thumb/v7e-m+fp/softfp/libg.a(lib_a-signalr.o)
                0x000000000000cf78                _getpid_r
 .text.__swbuf_r
                0x000000000000cf7c       0xb0 /opt/gcc-arm-none-eabi-10.3-2021.10/bin/../lib/gcc/arm-none-eabi/10.3.1/../../../../arm-none-eabi/lib/thumb/v7e-m+fp/softfp/libg.a(lib_a-wbuf.o)
                0x000000000000cf7c                __swbuf_r
 .text._wcrtomb_r
                0x000000000000d02c       0x3c /opt/gcc-arm-none-eabi-10.3-2021.10/bin/../lib/gcc/arm-none-eabi/10.3.1/../../../../arm-none-eabi/lib/thumb/v7e-m+fp/softfp/libg.a(lib_a-wcrtomb.o)
                0x000000000000d02c                _wcrtomb_r
 .text          0x000000000000d068      0x378 /opt/gcc-arm-none-eabi-10.3-2021.10/bin/../lib/gcc/arm-none-eabi/10.3.1/thumb/v7e-m+fp/softfp/libgcc.a(_arm_addsubdf3.o)
                0x000000000000d068                __aeabi_drsub
                0x000000000000d070                __aeabi_dsub
                0x000000000000d070                __subdf3
                0x000000000000d074                __adddf3
                0x000000000000d074                __aeabi_dadd
                0x000000000000d2ec                __aeabi_ui2d
                0x000000000000d2ec                __floatunsidf
                0x000000000000d30c                __floatsidf
                0x000000000000d30c                __aeabi_i2d
                0x000000000000d330                __extendsfdf2
                0x000000000000d330                __aeabi_f2d
                0x000000000000d374                __aeabi_ul2d
                0x000000000000d374                __floatundidf
                0x000000000000d384                __floatdidf
                0x000000000000d384                __aeabi_l2d
 .text          0x000000000000d3e0      0x424 /opt/gcc-arm-none-eabi-10.3-2021.10/bin/../lib/gcc/arm-none-eabi/10.3.1/thumb/v7e-m+fp/softfp/libgcc.a(_arm_muldivdf3.o)
                0x000000000000d3e0                __aeabi_dmul
                0x000000000000d3e0                __muldf3
                0x000000000000d634                __aeabi_ddiv
                0x000000000000d634                __divdf3
 .text          0x000000000000d804      0x110 /opt/gcc-arm-none-eabi-10.3-2021.10/bin/../lib/gcc/arm-none-eabi/10.3.1/thumb/v7e-m+fp/softfp/libgcc.a(_arm_cmpdf2.o)
                0x000000000000d804                __gtdf2
                0x000000000000d804                __gedf2
                0x000000000000d80c                __ltdf2
                0x000000000000d80c                __ledf2
                0x000000000000d814                __cmpdf2
                0x000000000000d814                __eqdf2
                0x000000000000d814                __nedf2
                0x000000000000d890                __aeabi_cdrcmple
                0x000000000000d8a0                __aeabi_cdcmple
                0x000000000000d8a0                __aeabi_cdcmpeq
                0x000000000000d8b0                __aeabi_dcmpeq
                0x000000000000d8c4                __aeabi_dcmplt
                0x000000000000d8d8                __aeabi_dcmple
                0x000000000000d8ec                __aeabi_dcmpge
                0x000000000000d900                __aeabi_dcmpgt
 .text          0x000000000000d914       0x2c /opt/gcc-arm-none-eabi-10.3-2021.10/bin/../lib/gcc/arm-none-eabi/10.3.1/thumb/v7e-m+fp/softfp/libgcc.a(_arm_unorddf2.o)
                0x000000000000d914                __aeabi_dcmpun
                0x000000000000d914                __unorddf2
 .text          0x000000000000d940       0x50 /opt/gcc-arm-none-eabi-10.3-2021.10/bin/../lib/gcc/arm-none-eabi/10.3.1/thumb/v7e-m+fp/softfp/libgcc.a(_arm_fixdfsi.o)
                0x000000000000d940                __fixdfsi
                0x000000000000d940                __aeabi_d2iz
 .text._sbrk    0x000000000000d990       0x1c /opt/gcc-arm-none-eabi-10.3-2021.10/bin/../lib/gcc/arm-none-eabi/10.3.1/../../../../arm-none-eabi/lib/thumb/v7e-m+fp/softfp/libnosys.a(sbrk.o)
                0x000000000000d990                _sbrk
 *(.init)
 *(.fini)
 *crtbegin.o(.ctors)
 *crtbegin?.o(.ctors)
 *(EXCLUDE_FILE(*crtend.o *crtend?.o) .ctors)
 *(SORT_BY_NAME(.ctors.*))
 *(.ctors)
 *crtbegin.o(.dtors)
 *crtbegin?.o(.dtors)
 *(EXCLUDE_FILE(*crtend.o *crtend?.o) .dtors)
 *(SORT_BY_NAME(.dtors.*))
 *(.dtors)
 *(.rodata*)
 .rodata        0x000000000000d9ac       0xa7 build/tsb0/main.o
                0x000000000000d9ac                gHeaderData
                0x000000000000da39                gHeaderEnd
                0x000000000000da3c                gHeaderSize
 *fill*         0x000000000000da53        0x1 
 .rodata.moduulROM.7
                0x000000000000da54        0x5 build/tsb0/main.o
 *fill*         0x000000000000da59        0x3 
 .rodata.strROM.6
                0x000000000000da5c        0xa build/tsb0/main.o
 *fill*         0x000000000000da66        0x2 
 .rodata.moduulROM.5
                0x000000000000da68        0x5 build/tsb0/main.o
 *fill*         0x000000000000da6d        0x3 
 .rodata.strROM.4
                0x000000000000da70        0x7 build/tsb0/main.o
 *fill*         0x000000000000da77        0x1 
 .rodata.moduulROM.3
                0x000000000000da78        0x5 build/tsb0/main.o
 *fill*         0x000000000000da7d        0x3 
 .rodata.strROM.2
                0x000000000000da80       0x1e build/tsb0/main.o
 *fill*         0x000000000000da9e        0x2 
 .rodata.moduulROM.1
                0x000000000000daa0        0x5 build/tsb0/main.o
 *fill*         0x000000000000daa5        0x3 
 .rodata.strROM.0
                0x000000000000daa8        0xf build/tsb0/main.o
 *fill*         0x000000000000dab7        0x1 
 .rodata        0x000000000000dab8        0x5 build/tsb0//home/rudolf/node-apps/zoo/FreeRTOS-Kernel/tasks.o
 *fill*         0x000000000000dabd        0x3 
 .rodata        0x000000000000dac0        0x8 build/tsb0//home/rudolf/node-apps/zoo/FreeRTOS-Kernel/timers.o
 .rodata        0x000000000000dac8       0x1c build/tsb0//opt/gecko_sdk/hardware/kit/common/drivers/retargetserial.o
 .rodata.flashWsTable
                0x000000000000dae4       0x28 build/tsb0//opt/gecko_sdk/platform/emlib/src/em_cmu.o
 .rodata.resetCauseMasks
                0x000000000000db0c       0x48 build/tsb0//opt/gecko_sdk/platform/emlib/src/em_rmu.o
 .rodata        0x000000000000db54       0x3d build/tsb0//home/rudolf/node-apps/zoo/thinnect.lll/logging/loggers_ext.o
 *fill*         0x000000000000db91        0x3 
 .rodata        0x000000000000db94       0x12 build/tsb0//home/rudolf/node-apps/zoo/thinnect.dev-platforms/make/boards/../../src/boards/tsb0/platform.o
 *fill*         0x000000000000dba6        0x2 
 .rodata._global_impure_ptr
                0x000000000000dba8        0x4 /opt/gcc-arm-none-eabi-10.3-2021.10/bin/../lib/gcc/arm-none-eabi/10.3.1/../../../../arm-none-eabi/lib/thumb/v7e-m+fp/softfp/libg.a(lib_a-impure.o)
                0x000000000000dba8                _global_impure_ptr
 .rodata._svfprintf_r.str1.4
                0x000000000000dbac       0x42 /opt/gcc-arm-none-eabi-10.3-2021.10/bin/../lib/gcc/arm-none-eabi/10.3.1/../../../../arm-none-eabi/lib/thumb/v7e-m+fp/softfp/libg.a(lib_a-svfprintf.o)
 *fill*         0x000000000000dbee        0x2 
 .rodata.blanks.1
                0x000000000000dbf0       0x10 /opt/gcc-arm-none-eabi-10.3-2021.10/bin/../lib/gcc/arm-none-eabi/10.3.1/../../../../arm-none-eabi/lib/thumb/v7e-m+fp/softfp/libg.a(lib_a-svfprintf.o)
 .rodata.zeroes.0
                0x000000000000dc00       0x10 /opt/gcc-arm-none-eabi-10.3-2021.10/bin/../lib/gcc/arm-none-eabi/10.3.1/../../../../arm-none-eabi/lib/thumb/v7e-m+fp/softfp/libg.a(lib_a-svfprintf.o)
 .rodata._dtoa_r.str1.4
                0x000000000000dc10       0xa2 /opt/gcc-arm-none-eabi-10.3-2021.10/bin/../lib/gcc/arm-none-eabi/10.3.1/../../../../arm-none-eabi/lib/thumb/v7e-m+fp/softfp/libg.a(lib_a-dtoa.o)
                                         0xa6 (size before relaxing)
 *fill*         0x000000000000dcb2        0x2 
 .rodata.__multadd.str1.4
                0x000000000000dcb4       0x7f /opt/gcc-arm-none-eabi-10.3-2021.10/bin/../lib/gcc/arm-none-eabi/10.3.1/../../../../arm-none-eabi/lib/thumb/v7e-m+fp/softfp/libg.a(lib_a-mprec.o)
                                         0x93 (size before relaxing)
 *fill*         0x000000000000dd33        0x5 
 .rodata.__mprec_bigtens
                0x000000000000dd38       0x28 /opt/gcc-arm-none-eabi-10.3-2021.10/bin/../lib/gcc/arm-none-eabi/10.3.1/../../../../arm-none-eabi/lib/thumb/v7e-m+fp/softfp/libg.a(lib_a-mprec.o)
                0x000000000000dd38                __mprec_bigtens
 .rodata.__mprec_tens
                0x000000000000dd60       0xc8 /opt/gcc-arm-none-eabi-10.3-2021.10/bin/../lib/gcc/arm-none-eabi/10.3.1/../../../../arm-none-eabi/lib/thumb/v7e-m+fp/softfp/libg.a(lib_a-mprec.o)
                0x000000000000dd60                __mprec_tens
 .rodata.p05.0  0x000000000000de28        0xc /opt/gcc-arm-none-eabi-10.3-2021.10/bin/../lib/gcc/arm-none-eabi/10.3.1/../../../../arm-none-eabi/lib/thumb/v7e-m+fp/softfp/libg.a(lib_a-mprec.o)
 .rodata.__assert_func.str1.4
                0x000000000000de34       0x3f /opt/gcc-arm-none-eabi-10.3-2021.10/bin/../lib/gcc/arm-none-eabi/10.3.1/../../../../arm-none-eabi/lib/thumb/v7e-m+fp/softfp/libg.a(lib_a-assert.o)
                                         0x43 (size before relaxing)
 *fill*         0x000000000000de73        0x1 
 .rodata._setlocale_r.str1.4
                0x000000000000de74        0xa /opt/gcc-arm-none-eabi-10.3-2021.10/bin/../lib/gcc/arm-none-eabi/10.3.1/../../../../arm-none-eabi/lib/thumb/v7e-m+fp/softfp/libg.a(lib_a-locale.o)
                                          0xd (size before relaxing)
 *fill*         0x000000000000de7e        0x2 
 .rodata.str1.4
                0x000000000000de80        0x2 /opt/gcc-arm-none-eabi-10.3-2021.10/bin/../lib/gcc/arm-none-eabi/10.3.1/../../../../arm-none-eabi/lib/thumb/v7e-m+fp/softfp/libg.a(lib_a-locale.o)
 .rodata._vfiprintf_r.str1.4
                0x000000000000de82       0x2f /opt/gcc-arm-none-eabi-10.3-2021.10/bin/../lib/gcc/arm-none-eabi/10.3.1/../../../../arm-none-eabi/lib/thumb/v7e-m+fp/softfp/libg.a(lib_a-vfiprintf.o)
 *fill*         0x000000000000de82        0x2 
 .rodata.blanks.1
                0x000000000000de84       0x10 /opt/gcc-arm-none-eabi-10.3-2021.10/bin/../lib/gcc/arm-none-eabi/10.3.1/../../../../arm-none-eabi/lib/thumb/v7e-m+fp/softfp/libg.a(lib_a-vfiprintf.o)
 .rodata.zeroes.0
                0x000000000000de94       0x10 /opt/gcc-arm-none-eabi-10.3-2021.10/bin/../lib/gcc/arm-none-eabi/10.3.1/../../../../arm-none-eabi/lib/thumb/v7e-m+fp/softfp/libg.a(lib_a-vfiprintf.o)
 .rodata._ctype_
                0x000000000000dea4      0x101 /opt/gcc-arm-none-eabi-10.3-2021.10/bin/../lib/gcc/arm-none-eabi/10.3.1/../../../../arm-none-eabi/lib/thumb/v7e-m+fp/softfp/libg.a(lib_a-ctype_.o)
                0x000000000000dea4                _ctype_
 *(.eh_frame*)

.glue_7         0x000000000000dfa8        0x0
 .glue_7        0x000000000000dfa8        0x0 linker stubs

.glue_7t        0x000000000000dfa8        0x0
 .glue_7t       0x000000000000dfa8        0x0 linker stubs

.vfp11_veneer   0x000000000000dfa8        0x0
 .vfp11_veneer  0x000000000000dfa8        0x0 linker stubs

.v4_bx          0x000000000000dfa8        0x0
 .v4_bx         0x000000000000dfa8        0x0 linker stubs

.iplt           0x000000000000dfa8        0x0
 .iplt          0x000000000000dfa8        0x0 build/tsb0/main.o

.ARM.extab
 *(.ARM.extab* .gnu.linkonce.armextab.*)
                0x000000000000dfa5                __exidx_start = .

.ARM.exidx      0x000000000000dfa8        0x8
 *(.ARM.exidx* .gnu.linkonce.armexidx.*)
 .ARM.exidx     0x000000000000dfa8        0x8 /opt/gcc-arm-none-eabi-10.3-2021.10/bin/../lib/gcc/arm-none-eabi/10.3.1/thumb/v7e-m+fp/softfp/libgcc.a(_udivmoddi4.o)
                0x000000000000dfb0                __exidx_end = .
                0x000000000000dfb0                __etext = .

.rel.dyn        0x000000000000dfb0        0x0
 .rel.iplt      0x000000000000dfb0        0x0 build/tsb0/main.o

.data           0x0000000020000000      0x9d4 load address 0x000000000000dfb0
                0x0000000020000000                __data_start__ = .
 *(vtable)
 *(.data*)
 .data.uxCriticalNesting
                0x0000000020000000        0x4 build/tsb0//home/rudolf/node-apps/zoo/FreeRTOS-Kernel/portable/GCC/ARM_CM4F/port.o
 .data.xHeapRegions
                0x0000000020000004       0x10 build/tsb0//home/rudolf/node-apps/zoo/thinnect.cmsis-freertos/CMSIS-FreeRTOS/CMSIS/RTOS2/FreeRTOS/Source/cmsis_os2.o
 .data.auxHfrcoFreq
                0x0000000020000014        0x4 build/tsb0//opt/gecko_sdk/platform/emlib/src/em_cmu.o
 .data.SystemHFXOClock
                0x0000000020000018        0x4 build/tsb0//opt/gecko_sdk/platform/Device/SiliconLabs/EFR32MG12P/Source/system_efr32mg12p.o
 .data.SystemLFXOClock
                0x000000002000001c        0x4 build/tsb0//opt/gecko_sdk/platform/Device/SiliconLabs/EFR32MG12P/Source/system_efr32mg12p.o
 .data.SystemCoreClock
                0x0000000020000020        0x4 build/tsb0//opt/gecko_sdk/platform/Device/SiliconLabs/EFR32MG12P/Source/system_efr32mg12p.o
                0x0000000020000020                SystemCoreClock
 .data.SystemHfrcoFreq
                0x0000000020000024        0x4 build/tsb0//opt/gecko_sdk/platform/Device/SiliconLabs/EFR32MG12P/Source/system_efr32mg12p.o
                0x0000000020000024                SystemHfrcoFreq
 .data._impure_ptr
                0x0000000020000028        0x4 /opt/gcc-arm-none-eabi-10.3-2021.10/bin/../lib/gcc/arm-none-eabi/10.3.1/../../../../arm-none-eabi/lib/thumb/v7e-m+fp/softfp/libg.a(lib_a-impure.o)
                0x0000000020000028                _impure_ptr
 *fill*         0x000000002000002c        0x4 
 .data.impure_data
                0x0000000020000030      0x428 /opt/gcc-arm-none-eabi-10.3-2021.10/bin/../lib/gcc/arm-none-eabi/10.3.1/../../../../arm-none-eabi/lib/thumb/v7e-m+fp/softfp/libg.a(lib_a-impure.o)
 .data.__malloc_av_
                0x0000000020000458      0x408 /opt/gcc-arm-none-eabi-10.3-2021.10/bin/../lib/gcc/arm-none-eabi/10.3.1/../../../../arm-none-eabi/lib/thumb/v7e-m+fp/softfp/libg.a(lib_a-mallocr.o)
                0x0000000020000458                __malloc_av_
 .data.__malloc_sbrk_base
                0x0000000020000860        0x4 /opt/gcc-arm-none-eabi-10.3-2021.10/bin/../lib/gcc/arm-none-eabi/10.3.1/../../../../arm-none-eabi/lib/thumb/v7e-m+fp/softfp/libg.a(lib_a-mallocr.o)
                0x0000000020000860                __malloc_sbrk_base
 .data.__malloc_trim_threshold
                0x0000000020000864        0x4 /opt/gcc-arm-none-eabi-10.3-2021.10/bin/../lib/gcc/arm-none-eabi/10.3.1/../../../../arm-none-eabi/lib/thumb/v7e-m+fp/softfp/libg.a(lib_a-mallocr.o)
                0x0000000020000864                __malloc_trim_threshold
 .data.__global_locale
                0x0000000020000868      0x16c /opt/gcc-arm-none-eabi-10.3-2021.10/bin/../lib/gcc/arm-none-eabi/10.3.1/../../../../arm-none-eabi/lib/thumb/v7e-m+fp/softfp/libg.a(lib_a-locale.o)
                0x0000000020000868                __global_locale
                0x00000000200009d4                . = ALIGN (0x4)
                [!provide]                        PROVIDE (__ram_func_section_start = .)
 *(.ram)
                [!provide]                        PROVIDE (__ram_func_section_end = .)
                0x00000000200009d4                . = ALIGN (0x4)
                [!provide]                        PROVIDE (__preinit_array_start = .)
 *(.preinit_array)
                [!provide]                        PROVIDE (__preinit_array_end = .)
                0x00000000200009d4                . = ALIGN (0x4)
                [!provide]                        PROVIDE (__init_array_start = .)
 *(SORT_BY_NAME(.init_array.*))
 *(.init_array)
                [!provide]                        PROVIDE (__init_array_end = .)
                0x00000000200009d4                . = ALIGN (0x4)
                [!provide]                        PROVIDE (__fini_array_start = .)
 *(SORT_BY_NAME(.fini_array.*))
 *(.fini_array)
                [!provide]                        PROVIDE (__fini_array_end = .)
 *(.jcr*)
                0x00000000200009d4                . = ALIGN (0x4)
                0x00000000200009d4                __data_end__ = .

.igot.plt       0x00000000200009d4        0x0 load address 0x000000000000e984
 .igot.plt      0x00000000200009d4        0x0 build/tsb0/main.o

.bss            0x00000000200009d4     0xbbf0 load address 0x000000000000e984
                0x00000000200009d4                . = ALIGN (0x4)
                0x00000000200009d4                __bss_start__ = .
 *(.bss*)
 .bss.buttonThreadId
                0x00000000200009d4        0x4 build/tsb0/main.o
 .bss.buttonPressed
                0x00000000200009d8        0x2 build/tsb0/main.o
 .bss.ucMaxSysCallPriority
                0x00000000200009da        0x1 build/tsb0//home/rudolf/node-apps/zoo/FreeRTOS-Kernel/portable/GCC/ARM_CM4F/port.o
 *fill*         0x00000000200009db        0x1 
 .bss.ulMaxPRIGROUPValue
                0x00000000200009dc        0x4 build/tsb0//home/rudolf/node-apps/zoo/FreeRTOS-Kernel/portable/GCC/ARM_CM4F/port.o
 .bss.xStart    0x00000000200009e0        0x8 build/tsb0//home/rudolf/node-apps/zoo/FreeRTOS-Kernel/portable/MemMang/heap_5.o
 .bss.pxEnd     0x00000000200009e8        0x4 build/tsb0//home/rudolf/node-apps/zoo/FreeRTOS-Kernel/portable/MemMang/heap_5.o
 .bss.xFreeBytesRemaining
                0x00000000200009ec        0x4 build/tsb0//home/rudolf/node-apps/zoo/FreeRTOS-Kernel/portable/MemMang/heap_5.o
 .bss.xMinimumEverFreeBytesRemaining
                0x00000000200009f0        0x4 build/tsb0//home/rudolf/node-apps/zoo/FreeRTOS-Kernel/portable/MemMang/heap_5.o
 .bss.xNumberOfSuccessfulAllocations
                0x00000000200009f4        0x4 build/tsb0//home/rudolf/node-apps/zoo/FreeRTOS-Kernel/portable/MemMang/heap_5.o
 .bss.xNumberOfSuccessfulFrees
                0x00000000200009f8        0x4 build/tsb0//home/rudolf/node-apps/zoo/FreeRTOS-Kernel/portable/MemMang/heap_5.o
 .bss.xBlockAllocatedBit
                0x00000000200009fc        0x4 build/tsb0//home/rudolf/node-apps/zoo/FreeRTOS-Kernel/portable/MemMang/heap_5.o
 .bss.pxCurrentTCB
                0x0000000020000a00        0x4 build/tsb0//home/rudolf/node-apps/zoo/FreeRTOS-Kernel/tasks.o
                0x0000000020000a00                pxCurrentTCB
 .bss.pxReadyTasksLists
                0x0000000020000a04      0x460 build/tsb0//home/rudolf/node-apps/zoo/FreeRTOS-Kernel/tasks.o
 .bss.xDelayedTaskList1
                0x0000000020000e64       0x14 build/tsb0//home/rudolf/node-apps/zoo/FreeRTOS-Kernel/tasks.o
 .bss.xDelayedTaskList2
                0x0000000020000e78       0x14 build/tsb0//home/rudolf/node-apps/zoo/FreeRTOS-Kernel/tasks.o
 .bss.pxDelayedTaskList
                0x0000000020000e8c        0x4 build/tsb0//home/rudolf/node-apps/zoo/FreeRTOS-Kernel/tasks.o
 .bss.pxOverflowDelayedTaskList
                0x0000000020000e90        0x4 build/tsb0//home/rudolf/node-apps/zoo/FreeRTOS-Kernel/tasks.o
 .bss.xPendingReadyList
                0x0000000020000e94       0x14 build/tsb0//home/rudolf/node-apps/zoo/FreeRTOS-Kernel/tasks.o
 .bss.xTasksWaitingTermination
                0x0000000020000ea8       0x14 build/tsb0//home/rudolf/node-apps/zoo/FreeRTOS-Kernel/tasks.o
 .bss.uxDeletedTasksWaitingCleanUp
                0x0000000020000ebc        0x4 build/tsb0//home/rudolf/node-apps/zoo/FreeRTOS-Kernel/tasks.o
 .bss.xSuspendedTaskList
                0x0000000020000ec0       0x14 build/tsb0//home/rudolf/node-apps/zoo/FreeRTOS-Kernel/tasks.o
 .bss.uxCurrentNumberOfTasks
                0x0000000020000ed4        0x4 build/tsb0//home/rudolf/node-apps/zoo/FreeRTOS-Kernel/tasks.o
 .bss.xTickCount
                0x0000000020000ed8        0x4 build/tsb0//home/rudolf/node-apps/zoo/FreeRTOS-Kernel/tasks.o
 .bss.uxTopReadyPriority
                0x0000000020000edc        0x4 build/tsb0//home/rudolf/node-apps/zoo/FreeRTOS-Kernel/tasks.o
 .bss.xSchedulerRunning
                0x0000000020000ee0        0x4 build/tsb0//home/rudolf/node-apps/zoo/FreeRTOS-Kernel/tasks.o
 .bss.xPendedTicks
                0x0000000020000ee4        0x4 build/tsb0//home/rudolf/node-apps/zoo/FreeRTOS-Kernel/tasks.o
 .bss.xYieldPending
                0x0000000020000ee8        0x4 build/tsb0//home/rudolf/node-apps/zoo/FreeRTOS-Kernel/tasks.o
 .bss.xNumOfOverflows
                0x0000000020000eec        0x4 build/tsb0//home/rudolf/node-apps/zoo/FreeRTOS-Kernel/tasks.o
 .bss.uxTaskNumber
                0x0000000020000ef0        0x4 build/tsb0//home/rudolf/node-apps/zoo/FreeRTOS-Kernel/tasks.o
 .bss.xNextTaskUnblockTime
                0x0000000020000ef4        0x4 build/tsb0//home/rudolf/node-apps/zoo/FreeRTOS-Kernel/tasks.o
 .bss.xIdleTaskHandle
                0x0000000020000ef8        0x4 build/tsb0//home/rudolf/node-apps/zoo/FreeRTOS-Kernel/tasks.o
 .bss.uxSchedulerSuspended
                0x0000000020000efc        0x4 build/tsb0//home/rudolf/node-apps/zoo/FreeRTOS-Kernel/tasks.o
 .bss.xActiveTimerList1
                0x0000000020000f00       0x14 build/tsb0//home/rudolf/node-apps/zoo/FreeRTOS-Kernel/timers.o
 .bss.xActiveTimerList2
                0x0000000020000f14       0x14 build/tsb0//home/rudolf/node-apps/zoo/FreeRTOS-Kernel/timers.o
 .bss.pxCurrentTimerList
                0x0000000020000f28        0x4 build/tsb0//home/rudolf/node-apps/zoo/FreeRTOS-Kernel/timers.o
 .bss.pxOverflowTimerList
                0x0000000020000f2c        0x4 build/tsb0//home/rudolf/node-apps/zoo/FreeRTOS-Kernel/timers.o
 .bss.xTimerQueue
                0x0000000020000f30        0x4 build/tsb0//home/rudolf/node-apps/zoo/FreeRTOS-Kernel/timers.o
 .bss.xTimerTaskHandle
                0x0000000020000f34        0x4 build/tsb0//home/rudolf/node-apps/zoo/FreeRTOS-Kernel/timers.o
 .bss.xLastTime.2
                0x0000000020000f38        0x4 build/tsb0//home/rudolf/node-apps/zoo/FreeRTOS-Kernel/timers.o
 .bss.ucStaticTimerQueueStorage.1
                0x0000000020000f3c      0x500 build/tsb0//home/rudolf/node-apps/zoo/FreeRTOS-Kernel/timers.o
 .bss.xStaticTimerQueue.0
                0x000000002000143c       0x50 build/tsb0//home/rudolf/node-apps/zoo/FreeRTOS-Kernel/timers.o
 .bss.KernelState
                0x000000002000148c        0x4 build/tsb0//home/rudolf/node-apps/zoo/thinnect.cmsis-freertos/CMSIS-FreeRTOS/CMSIS/RTOS2/FreeRTOS/Source/cmsis_os2.o
 .bss.ucHeap    0x0000000020001490     0xa000 build/tsb0//home/rudolf/node-apps/zoo/thinnect.cmsis-freertos/CMSIS-FreeRTOS/CMSIS/RTOS2/FreeRTOS/Source/cmsis_os2.o
 .bss.Idle_TCB.3
                0x000000002000b490       0x60 build/tsb0//home/rudolf/node-apps/zoo/thinnect.cmsis-freertos/CMSIS-FreeRTOS/CMSIS/RTOS2/FreeRTOS/Source/cmsis_os2.o
 .bss.Idle_Stack.2
                0x000000002000b4f0      0x800 build/tsb0//home/rudolf/node-apps/zoo/thinnect.cmsis-freertos/CMSIS-FreeRTOS/CMSIS/RTOS2/FreeRTOS/Source/cmsis_os2.o
 .bss.Timer_TCB.1
                0x000000002000bcf0       0x60 build/tsb0//home/rudolf/node-apps/zoo/thinnect.cmsis-freertos/CMSIS-FreeRTOS/CMSIS/RTOS2/FreeRTOS/Source/cmsis_os2.o
 .bss.Timer_Stack.0
                0x000000002000bd50      0x800 build/tsb0//home/rudolf/node-apps/zoo/thinnect.cmsis-freertos/CMSIS-FreeRTOS/CMSIS/RTOS2/FreeRTOS/Source/cmsis_os2.o
 .bss.rxReadIndex
                0x000000002000c550        0x4 build/tsb0//opt/gecko_sdk/hardware/kit/common/drivers/retargetserial.o
 .bss.rxWriteIndex
                0x000000002000c554        0x4 build/tsb0//opt/gecko_sdk/hardware/kit/common/drivers/retargetserial.o
 .bss.rxCount   0x000000002000c558        0x4 build/tsb0//opt/gecko_sdk/hardware/kit/common/drivers/retargetserial.o
 .bss.rxBuffer  0x000000002000c55c        0x8 build/tsb0//opt/gecko_sdk/hardware/kit/common/drivers/retargetserial.o
 .bss.LFtoCRLF  0x000000002000c564        0x1 build/tsb0//opt/gecko_sdk/hardware/kit/common/drivers/retargetserial.o
 .bss.initialized
                0x000000002000c565        0x1 build/tsb0//opt/gecko_sdk/hardware/kit/common/drivers/retargetserial.o
 *fill*         0x000000002000c566        0x2 
 .bss.vScaleEM01Config
                0x000000002000c568        0x1 build/tsb0//opt/gecko_sdk/platform/emlib/src/em_emu.o
 *fill*         0x000000002000c569        0x3 
 .bss.log_mutex
                0x000000002000c56c        0x4 build/tsb0//home/rudolf/node-apps/zoo/thinnect.node-platform/silabs/logger_fwrite.o
 .bss.log_put_func
                0x000000002000c570        0x4 build/tsb0//home/rudolf/node-apps/zoo/thinnect.lll/logging/loggers_ext.o
 .bss.log_time_func
                0x000000002000c574        0x4 build/tsb0//home/rudolf/node-apps/zoo/thinnect.lll/logging/loggers_ext.o
 .bss.log_level
                0x000000002000c578        0x2 build/tsb0//home/rudolf/node-apps/zoo/thinnect.lll/logging/loggers_ext.o
 *fill*         0x000000002000c57a        0x2 
 .bss.__lock___malloc_recursive_mutex
                0x000000002000c57c        0x1 /opt/gcc-arm-none-eabi-10.3-2021.10/bin/../lib/gcc/arm-none-eabi/10.3.1/../../../../arm-none-eabi/lib/thumb/v7e-m+fp/softfp/libg.a(lib_a-lock.o)
                0x000000002000c57c                __lock___malloc_recursive_mutex
 *fill*         0x000000002000c57d        0x3 
 .bss.__lock___sfp_recursive_mutex
                0x000000002000c580        0x1 /opt/gcc-arm-none-eabi-10.3-2021.10/bin/../lib/gcc/arm-none-eabi/10.3.1/../../../../arm-none-eabi/lib/thumb/v7e-m+fp/softfp/libg.a(lib_a-lock.o)
                0x000000002000c580                __lock___sfp_recursive_mutex